Archive member included to satisfy reference by file (symbol)

/opt/homebrew/Cellar/arm-none-eabi-gcc/10-2020-q4-major/gcc/bin/../lib/gcc/arm-none-eabi/10.2.1/../../../../arm-none-eabi/lib/thumb/v6-m/nofp/libm.a(lib_a-s_fmax.o)
                              CMakeFiles/P2.dir/Users/deemo/Desktop/workspace/Drone/BD/software/lib/ESC/esc.c.obj (fmax)
/opt/homebrew/Cellar/arm-none-eabi-gcc/10-2020-q4-major/gcc/bin/../lib/gcc/arm-none-eabi/10.2.1/../../../../arm-none-eabi/lib/thumb/v6-m/nofp/libm.a(lib_a-s_fmin.o)
                              CMakeFiles/P2.dir/Users/deemo/Desktop/workspace/Drone/BD/software/lib/ESC/esc.c.obj (fmin)
/opt/homebrew/Cellar/arm-none-eabi-gcc/10-2020-q4-major/gcc/bin/../lib/gcc/arm-none-eabi/10.2.1/../../../../arm-none-eabi/lib/thumb/v6-m/nofp/libm.a(lib_a-s_fpclassify.o)
                              /opt/homebrew/Cellar/arm-none-eabi-gcc/10-2020-q4-major/gcc/bin/../lib/gcc/arm-none-eabi/10.2.1/../../../../arm-none-eabi/lib/thumb/v6-m/nofp/libm.a(lib_a-s_fmax.o) (__fpclassifyd)
/opt/homebrew/Cellar/arm-none-eabi-gcc/10-2020-q4-major/gcc/bin/../lib/gcc/arm-none-eabi/10.2.1/thumb/v6-m/nofp/libgcc.a(_dvmd_tls.o)
                              CMakeFiles/P2.dir/Users/deemo/Desktop/workspace/pico/pico-sdk/src/rp2_common/pico_divider/divider.S.obj (__aeabi_idiv0)
/opt/homebrew/Cellar/arm-none-eabi-gcc/10-2020-q4-major/gcc/bin/../lib/gcc/arm-none-eabi/10.2.1/../../../../arm-none-eabi/lib/thumb/v6-m/nofp/libc.a(lib_a-calloc.o)
                              CMakeFiles/P2.dir/Users/deemo/Desktop/workspace/pico/pico-sdk/src/rp2_common/pico_malloc/pico_malloc.c.obj (calloc)
/opt/homebrew/Cellar/arm-none-eabi-gcc/10-2020-q4-major/gcc/bin/../lib/gcc/arm-none-eabi/10.2.1/../../../../arm-none-eabi/lib/thumb/v6-m/nofp/libc.a(lib_a-callocr.o)
                              /opt/homebrew/Cellar/arm-none-eabi-gcc/10-2020-q4-major/gcc/bin/../lib/gcc/arm-none-eabi/10.2.1/../../../../arm-none-eabi/lib/thumb/v6-m/nofp/libc.a(lib_a-calloc.o) (_calloc_r)
/opt/homebrew/Cellar/arm-none-eabi-gcc/10-2020-q4-major/gcc/bin/../lib/gcc/arm-none-eabi/10.2.1/../../../../arm-none-eabi/lib/thumb/v6-m/nofp/libc.a(lib_a-impure.o)
                              /opt/homebrew/Cellar/arm-none-eabi-gcc/10-2020-q4-major/gcc/bin/../lib/gcc/arm-none-eabi/10.2.1/../../../../arm-none-eabi/lib/thumb/v6-m/nofp/libc.a(lib_a-calloc.o) (_impure_ptr)
/opt/homebrew/Cellar/arm-none-eabi-gcc/10-2020-q4-major/gcc/bin/../lib/gcc/arm-none-eabi/10.2.1/../../../../arm-none-eabi/lib/thumb/v6-m/nofp/libc.a(lib_a-init.o)
                              /opt/homebrew/Cellar/arm-none-eabi-gcc/10-2020-q4-major/gcc/bin/../lib/gcc/arm-none-eabi/10.2.1/../../../../arm-none-eabi/lib/thumb/v6-m/nofp/crt0.o (__libc_init_array)
/opt/homebrew/Cellar/arm-none-eabi-gcc/10-2020-q4-major/gcc/bin/../lib/gcc/arm-none-eabi/10.2.1/../../../../arm-none-eabi/lib/thumb/v6-m/nofp/libc.a(lib_a-malloc.o)
                              CMakeFiles/P2.dir/Users/deemo/Desktop/workspace/pico/pico-sdk/src/rp2_common/pico_malloc/pico_malloc.c.obj (malloc)
/opt/homebrew/Cellar/arm-none-eabi-gcc/10-2020-q4-major/gcc/bin/../lib/gcc/arm-none-eabi/10.2.1/../../../../arm-none-eabi/lib/thumb/v6-m/nofp/libc.a(lib_a-mallocr.o)
                              /opt/homebrew/Cellar/arm-none-eabi-gcc/10-2020-q4-major/gcc/bin/../lib/gcc/arm-none-eabi/10.2.1/../../../../arm-none-eabi/lib/thumb/v6-m/nofp/libc.a(lib_a-callocr.o) (_malloc_r)
/opt/homebrew/Cellar/arm-none-eabi-gcc/10-2020-q4-major/gcc/bin/../lib/gcc/arm-none-eabi/10.2.1/../../../../arm-none-eabi/lib/thumb/v6-m/nofp/libc.a(lib_a-memcmp.o)
                              CMakeFiles/P2.dir/Users/deemo/Desktop/workspace/pico/pico-sdk/lib/cyw43-driver/src/cyw43_ll.c.obj (memcmp)
/opt/homebrew/Cellar/arm-none-eabi-gcc/10-2020-q4-major/gcc/bin/../lib/gcc/arm-none-eabi/10.2.1/../../../../arm-none-eabi/lib/thumb/v6-m/nofp/libc.a(lib_a-memmove.o)
                              CMakeFiles/P2.dir/Users/deemo/Desktop/workspace/pico/pico-sdk/lib/cyw43-driver/src/cyw43_ll.c.obj (memmove)
/opt/homebrew/Cellar/arm-none-eabi-gcc/10-2020-q4-major/gcc/bin/../lib/gcc/arm-none-eabi/10.2.1/../../../../arm-none-eabi/lib/thumb/v6-m/nofp/libc.a(lib_a-mlock.o)
                              /opt/homebrew/Cellar/arm-none-eabi-gcc/10-2020-q4-major/gcc/bin/../lib/gcc/arm-none-eabi/10.2.1/../../../../arm-none-eabi/lib/thumb/v6-m/nofp/libc.a(lib_a-mallocr.o) (__malloc_lock)
/opt/homebrew/Cellar/arm-none-eabi-gcc/10-2020-q4-major/gcc/bin/../lib/gcc/arm-none-eabi/10.2.1/../../../../arm-none-eabi/lib/thumb/v6-m/nofp/libc.a(lib_a-realloc.o)
                              CMakeFiles/P2.dir/Users/deemo/Desktop/workspace/pico/pico-sdk/src/rp2_common/pico_malloc/pico_malloc.c.obj (realloc)
/opt/homebrew/Cellar/arm-none-eabi-gcc/10-2020-q4-major/gcc/bin/../lib/gcc/arm-none-eabi/10.2.1/../../../../arm-none-eabi/lib/thumb/v6-m/nofp/libc.a(lib_a-reallocr.o)
[...]
Memory Configuration

Name             Origin             Length             Attributes
FLASH            0x0000000010000000 0x0000000000200000 xr
RAM              0x0000000020000000 0x0000000000040000 xrw
SCRATCH_X        0x0000000020040000 0x0000000000001000 xrw
SCRATCH_Y        0x0000000020041000 0x0000000000001000 xrw
*default*        0x0000000000000000 0xffffffffffffffff

Linker script and memory map

LOAD /opt/homebrew/Cellar/arm-none-eabi-gcc/10-2020-q4-major/gcc/bin/../lib/gcc/arm-none-eabi/10.2.1/thumb/v6-m/nofp/crti.o
LOAD /opt/homebrew/Cellar/arm-none-eabi-gcc/10-2020-q4-major/gcc/bin/../lib/gcc/arm-none-eabi/10.2.1/thumb/v6-m/nofp/crtbegin.o
LOAD /opt/homebrew/Cellar/arm-none-eabi-gcc/10-2020-q4-major/gcc/bin/../lib/gcc/arm-none-eabi/10.2.1/../../../../arm-none-eabi/lib/thumb/v6-m/nofp/crt0.o

.flash_begin    0x0000000010000000        0x0
                0x0000000010000000                __flash_binary_start = .

.boot2          0x0000000010000000      0x100
                0x0000000010000000                __boot2_start__ = .
 *(.boot2)
 .boot2         0x0000000010000000      0x100 /var/folders/cq/cqm68txs2bb19051cyzl5q5h0000gn/T//ccgJDwbY.o
                0x0000000010000100                __boot2_end__ = .
                0x0000000000000001                ASSERT (((__boot2_end__ - __boot2_start__) == 0x100), ERROR: Pico second stage bootloader must be 256 bytes in size)

.text           0x0000000010000100     0xad30
                0x0000000010000100                __logical_binary_start = .
 *(.vectors)
 .vectors       0x0000000010000100       0xd4 CMakeFiles/P2.dir/Users/deemo/Desktop/workspace/pico/pico-sdk/src/rp2_common/pico_standard_link/crt0.S.obj
                0x0000000010000100                __VECTOR_TABLE
                0x0000000010000100                __vectors
                0x00000000100001c0                __default_isrs_start
                0x00000000100001c0                isr_invalid
                0x00000000100001c2                isr_nmi
                0x00000000100001c4                isr_hardfault
                0x00000000100001c6                isr_svcall
                0x00000000100001c8                isr_pendsv
                0x00000000100001ca                isr_systick
                0x00000000100001cc                isr_irq28
                0x00000000100001cc                isr_irq19
                0x00000000100001cc                isr_irq0
                0x00000000100001cc                isr_irq6
                0x00000000100001cc                isr_irq22
                0x00000000100001cc                isr_irq17
                0x00000000100001cc                isr_irq14
                0x00000000100001cc                isr_irq2
                0x00000000100001cc                isr_irq10
                0x00000000100001cc                isr_irq8
                0x00000000100001cc                isr_irq24
                0x00000000100001cc                isr_irq1
                0x00000000100001cc                isr_irq7
                0x00000000100001cc                isr_irq21
                0x00000000100001cc                isr_irq20
                0x00000000100001cc                isr_irq15
                0x00000000100001cc                isr_irq25
                0x00000000100001cc                isr_irq4
                0x00000000100001cc                isr_irq16
                0x00000000100001cc                isr_irq29
                0x00000000100001cc                isr_irq26
                0x00000000100001cc                __default_isrs_end
                0x00000000100001cc                isr_irq3
                0x00000000100001cc                isr_irq9
                0x00000000100001cc                __unhandled_user_irq
                0x00000000100001cc                isr_irq13
                0x00000000100001cc                isr_irq27
                0x00000000100001cc                isr_irq31
                0x00000000100001cc                isr_irq5
                0x00000000100001cc                isr_irq11
                0x00000000100001cc                isr_irq23
                0x00000000100001cc                isr_irq18
                0x00000000100001cc                isr_irq30
                0x00000000100001cc                isr_irq12
                0x00000000100001d2                unhandled_user_irq_num_in_r0
 *(.binary_info_header)
 .binary_info_header
                0x00000000100001d4       0x14 CMakeFiles/P2.dir/Users/deemo/Desktop/workspace/pico/pico-sdk/src/rp2_common/pico_standard_link/crt0.S.obj
                0x00000000100001e8                __binary_info_header_end = .
 *(.reset)
 .reset         0x00000000100001e8       0xa0 CMakeFiles/P2.dir/Users/deemo/Desktop/workspace/pico/pico-sdk/src/rp2_common/pico_standard_link/crt0.S.obj
                0x00000000100001e8                _entry_point
 .reset         0x0000000010000288       0x30 CMakeFiles/P2.dir/Users/deemo/Desktop/workspace/pico/pico-sdk/src/rp2_common/pico_standard_link/binary_info.c.obj
 *(.init)
 .init          0x00000000100002b8        0x4 /opt/homebrew/Cellar/arm-none-eabi-gcc/10-2020-q4-major/gcc/bin/../lib/gcc/arm-none-eabi/10.2.1/thumb/v6-m/nofp/crti.o
                0x00000000100002b8                _init
 *(EXCLUDE_FILE(*libm.a: *libc.a:*lib_a-mem*.o *libgcc.a:) .text*)
 .text          0x00000000100002bc       0x48 /opt/homebrew/Cellar/arm-none-eabi-gcc/10-2020-q4-major/gcc/bin/../lib/gcc/arm-none-eabi/10.2.1/thumb/v6-m/nofp/crtbegin.o
 .text.startup.main
                0x0000000010000304      0x1d8 CMakeFiles/P2.dir/P2.c.obj
                0x0000000010000304                main
 .text.mpu9250_setup
                0x00000000100004dc       0x90 CMakeFiles/P2.dir/Users/deemo/Desktop/workspace/Drone/BD/software/lib/MPU9250/mpu9250.c.obj
                0x00000000100004dc                mpu9250_setup
 .text.mpu9250_update
                0x000000001000056c      0x238 CMakeFiles/P2.dir/Users/deemo/Desktop/workspace/Drone/BD/software/lib/MPU9250/mpu9250.c.obj
                0x000000001000056c                mpu9250_update
 .text.gyro_cal
                0x00000000100007a4       0xa0 CMakeFiles/P2.dir/Users/deemo/Desktop/workspace/Drone/BD/software/lib/MPU9250/mpu9250.c.obj
                0x00000000100007a4                gyro_cal
 .text.acc_cal  0x0000000010000844       0xb8 CMakeFiles/P2.dir/Users/deemo/Desktop/workspace/Drone/BD/software/lib/MPU9250/mpu9250.c.obj
                0x0000000010000844                acc_cal
 .text.esc_setup
                0x00000000100008fc      0x138 CMakeFiles/P2.dir/Users/deemo/Desktop/workspace/Drone/BD/software/lib/ESC/esc.c.obj
                0x00000000100008fc                esc_setup
 .text.arm_motor
                0x0000000010000a34       0xd4 CMakeFiles/P2.dir/Users/deemo/Desktop/workspace/Drone/BD/software/lib/ESC/esc.c.obj
                0x0000000010000a34                arm_motor
 .text.motor_control
                0x0000000010000b08       0xd4 CMakeFiles/P2.dir/Users/deemo/Desktop/workspace/Drone/BD/software/lib/ESC/esc.c.obj
                0x0000000010000b08                motor_control
 .text.leaky_init
                0x0000000010000bdc        0xc CMakeFiles/P2.dir/Users/deemo/Desktop/workspace/Drone/BD/software/lib/Filter/leaky_LP.c.obj
                0x0000000010000bdc                leaky_init
 .text.init_controller
                0x0000000010000be8       0x28 CMakeFiles/P2.dir/Users/deemo/Desktop/workspace/Drone/BD/software/lib/Control/controller.c.obj
                0x0000000010000be8                init_controller
 .text.gpio_set_function
                0x0000000010000c10       0x30 CMakeFiles/P2.dir/Users/deemo/Desktop/workspace/pico/pico-sdk/src/rp2_common/hardware_gpio/gpio.c.obj
                0x0000000010000c10                gpio_set_function
 .text.gpio_set_pulls
                0x0000000010000c40       0x30 CMakeFiles/P2.dir/Users/deemo/Desktop/workspace/pico/pico-sdk/src/rp2_common/hardware_gpio/gpio.c.obj
                0x0000000010000c40                gpio_set_pulls
 .text.gpio_set_input_hysteresis_enabled
                0x0000000010000c70       0x28 CMakeFiles/P2.dir/Users/deemo/Desktop/workspace/pico/pico-sdk/src/rp2_common/hardware_gpio/gpio.c.obj
                0x0000000010000c70                gpio_set_input_hysteresis_enabled
 .text.gpio_set_irq_enabled
                0x0000000010000c98       0x54 CMakeFiles/P2.dir/Users/deemo/Desktop/workspace/pico/pico-sdk/src/rp2_common/hardware_gpio/gpio.c.obj
                0x0000000010000c98                gpio_set_irq_enabled
 .text.gpio_add_raw_irq_handler_with_order_priority_masked
                0x0000000010000cec       0x44 CMakeFiles/P2.dir/Users/deemo/Desktop/workspace/pico/pico-sdk/src/rp2_common/hardware_gpio/gpio.c.obj
                0x0000000010000cec                gpio_add_raw_irq_handler_with_order_priority_masked
 .text.gpio_remove_raw_irq_handler_masked
                0x0000000010000d30       0x20 CMakeFiles/P2.dir/Users/deemo/Desktop/workspace/pico/pico-sdk/src/rp2_common/hardware_gpio/gpio.c.obj
                0x0000000010000d30                gpio_remove_raw_irq_handler_masked
 .text.gpio_init
                0x0000000010000d50       0x3c CMakeFiles/P2.dir/Users/deemo/Desktop/workspace/pico/pico-sdk/src/rp2_common/hardware_gpio/gpio.c.obj
                0x0000000010000d50                gpio_init
 .text.running_on_fpga
                0x0000000010000d8c       0x10 CMakeFiles/P2.dir/Users/deemo/Desktop/workspace/pico/pico-sdk/src/rp2_common/pico_platform/platform.c.obj
                0x0000000010000d8c                running_on_fpga
 .text.hw_claim_lock
                0x0000000010000d9c       0x18 CMakeFiles/P2.dir/Users/deemo/Desktop/workspace/pico/pico-sdk/src/rp2_common/hardware_claim/claim.c.obj
                0x0000000010000d9c                hw_claim_lock
 .text.hw_claim_unlock
                0x0000000010000db4       0x14 CMakeFiles/P2.dir/Users/deemo/Desktop/workspace/pico/pico-sdk/src/rp2_common/hardware_claim/claim.c.obj
                0x0000000010000db4                hw_claim_unlock
 .text.hw_claim_or_assert
                0x0000000010000dc8       0x44 CMakeFiles/P2.dir/Users/deemo/Desktop/workspace/pico/pico-sdk/src/rp2_common/hardware_claim/claim.c.obj
                0x0000000010000dc8                hw_claim_or_assert
 .text.hw_claim_unused_from_range
                0x0000000010000e0c       0x9c CMakeFiles/P2.dir/Users/deemo/Desktop/workspace/pico/pico-sdk/src/rp2_common/hardware_claim/claim.c.obj
                0x0000000010000e0c                hw_claim_unused_from_range
 .text.hw_claim_clear
                0x0000000010000ea8       0x38 CMakeFiles/P2.dir/Users/deemo/Desktop/workspace/pico/pico-sdk/src/rp2_common/hardware_claim/claim.c.obj
                0x0000000010000ea8                hw_claim_clear
 .text.spin_locks_reset
                0x0000000010000ee0       0x1c CMakeFiles/P2.dir/Users/deemo/Desktop/workspace/pico/pico-sdk/src/rp2_common/hardware_sync/sync.c.obj
                0x0000000010000ee0                spin_locks_reset
 .text.next_striped_spin_lock_num
                0x0000000010000efc       0x18 CMakeFiles/P2.dir/Users/deemo/Desktop/workspace/pico/pico-sdk/src/rp2_common/hardware_sync/sync.c.obj
                0x0000000010000efc                next_striped_spin_lock_num
 .text.spin_lock_claim_unused
                0x0000000010000f14       0x20 CMakeFiles/P2.dir/Users/deemo/Desktop/workspace/pico/pico-sdk/src/rp2_common/hardware_sync/sync.c.obj
                0x0000000010000f14                spin_lock_claim_unused
 .text.irq_set_enabled
                0x0000000010000f34       0x24 CMakeFiles/P2.dir/Users/deemo/Desktop/workspace/pico/pico-sdk/src/rp2_common/hardware_irq/irq.c.obj
                0x0000000010000f34                irq_set_enabled
 .text.irq_set_pending
                0x0000000010000f58       0x10 CMakeFiles/P2.dir/Users/deemo/Desktop/workspace/pico/pico-sdk/src/rp2_common/hardware_irq/irq.c.obj
                0x0000000010000f58                irq_set_pending
 .text.irq_has_shared_handler
                0x0000000010000f68       0x2c CMakeFiles/P2.dir/Users/deemo/Desktop/workspace/pico/pico-sdk/src/rp2_common/hardware_irq/irq.c.obj
                0x0000000010000f68                irq_has_shared_handler
 .text.irq_get_vtable_handler
                0x0000000010000f94       0x10 CMakeFiles/P2.dir/Users/deemo/Desktop/workspace/pico/pico-sdk/src/rp2_common/hardware_irq/irq.c.obj
                0x0000000010000f94                irq_get_vtable_handler
 .text.irq_set_exclusive_handler
                0x0000000010000fa4       0x54 CMakeFiles/P2.dir/Users/deemo/Desktop/workspace/pico/pico-sdk/src/rp2_common/hardware_irq/irq.c.obj
                0x0000000010000fa4                irq_set_exclusive_handler
 .text.irq_add_shared_handler
                0x0000000010000ff8      0x1e8 CMakeFiles/P2.dir/Users/deemo/Desktop/workspace/pico/pico-sdk/src/rp2_common/hardware_irq/irq.c.obj
                0x0000000010000ff8                irq_add_shared_handler
 .text.irq_remove_handler
                0x00000000100011e0      0x1b0 CMakeFiles/P2.dir/Users/deemo/Desktop/workspace/pico/pico-sdk/src/rp2_common/hardware_irq/irq.c.obj
                0x00000000100011e0                irq_remove_handler
 .text.irq_set_priority
                0x0000000010001390       0x28 CMakeFiles/P2.dir/Users/deemo/Desktop/workspace/pico/pico-sdk/src/rp2_common/hardware_irq/irq.c.obj
                0x0000000010001390                irq_set_priority
 .text.irq_add_tail_to_free_list
                0x00000000100013b8       0xb4 CMakeFiles/P2.dir/Users/deemo/Desktop/workspace/pico/pico-sdk/src/rp2_common/hardware_irq/irq.c.obj
                0x00000000100013b8                irq_add_tail_to_free_list
 .text.irq_init_priorities
                0x000000001000146c       0x24 CMakeFiles/P2.dir/Users/deemo/Desktop/workspace/pico/pico-sdk/src/rp2_common/hardware_irq/irq.c.obj
                0x000000001000146c                irq_init_priorities
 .text.user_irq_unclaim
                0x0000000010001490       0x14 CMakeFiles/P2.dir/Users/deemo/Desktop/workspace/pico/pico-sdk/src/rp2_common/hardware_irq/irq.c.obj
                0x0000000010001490                user_irq_unclaim
 .text.user_irq_claim_unused
                0x00000000100014a4       0x28 CMakeFiles/P2.dir/Users/deemo/Desktop/workspace/pico/pico-sdk/src/rp2_common/hardware_irq/irq.c.obj
                0x00000000100014a4                user_irq_claim_unused
 .text.sem_init
                0x00000000100014cc       0x20 CMakeFiles/P2.dir/Users/deemo/Desktop/workspace/pico/pico-sdk/src/common/pico_sync/sem.c.obj
                0x00000000100014cc                sem_init
 .text.lock_init
                0x00000000100014ec       0x10 CMakeFiles/P2.dir/Users/deemo/Desktop/workspace/pico/pico-sdk/src/common/pico_sync/lock_core.c.obj
                0x00000000100014ec                lock_init
 .text.mutex_init
                0x00000000100014fc       0x1c CMakeFiles/P2.dir/Users/deemo/Desktop/workspace/pico/pico-sdk/src/common/pico_sync/mutex.c.obj
                0x00000000100014fc                mutex_init
 .text.recursive_mutex_init
                0x0000000010001518       0x1c CMakeFiles/P2.dir/Users/deemo/Desktop/workspace/pico/pico-sdk/src/common/pico_sync/mutex.c.obj
                0x0000000010001518                recursive_mutex_init
 .text.critical_section_init
                0x0000000010001534       0x20 CMakeFiles/P2.dir/Users/deemo/Desktop/workspace/pico/pico-sdk/src/common/pico_sync/critical_section.c.obj
                0x0000000010001534                critical_section_init
 .text.critical_section_init_with_lock_num
                0x0000000010001554       0x14 CMakeFiles/P2.dir/Users/deemo/Desktop/workspace/pico/pico-sdk/src/common/pico_sync/critical_section.c.obj
                0x0000000010001554                critical_section_init_with_lock_num
 .text.timer_pool_entry_comparator
                0x0000000010001568       0x34 CMakeFiles/P2.dir/Users/deemo/Desktop/workspace/pico/pico-sdk/src/common/pico_time/time.c.obj
                0x0000000010001568                timer_pool_entry_comparator
 .text.sleep_until_callback
                0x000000001000159c       0x30 CMakeFiles/P2.dir/Users/deemo/Desktop/workspace/pico/pico-sdk/src/common/pico_time/time.c.obj
 .text.add_alarm_under_lock.isra.0
                0x00000000100015cc      0x100 CMakeFiles/P2.dir/Users/deemo/Desktop/workspace/pico/pico-sdk/src/common/pico_time/time.c.obj
 .text.alarm_pool_alarm_callback
                0x00000000100016cc      0x1bc CMakeFiles/P2.dir/Users/deemo/Desktop/workspace/pico/pico-sdk/src/common/pico_time/time.c.obj
 .text.alarm_pool_init_default
                0x0000000010001888       0x6c CMakeFiles/P2.dir/Users/deemo/Desktop/workspace/pico/pico-sdk/src/common/pico_time/time.c.obj
                0x0000000010001888                alarm_pool_init_default
 .text.alarm_pool_get_default
                0x00000000100018f4        0x8 CMakeFiles/P2.dir/Users/deemo/Desktop/workspace/pico/pico-sdk/src/common/pico_time/time.c.obj
                0x00000000100018f4                alarm_pool_get_default
 .text.alarm_pool_add_alarm_at
                0x00000000100018fc      0x178 CMakeFiles/P2.dir/Users/deemo/Desktop/workspace/pico/pico-sdk/src/common/pico_time/time.c.obj
                0x00000000100018fc                alarm_pool_add_alarm_at
 .text.alarm_pool_cancel_alarm
                0x0000000010001a74       0x78 CMakeFiles/P2.dir/Users/deemo/Desktop/workspace/pico/pico-sdk/src/common/pico_time/time.c.obj
                0x0000000010001a74                alarm_pool_cancel_alarm
 .text.alarm_pool_core_num
                0x0000000010001aec        0x4 CMakeFiles/P2.dir/Users/deemo/Desktop/workspace/pico/pico-sdk/src/common/pico_time/time.c.obj
                0x0000000010001aec                alarm_pool_core_num
 .text.sleep_until
                0x0000000010001af0       0xc4 CMakeFiles/P2.dir/Users/deemo/Desktop/workspace/pico/pico-sdk/src/common/pico_time/time.c.obj
                0x0000000010001af0                sleep_until
 .text.sleep_us
                0x0000000010001bb4       0x24 CMakeFiles/P2.dir/Users/deemo/Desktop/workspace/pico/pico-sdk/src/common/pico_time/time.c.obj
                0x0000000010001bb4                sleep_us
 .text.sleep_ms
                0x0000000010001bd8       0x34 CMakeFiles/P2.dir/Users/deemo/Desktop/workspace/pico/pico-sdk/src/common/pico_time/time.c.obj
                0x0000000010001bd8                sleep_ms
 .text.best_effort_wfe_or_timeout
                0x0000000010001c0c       0xd4 CMakeFiles/P2.dir/Users/deemo/Desktop/workspace/pico/pico-sdk/src/common/pico_time/time.c.obj
                0x0000000010001c0c                best_effort_wfe_or_timeout
 .text.hardware_alarm_irq_handler
                0x0000000010001ce0       0xbc CMakeFiles/P2.dir/Users/deemo/Desktop/workspace/pico/pico-sdk/src/rp2_common/hardware_timer/timer.c.obj
 .text.hardware_alarm_claim
                0x0000000010001d9c       0x18 CMakeFiles/P2.dir/Users/deemo/Desktop/workspace/pico/pico-sdk/src/rp2_common/hardware_timer/timer.c.obj
                0x0000000010001d9c                hardware_alarm_claim
 .text.time_us_64
                0x0000000010001db4       0x14 CMakeFiles/P2.dir/Users/deemo/Desktop/workspace/pico/pico-sdk/src/rp2_common/hardware_timer/timer.c.obj
                0x0000000010001db4                time_us_64
 .text.busy_wait_until
                0x0000000010001dc8       0x20 CMakeFiles/P2.dir/Users/deemo/Desktop/workspace/pico/pico-sdk/src/rp2_common/hardware_timer/timer.c.obj
                0x0000000010001dc8                busy_wait_until
 .text.hardware_alarm_set_callback
                0x0000000010001de8       0x8c CMakeFiles/P2.dir/Users/deemo/Desktop/workspace/pico/pico-sdk/src/rp2_common/hardware_timer/timer.c.obj
                0x0000000010001de8                hardware_alarm_set_callback
 .text.hardware_alarm_set_target
                0x0000000010001e74       0xd4 CMakeFiles/P2.dir/Users/deemo/Desktop/workspace/pico/pico-sdk/src/rp2_common/hardware_timer/timer.c.obj
                0x0000000010001e74                hardware_alarm_set_target
 .text.hardware_alarm_cancel
                0x0000000010001f48       0x3c CMakeFiles/P2.dir/Users/deemo/Desktop/workspace/pico/pico-sdk/src/rp2_common/hardware_timer/timer.c.obj
                0x0000000010001f48                hardware_alarm_cancel
 .text.ph_merge_nodes
                0x0000000010001f84       0x68 CMakeFiles/P2.dir/Users/deemo/Desktop/workspace/pico/pico-sdk/src/common/pico_util/pheap.c.obj
 .text.ph_post_alloc_init
                0x0000000010001fec       0x3c CMakeFiles/P2.dir/Users/deemo/Desktop/workspace/pico/pico-sdk/src/common/pico_util/pheap.c.obj
                0x0000000010001fec                ph_post_alloc_init
 .text.ph_merge_two_pass
                0x0000000010002028       0x90 CMakeFiles/P2.dir/Users/deemo/Desktop/workspace/pico/pico-sdk/src/common/pico_util/pheap.c.obj
                0x0000000010002028                ph_merge_two_pass
 .text.ph_remove_any_head
                0x00000000100020b8      0x100 CMakeFiles/P2.dir/Users/deemo/Desktop/workspace/pico/pico-sdk/src/common/pico_util/pheap.c.obj
 .text.ph_remove_head
                0x00000000100021b8      0x104 CMakeFiles/P2.dir/Users/deemo/Desktop/workspace/pico/pico-sdk/src/common/pico_util/pheap.c.obj
                0x00000000100021b8                ph_remove_head
 .text.ph_remove_and_free_node
                0x00000000100022bc       0x7c CMakeFiles/P2.dir/Users/deemo/Desktop/workspace/pico/pico-sdk/src/common/pico_util/pheap.c.obj
                0x00000000100022bc                ph_remove_and_free_node
 .text.clocks_init
                0x0000000010002338      0x2d0 CMakeFiles/P2.dir/Users/deemo/Desktop/workspace/pico/pico-sdk/src/rp2_common/hardware_clocks/clocks.c.obj
                0x0000000010002338                clocks_init
 .text.clock_get_hz
                0x0000000010002608        0xc CMakeFiles/P2.dir/Users/deemo/Desktop/workspace/pico/pico-sdk/src/rp2_common/hardware_clocks/clocks.c.obj
                0x0000000010002608                clock_get_hz
 .text.pll_init
                0x0000000010002614       0xa0 CMakeFiles/P2.dir/Users/deemo/Desktop/workspace/pico/pico-sdk/src/rp2_common/hardware_pll/pll.c.obj
                0x0000000010002614                pll_init
 .text.watchdog_start_tick
                0x00000000100026b4       0x10 CMakeFiles/P2.dir/Users/deemo/Desktop/workspace/pico/pico-sdk/src/rp2_common/hardware_watchdog/watchdog.c.obj
                0x00000000100026b4                watchdog_start_tick
 .text.watchdog_reboot
                0x00000000100026c4       0x98 CMakeFiles/P2.dir/Users/deemo/Desktop/workspace/pico/pico-sdk/src/rp2_common/hardware_watchdog/watchdog.c.obj
                0x00000000100026c4                watchdog_reboot
 .text.xosc_init
                0x000000001000275c       0x28 CMakeFiles/P2.dir/Users/deemo/Desktop/workspace/pico/pico-sdk/src/rp2_common/hardware_xosc/xosc.c.obj
                0x000000001000275c                xosc_init
 .text.runtime_init
                0x0000000010002784       0xf0 CMakeFiles/P2.dir/Users/deemo/Desktop/workspace/pico/pico-sdk/src/rp2_common/pico_runtime/runtime.c.obj
                0x0000000010002784                runtime_init
 .text._exit    0x0000000010002874        0x4 CMakeFiles/P2.dir/Users/deemo/Desktop/workspace/pico/pico-sdk/src/rp2_common/pico_runtime/runtime.c.obj
                0x0000000010002874                _exit
 .text.exit     0x0000000010002878        0x8 CMakeFiles/P2.dir/Users/deemo/Desktop/workspace/pico/pico-sdk/src/rp2_common/pico_runtime/runtime.c.obj
                0x0000000010002878                exit
 .text.panic    0x0000000010002880       0x30 CMakeFiles/P2.dir/Users/deemo/Desktop/workspace/pico/pico-sdk/src/rp2_common/pico_runtime/runtime.c.obj
                0x0000000010002880                panic
 .text.hard_assertion_failure
                0x00000000100028b0        0xc CMakeFiles/P2.dir/Users/deemo/Desktop/workspace/pico/pico-sdk/src/rp2_common/pico_runtime/runtime.c.obj
                0x00000000100028b0                hard_assertion_failure
 .text._out_null
                0x00000000100028bc        0x4 CMakeFiles/P2.dir/Users/deemo/Desktop/workspace/pico/pico-sdk/src/rp2_common/pico_printf/printf.c.obj
 .text._out_rev
                0x00000000100028c0       0x9c CMakeFiles/P2.dir/Users/deemo/Desktop/workspace/pico/pico-sdk/src/rp2_common/pico_printf/printf.c.obj
 .text._ntoa_format
                0x000000001000295c      0x1cc CMakeFiles/P2.dir/Users/deemo/Desktop/workspace/pico/pico-sdk/src/rp2_common/pico_printf/printf.c.obj
 .text._out_char
                0x0000000010002b28       0x10 CMakeFiles/P2.dir/Users/deemo/Desktop/workspace/pico/pico-sdk/src/rp2_common/pico_printf/printf.c.obj
 .text._out_fct
                0x0000000010002b38       0x10 CMakeFiles/P2.dir/Users/deemo/Desktop/workspace/pico/pico-sdk/src/rp2_common/pico_printf/printf.c.obj
 .text._etoa    0x0000000010002b48      0x44c CMakeFiles/P2.dir/Users/deemo/Desktop/workspace/pico/pico-sdk/src/rp2_common/pico_printf/printf.c.obj
 .text._ftoa    0x0000000010002f94      0x398 CMakeFiles/P2.dir/Users/deemo/Desktop/workspace/pico/pico-sdk/src/rp2_common/pico_printf/printf.c.obj
 .text._vsnprintf
                0x000000001000332c      0xb04 CMakeFiles/P2.dir/Users/deemo/Desktop/workspace/pico/pico-sdk/src/rp2_common/pico_printf/printf.c.obj
 .text.vfctprintf
                0x0000000010003e30       0x20 CMakeFiles/P2.dir/Users/deemo/Desktop/workspace/pico/pico-sdk/src/rp2_common/pico_printf/printf.c.obj
                0x0000000010003e30                vfctprintf
 .text.weak_raw_vprintf
                0x0000000010003e50       0x30 CMakeFiles/P2.dir/Users/deemo/Desktop/workspace/pico/pico-sdk/src/rp2_common/pico_printf/printf.c.obj
                0x0000000010003e50                weak_raw_vprintf
 .text          0x0000000010003e80       0x10 CMakeFiles/P2.dir/Users/deemo/Desktop/workspace/pico/pico-sdk/src/rp2_common/pico_bit_ops/bit_ops_aeabi.S.obj
 .text.ctzsi    0x0000000010003e90        0xc CMakeFiles/P2.dir/Users/deemo/Desktop/workspace/pico/pico-sdk/src/rp2_common/pico_bit_ops/bit_ops_aeabi.S.obj
                0x0000000010003e90                __wrap___ctzsi2
 .text.rom_func_lookup
                0x0000000010003e9c       0x10 CMakeFiles/P2.dir/Users/deemo/Desktop/workspace/pico/pico-sdk/src/rp2_common/pico_bootrom/bootrom.c.obj
                0x0000000010003e9c                rom_func_lookup
 .text.rom_data_lookup
                0x0000000010003eac       0x10 CMakeFiles/P2.dir/Users/deemo/Desktop/workspace/pico/pico-sdk/src/rp2_common/pico_bootrom/bootrom.c.obj
                0x0000000010003eac                rom_data_lookup
 .text.rom_funcs_lookup
                0x0000000010003ebc       0x44 CMakeFiles/P2.dir/Users/deemo/Desktop/workspace/pico/pico-sdk/src/rp2_common/pico_bootrom/bootrom.c.obj
                0x0000000010003ebc                rom_funcs_lookup
 .text.__wrap___aeabi_idiv
                0x0000000010003f00       0x50 CMakeFiles/P2.dir/Users/deemo/Desktop/workspace/pico/pico-sdk/src/rp2_common/pico_divider/divider.S.obj
                0x0000000010003f00                __wrap___aeabi_idivmod
                0x0000000010003f00                divmod_s32s32
                0x0000000010003f00                div_s32s32
                0x0000000010003f00                __wrap___aeabi_idiv
                0x0000000010003f08                divmod_s32s32_unsafe
                0x0000000010003f34                divmod_s32s32_savestate
 .text.__wrap___aeabi_uidiv
                0x0000000010003f50       0x4c CMakeFiles/P2.dir/Users/deemo/Desktop/workspace/pico/pico-sdk/src/rp2_common/pico_divider/divider.S.obj
                0x0000000010003f50                __wrap___aeabi_uidiv
                0x0000000010003f50                __wrap___aeabi_uidivmod
                0x0000000010003f50                div_u32u32
                0x0000000010003f50                divmod_u32u32
                0x0000000010003f58                divmod_u32u32_unsafe
                0x0000000010003f80                divmod_u32u32_savestate
 .text.__wrap___aeabi_ldiv
                0x0000000010003f9c      0x424 CMakeFiles/P2.dir/Users/deemo/Desktop/workspace/pico/pico-sdk/src/rp2_common/pico_divider/divider.S.obj
                0x0000000010003f9c                __wrap___aeabi_ldivmod
                0x0000000010003f9c                div_s64s64
                0x0000000010003f9c                divmod_s64s64
                0x0000000010003fcc                divmod_u64u64
                0x0000000010003fcc                div_u64u64
                0x0000000010003fcc                __wrap___aeabi_uldivmod
                0x0000000010003fdc                divmod_u64u64_savestate
                0x0000000010003ffc                divmod_s64s64_unsafe
                0x0000000010004084                divmod_u64u64_unsafe
 .text.__wrap___aeabi_darithmetic
                0x00000000100043c0       0x60 CMakeFiles/P2.dir/Users/deemo/Desktop/workspace/pico/pico-sdk/src/rp2_common/pico_double/double_aeabi.S.obj
                0x00000000100043c0                __wrap___aeabi_drsub
                0x00000000100043c6                __wrap___aeabi_dsub
                0x00000000100043d0                __wrap___aeabi_dadd
                0x00000000100043da                __wrap___aeabi_ddiv
                0x000000001000440e                __wrap___aeabi_dmul
 .text.__wrap___aeabi_cdcmple
                0x0000000010004420       0x6c CMakeFiles/P2.dir/Users/deemo/Desktop/workspace/pico/pico-sdk/src/rp2_common/pico_double/double_aeabi.S.obj
                0x0000000010004420                __wrap___aeabi_cdrcmple
                0x0000000010004430                __wrap___aeabi_cdcmple
                0x0000000010004430                __wrap___aeabi_cdcmpeq
 .text.__wrap___aeabi_dcmplt
                0x000000001000448c        0xc CMakeFiles/P2.dir/Users/deemo/Desktop/workspace/pico/pico-sdk/src/rp2_common/pico_double/double_aeabi.S.obj
                0x000000001000448c                __wrap___aeabi_dcmplt
 .text.__wrap___aeabi_dcmple
                0x0000000010004498       0x10 CMakeFiles/P2.dir/Users/deemo/Desktop/workspace/pico/pico-sdk/src/rp2_common/pico_double/double_aeabi.S.obj
                0x0000000010004498                __wrap___aeabi_dcmple
 .text.__wrap___aeabi_dcmpge
                0x00000000100044a8       0x10 CMakeFiles/P2.dir/Users/deemo/Desktop/workspace/pico/pico-sdk/src/rp2_common/pico_double/double_aeabi.S.obj
                0x00000000100044a8                __wrap___aeabi_dcmpge
 .text.__wrap___aeabi_dcmpgt
                0x00000000100044b8        0xa CMakeFiles/P2.dir/Users/deemo/Desktop/workspace/pico/pico-sdk/src/rp2_common/pico_double/double_aeabi.S.obj
                0x00000000100044b8                __wrap___aeabi_dcmpgt
 .text.__wrap___aeabi_dcmpun
                0x00000000100044c2       0x1c CMakeFiles/P2.dir/Users/deemo/Desktop/workspace/pico/pico-sdk/src/rp2_common/pico_double/double_aeabi.S.obj
                0x00000000100044c2                __wrap___aeabi_dcmpun
 *fill*         0x00000000100044de        0x2 
 .text.__wrap___aeabi_i2d
                0x00000000100044e0       0x38 CMakeFiles/P2.dir/Users/deemo/Desktop/workspace/pico/pico-sdk/src/rp2_common/pico_double/double_aeabi.S.obj
                0x00000000100044e0                __wrap___aeabi_ui2d
                0x00000000100044e8                __wrap___aeabi_i2d
 .text.__wrap___aeabi_d2iz
                0x0000000010004518       0x48 CMakeFiles/P2.dir/Users/deemo/Desktop/workspace/pico/pico-sdk/src/rp2_common/pico_double/double_aeabi.S.obj
                0x0000000010004518                __wrap___aeabi_d2iz
                0x0000000010004518                double2int_z
 .text.__wrap___aeabi_d2uiz
                0x0000000010004560       0x10 CMakeFiles/P2.dir/Users/deemo/Desktop/workspace/pico/pico-sdk/src/rp2_common/pico_double/double_aeabi.S.obj
                0x0000000010004560                double2uint
                0x0000000010004560                __wrap___aeabi_d2uiz
 .text.__wrap___aeabi_d2f
                0x0000000010004570       0x10 CMakeFiles/P2.dir/Users/deemo/Desktop/workspace/pico/pico-sdk/src/rp2_common/pico_double/double_aeabi.S.obj
                0x0000000010004570                __wrap___aeabi_d2f
 .text.missing_double_func_shim
                0x0000000010004580        0xc CMakeFiles/P2.dir/Users/deemo/Desktop/workspace/pico/pico-sdk/src/rp2_common/pico_double/double_init_rom.c.obj
 .text.__aeabi_double_init
                0x000000001000458c       0x98 CMakeFiles/P2.dir/Users/deemo/Desktop/workspace/pico/pico-sdk/src/rp2_common/pico_double/double_init_rom.c.obj
                0x000000001000458c                __aeabi_double_init
 .text.double_table_shim_on_use_helper
                0x0000000010004624       0x2c CMakeFiles/P2.dir/Users/deemo/Desktop/workspace/pico/pico-sdk/src/rp2_common/pico_double/double_v1_rom_shim.S.obj
                0x0000000010004624                double_table_shim_on_use_helper
 .text.__aeabi_lmul
                0x0000000010004650       0x32 CMakeFiles/P2.dir/Users/deemo/Desktop/workspace/pico/pico-sdk/src/rp2_common/pico_int64_ops/pico_int64_ops_aeabi.S.obj
                0x0000000010004650                __wrap___aeabi_lmul
 *fill*         0x0000000010004682        0x2 
 .text.__wrap___aeabi_farithmetic
                0x0000000010004684       0x48 CMakeFiles/P2.dir/Users/deemo/Desktop/workspace/pico/pico-sdk/src/rp2_common/pico_float/float_aeabi.S.obj
                0x0000000010004684                __wrap___aeabi_frsub
                0x000000001000468a                __wrap___aeabi_fsub
                0x0000000010004690                __wrap___aeabi_fadd
                0x0000000010004696                __wrap___aeabi_fdiv
                0x00000000100046be                __wrap___aeabi_fmul
 .text.__wrap___aeabi_ui2f
                0x00000000100046cc        0xa CMakeFiles/P2.dir/Users/deemo/Desktop/workspace/pico/pico-sdk/src/rp2_common/pico_float/float_aeabi.S.obj
                0x00000000100046cc                __wrap___aeabi_ui2f
 *fill*         0x00000000100046d6        0x2 
 .text.__wrap___aeabi_i2f
                0x00000000100046d8       0x44 CMakeFiles/P2.dir/Users/deemo/Desktop/workspace/pico/pico-sdk/src/rp2_common/pico_float/float_aeabi.S.obj
                0x00000000100046d8                __wrap___aeabi_i2f
 .text.__wrap___aeabi_f2uiz
                0x000000001000471c        0xc CMakeFiles/P2.dir/Users/deemo/Desktop/workspace/pico/pico-sdk/src/rp2_common/pico_float/float_aeabi.S.obj
                0x000000001000471c                __wrap___aeabi_f2uiz
 .text.__wrap___aeabi_f2d
                0x0000000010004728        0xc CMakeFiles/P2.dir/Users/deemo/Desktop/workspace/pico/pico-sdk/src/rp2_common/pico_float/float_aeabi.S.obj
                0x0000000010004728                __wrap___aeabi_f2d
 .text.missing_float_func_shim
                0x0000000010004734        0xc CMakeFiles/P2.dir/Users/deemo/Desktop/workspace/pico/pico-sdk/src/rp2_common/pico_float/float_init_rom.c.obj
 .text.__aeabi_float_init
                0x0000000010004740       0x5c CMakeFiles/P2.dir/Users/deemo/Desktop/workspace/pico/pico-sdk/src/rp2_common/pico_float/float_init_rom.c.obj
                0x0000000010004740                __aeabi_float_init
 .text          0x000000001000479c       0x10 CMakeFiles/P2.dir/Users/deemo/Desktop/workspace/pico/pico-sdk/src/rp2_common/pico_mem_ops/mem_ops_aeabi.S.obj
                0x000000001000479c                __aeabi_mem_init
 .text.memset   0x00000000100047ac        0xc CMakeFiles/P2.dir/Users/deemo/Desktop/workspace/pico/pico-sdk/src/rp2_common/pico_mem_ops/mem_ops_aeabi.S.obj
                0x00000000100047ac                __wrap_memset
 .text.memcpy   0x00000000100047b8        0xc CMakeFiles/P2.dir/Users/deemo/Desktop/workspace/pico/pico-sdk/src/rp2_common/pico_mem_ops/mem_ops_aeabi.S.obj
                0x00000000100047b8                __wrap___aeabi_memcpy
                0x00000000100047b8                __wrap_memcpy
 .text.stdio_out_chars_no_crlf
                0x00000000100047c4       0x10 CMakeFiles/P2.dir/Users/deemo/Desktop/workspace/pico/pico-sdk/src/rp2_common/pico_stdio/stdio.c.obj
 .text.stdio_out_chars_crlf
                0x00000000100047d4       0xb4 CMakeFiles/P2.dir/Users/deemo/Desktop/workspace/pico/pico-sdk/src/rp2_common/pico_stdio/stdio.c.obj
 .text.stdio_buffered_printer
                0x0000000010004888       0x64 CMakeFiles/P2.dir/Users/deemo/Desktop/workspace/pico/pico-sdk/src/rp2_common/pico_stdio/stdio.c.obj
 .text.stdio_put_string.isra.0
                0x00000000100048ec       0xfc CMakeFiles/P2.dir/Users/deemo/Desktop/workspace/pico/pico-sdk/src/rp2_common/pico_stdio/stdio.c.obj
 .text.__wrap_putchar
                0x00000000100049e8       0x98 CMakeFiles/P2.dir/Users/deemo/Desktop/workspace/pico/pico-sdk/src/rp2_common/pico_stdio/stdio.c.obj
                0x00000000100049e8                __wrap_putchar
 .text.__wrap_puts
                0x0000000010004a80       0x3c CMakeFiles/P2.dir/Users/deemo/Desktop/workspace/pico/pico-sdk/src/rp2_common/pico_stdio/stdio.c.obj
                0x0000000010004a80                __wrap_puts
 .text.stdio_set_driver_enabled
                0x0000000010004abc       0x30 CMakeFiles/P2.dir/Users/deemo/Desktop/workspace/pico/pico-sdk/src/rp2_common/pico_stdio/stdio.c.obj
                0x0000000010004abc                stdio_set_driver_enabled
 .text.__wrap_vprintf
                0x0000000010004aec       0xd8 CMakeFiles/P2.dir/Users/deemo/Desktop/workspace/pico/pico-sdk/src/rp2_common/pico_stdio/stdio.c.obj
                0x0000000010004aec                __wrap_vprintf
 .text.__wrap_printf
                0x0000000010004bc4       0x18 CMakeFiles/P2.dir/Users/deemo/Desktop/workspace/pico/pico-sdk/src/rp2_common/pico_stdio/stdio.c.obj
                0x0000000010004bc4                __wrap_printf
 .text.stdio_init_all
                0x0000000010004bdc        0x8 CMakeFiles/P2.dir/Users/deemo/Desktop/workspace/pico/pico-sdk/src/rp2_common/pico_stdio/stdio.c.obj
                0x0000000010004bdc                stdio_init_all
 .text.resetd_init
                0x0000000010004be4        0x4 CMakeFiles/P2.dir/Users/deemo/Desktop/workspace/pico/pico-sdk/src/rp2_common/pico_stdio_usb/reset_interface.c.obj
 .text.resetd_reset
                0x0000000010004be8        0xc CMakeFiles/P2.dir/Users/deemo/Desktop/workspace/pico/pico-sdk/src/rp2_common/pico_stdio_usb/reset_interface.c.obj
 .text.resetd_open
                0x0000000010004bf4       0x28 CMakeFiles/P2.dir/Users/deemo/Desktop/workspace/pico/pico-sdk/src/rp2_common/pico_stdio_usb/reset_interface.c.obj
 .text.resetd_xfer_cb
                0x0000000010004c1c        0x4 CMakeFiles/P2.dir/Users/deemo/Desktop/workspace/pico/pico-sdk/src/rp2_common/pico_stdio_usb/reset_interface.c.obj
 .text.resetd_control_xfer_cb
                0x0000000010004c20       0x64 CMakeFiles/P2.dir/Users/deemo/Desktop/workspace/pico/pico-sdk/src/rp2_common/pico_stdio_usb/reset_interface.c.obj
 .text.usbd_app_driver_get_cb
                0x0000000010004c84        0xc CMakeFiles/P2.dir/Users/deemo/Desktop/workspace/pico/pico-sdk/src/rp2_common/pico_stdio_usb/reset_interface.c.obj
                0x0000000010004c84                usbd_app_driver_get_cb
 .text.tud_cdc_line_coding_cb
                0x0000000010004c90       0x34 CMakeFiles/P2.dir/Users/deemo/Desktop/workspace/pico/pico-sdk/src/rp2_common/pico_stdio_usb/reset_interface.c.obj
                0x0000000010004c90                tud_cdc_line_coding_cb
 .text.stdio_usb_set_chars_available_callback
                0x0000000010004cc4       0x14 CMakeFiles/P2.dir/Users/deemo/Desktop/workspace/pico/pico-sdk/src/rp2_common/pico_stdio_usb/stdio_usb.c.obj
                0x0000000010004cc4                stdio_usb_set_chars_available_callback
 .text.usb_irq  0x0000000010004cd8       0x10 CMakeFiles/P2.dir/Users/deemo/Desktop/workspace/pico/pico-sdk/src/rp2_common/pico_stdio_usb/stdio_usb.c.obj
 .text.timer_task
                0x0000000010004ce8       0x54 CMakeFiles/P2.dir/Users/deemo/Desktop/workspace/pico/pico-sdk/src/rp2_common/pico_stdio_usb/stdio_usb.c.obj
 .text.stdio_usb_in_chars
                0x0000000010004d3c       0x90 CMakeFiles/P2.dir/Users/deemo/Desktop/workspace/pico/pico-sdk/src/rp2_common/pico_stdio_usb/stdio_usb.c.obj
                0x0000000010004d3c                stdio_usb_in_chars
 .text.stdio_usb_out_chars
                0x0000000010004dcc      0x100 CMakeFiles/P2.dir/Users/deemo/Desktop/workspace/pico/pico-sdk/src/rp2_common/pico_stdio_usb/stdio_usb.c.obj
 .text.low_priority_worker_irq
                0x0000000010004ecc       0xa8 CMakeFiles/P2.dir/Users/deemo/Desktop/workspace/pico/pico-sdk/src/rp2_common/pico_stdio_usb/stdio_usb.c.obj
 .text.tud_cdc_rx_cb
                0x0000000010004f74       0x20 CMakeFiles/P2.dir/Users/deemo/Desktop/workspace/pico/pico-sdk/src/rp2_common/pico_stdio_usb/stdio_usb.c.obj
                0x0000000010004f74                tud_cdc_rx_cb
 .text.stdio_usb_init
                0x0000000010004f94       0xdc CMakeFiles/P2.dir/Users/deemo/Desktop/workspace/pico/pico-sdk/src/rp2_common/pico_stdio_usb/stdio_usb.c.obj
                0x0000000010004f94                stdio_usb_init
 .text.tud_descriptor_device_cb
                0x0000000010005070        0x8 CMakeFiles/P2.dir/Users/deemo/Desktop/workspace/pico/pico-sdk/src/rp2_common/pico_stdio_usb/stdio_usb_descriptors.c.obj
                0x0000000010005070                tud_descriptor_device_cb
 .text.tud_descriptor_configuration_cb
                0x0000000010005078        0x8 CMakeFiles/P2.dir/Users/deemo/Desktop/workspace/pico/pico-sdk/src/rp2_common/pico_stdio_usb/stdio_usb_descriptors.c.obj
                0x0000000010005078                tud_descriptor_configuration_cb
 .text.tud_descriptor_string_cb
                0x0000000010005080       0x74 CMakeFiles/P2.dir/Users/deemo/Desktop/workspace/pico/pico-sdk/src/rp2_common/pico_stdio_usb/stdio_usb_descriptors.c.obj
                0x0000000010005080                tud_descriptor_string_cb
 .text.startup._retrieve_unique_id_on_boot
                0x00000000100050f4       0x10 CMakeFiles/P2.dir/Users/deemo/Desktop/workspace/pico/pico-sdk/src/rp2_common/pico_unique_id/unique_id.c.obj
 .text.pico_get_unique_board_id
                0x0000000010005104       0x10 CMakeFiles/P2.dir/Users/deemo/Desktop/workspace/pico/pico-sdk/src/rp2_common/pico_unique_id/unique_id.c.obj
                0x0000000010005104                pico_get_unique_board_id
 .text.pico_get_unique_board_id_string
                0x0000000010005114      0x1a8 CMakeFiles/P2.dir/Users/deemo/Desktop/workspace/pico/pico-sdk/src/rp2_common/pico_unique_id/unique_id.c.obj
                0x0000000010005114                pico_get_unique_board_id_string
 .text.flash_get_unique_id
                0x00000000100052bc       0x40 CMakeFiles/P2.dir/Users/deemo/Desktop/workspace/pico/pico-sdk/src/rp2_common/hardware_flash/flash.c.obj
                0x00000000100052bc                flash_get_unique_id
 .text.dcd_int_enable
                0x00000000100052fc        0xc CMakeFiles/P2.dir/Users/deemo/Desktop/workspace/pico/pico-sdk/lib/tinyusb/src/portable/raspberrypi/rp2040/dcd_rp2040.c.obj
                0x00000000100052fc                dcd_int_enable
 .text.dcd_set_address
                0x0000000010005308       0x14 CMakeFiles/P2.dir/Users/deemo/Desktop/workspace/pico/pico-sdk/lib/tinyusb/src/portable/raspberrypi/rp2040/dcd_rp2040.c.obj
                0x0000000010005308                dcd_set_address
 .text.dcd_connect
                0x000000001000531c       0x10 CMakeFiles/P2.dir/Users/deemo/Desktop/workspace/pico/pico-sdk/lib/tinyusb/src/portable/raspberrypi/rp2040/dcd_rp2040.c.obj
                0x000000001000531c                dcd_connect
 .text.dcd_init
                0x000000001000532c       0x98 CMakeFiles/P2.dir/Users/deemo/Desktop/workspace/pico/pico-sdk/lib/tinyusb/src/portable/raspberrypi/rp2040/dcd_rp2040.c.obj
                0x000000001000532c                dcd_init
 .text.dcd_edpt0_status_complete
                0x00000000100053c4       0x1c CMakeFiles/P2.dir/Users/deemo/Desktop/workspace/pico/pico-sdk/lib/tinyusb/src/portable/raspberrypi/rp2040/dcd_rp2040.c.obj
                0x00000000100053c4                dcd_edpt0_status_complete
 .text.dcd_edpt_open
                0x00000000100053e0      0x108 CMakeFiles/P2.dir/Users/deemo/Desktop/workspace/pico/pico-sdk/lib/tinyusb/src/portable/raspberrypi/rp2040/dcd_rp2040.c.obj
                0x00000000100053e0                dcd_edpt_open
 .text.dcd_edpt_close_all
                0x00000000100054e8        0x8 CMakeFiles/P2.dir/Users/deemo/Desktop/workspace/pico/pico-sdk/lib/tinyusb/src/portable/raspberrypi/rp2040/dcd_rp2040.c.obj
                0x00000000100054e8                dcd_edpt_close_all
 .text.dcd_edpt_xfer
                0x00000000100054f0       0x24 CMakeFiles/P2.dir/Users/deemo/Desktop/workspace/pico/pico-sdk/lib/tinyusb/src/portable/raspberrypi/rp2040/dcd_rp2040.c.obj
                0x00000000100054f0                dcd_edpt_xfer
 .text.dcd_edpt_stall
                0x0000000010005514       0x38 CMakeFiles/P2.dir/Users/deemo/Desktop/workspace/pico/pico-sdk/lib/tinyusb/src/portable/raspberrypi/rp2040/dcd_rp2040.c.obj
                0x0000000010005514                dcd_edpt_stall
 .text.dcd_edpt_clear_stall
                0x000000001000554c       0x30 CMakeFiles/P2.dir/Users/deemo/Desktop/workspace/pico/pico-sdk/lib/tinyusb/src/portable/raspberrypi/rp2040/dcd_rp2040.c.obj
                0x000000001000554c                dcd_edpt_clear_stall
 .text.rp2040_usb_init
                0x000000001000557c       0x4c CMakeFiles/P2.dir/Users/deemo/Desktop/workspace/pico/pico-sdk/lib/tinyusb/src/portable/raspberrypi/rp2040/rp2040_usb.c.obj
                0x000000001000557c                rp2040_usb_init
 .text.hw_endpoint_xfer_start
                0x00000000100055c8       0x50 CMakeFiles/P2.dir/Users/deemo/Desktop/workspace/pico/pico-sdk/lib/tinyusb/src/portable/raspberrypi/rp2040/rp2040_usb.c.obj
                0x00000000100055c8                hw_endpoint_xfer_start
 .text.tud_mounted
                0x0000000010005618       0x10 CMakeFiles/P2.dir/Users/deemo/Desktop/workspace/pico/pico-sdk/lib/tinyusb/src/device/usbd.c.obj
                0x0000000010005618                tud_mounted
 .text.tud_suspended
                0x0000000010005628       0x10 CMakeFiles/P2.dir/Users/deemo/Desktop/workspace/pico/pico-sdk/lib/tinyusb/src/device/usbd.c.obj
                0x0000000010005628                tud_suspended
 .text.tud_inited
                0x0000000010005638       0x14 CMakeFiles/P2.dir/Users/deemo/Desktop/workspace/pico/pico-sdk/lib/tinyusb/src/device/usbd.c.obj
                0x0000000010005638                tud_inited
 .text.tud_init
                0x000000001000564c       0xe4 CMakeFiles/P2.dir/Users/deemo/Desktop/workspace/pico/pico-sdk/lib/tinyusb/src/device/usbd.c.obj
                0x000000001000564c                tud_init
 .text.tud_task_ext
                0x0000000010005730      0x854 CMakeFiles/P2.dir/Users/deemo/Desktop/workspace/pico/pico-sdk/lib/tinyusb/src/device/usbd.c.obj
                0x0000000010005730                tud_task_ext
 .text.usbd_open_edpt_pair
                0x0000000010005f84       0x9c CMakeFiles/P2.dir/Users/deemo/Desktop/workspace/pico/pico-sdk/lib/tinyusb/src/device/usbd.c.obj
                0x0000000010005f84                usbd_open_edpt_pair
 .text.usbd_defer_func
                0x0000000010006020       0x48 CMakeFiles/P2.dir/Users/deemo/Desktop/workspace/pico/pico-sdk/lib/tinyusb/src/device/usbd.c.obj
                0x0000000010006020                usbd_defer_func
 .text.usbd_edpt_open
                0x0000000010006068       0x34 CMakeFiles/P2.dir/Users/deemo/Desktop/workspace/pico/pico-sdk/lib/tinyusb/src/device/usbd.c.obj
                0x0000000010006068                usbd_edpt_open
 .text.usbd_edpt_claim
                0x000000001000609c       0x28 CMakeFiles/P2.dir/Users/deemo/Desktop/workspace/pico/pico-sdk/lib/tinyusb/src/device/usbd.c.obj
                0x000000001000609c                usbd_edpt_claim
 .text.usbd_edpt_release
                0x00000000100060c4       0x28 CMakeFiles/P2.dir/Users/deemo/Desktop/workspace/pico/pico-sdk/lib/tinyusb/src/device/usbd.c.obj
                0x00000000100060c4                usbd_edpt_release
 .text.usbd_edpt_xfer
                0x00000000100060ec       0x4c CMakeFiles/P2.dir/Users/deemo/Desktop/workspace/pico/pico-sdk/lib/tinyusb/src/device/usbd.c.obj
                0x00000000100060ec                usbd_edpt_xfer
 .text.tud_control_status
                0x0000000010006138       0x30 CMakeFiles/P2.dir/Users/deemo/Desktop/workspace/pico/pico-sdk/lib/tinyusb/src/device/usbd_control.c.obj
                0x0000000010006138                tud_control_status
 .text.tud_control_xfer
                0x0000000010006168       0xbc CMakeFiles/P2.dir/Users/deemo/Desktop/workspace/pico/pico-sdk/lib/tinyusb/src/device/usbd_control.c.obj
                0x0000000010006168                tud_control_xfer
 .text.usbd_control_reset
                0x0000000010006224       0x14 CMakeFiles/P2.dir/Users/deemo/Desktop/workspace/pico/pico-sdk/lib/tinyusb/src/device/usbd_control.c.obj
                0x0000000010006224                usbd_control_reset
 .text.usbd_control_set_complete_callback
                0x0000000010006238        0xc CMakeFiles/P2.dir/Users/deemo/Desktop/workspace/pico/pico-sdk/lib/tinyusb/src/device/usbd_control.c.obj
                0x0000000010006238                usbd_control_set_complete_callback
 .text.usbd_control_set_request
                0x0000000010006244       0x1c CMakeFiles/P2.dir/Users/deemo/Desktop/workspace/pico/pico-sdk/lib/tinyusb/src/device/usbd_control.c.obj
                0x0000000010006244                usbd_control_set_request
 .text.usbd_control_xfer_cb
                0x0000000010006260       0xfc CMakeFiles/P2.dir/Users/deemo/Desktop/workspace/pico/pico-sdk/lib/tinyusb/src/device/usbd_control.c.obj
                0x0000000010006260                usbd_control_xfer_cb
 .text.tud_cdc_n_connected
                0x000000001000635c       0x30 CMakeFiles/P2.dir/Users/deemo/Desktop/workspace/pico/pico-sdk/lib/tinyusb/src/class/cdc/cdc_device.c.obj
                0x000000001000635c                tud_cdc_n_connected
 .text.tud_cdc_n_available
                0x000000001000638c       0x18 CMakeFiles/P2.dir/Users/deemo/Desktop/workspace/pico/pico-sdk/lib/tinyusb/src/class/cdc/cdc_device.c.obj
                0x000000001000638c                tud_cdc_n_available
 .text.tud_cdc_n_read
                0x00000000100063a4       0x70 CMakeFiles/P2.dir/Users/deemo/Desktop/workspace/pico/pico-sdk/lib/tinyusb/src/class/cdc/cdc_device.c.obj
                0x00000000100063a4                tud_cdc_n_read
 .text.tud_cdc_n_write_flush
                0x0000000010006414       0x78 CMakeFiles/P2.dir/Users/deemo/Desktop/workspace/pico/pico-sdk/lib/tinyusb/src/class/cdc/cdc_device.c.obj
                0x0000000010006414                tud_cdc_n_write_flush
 .text.tud_cdc_n_write
                0x000000001000648c       0x34 CMakeFiles/P2.dir/Users/deemo/Desktop/workspace/pico/pico-sdk/lib/tinyusb/src/class/cdc/cdc_device.c.obj
                0x000000001000648c                tud_cdc_n_write
 .text.tud_cdc_n_write_available
                0x00000000100064c0       0x18 CMakeFiles/P2.dir/Users/deemo/Desktop/workspace/pico/pico-sdk/lib/tinyusb/src/class/cdc/cdc_device.c.obj
                0x00000000100064c0                tud_cdc_n_write_available
 .text.cdcd_init
                0x00000000100064d8       0x7c CMakeFiles/P2.dir/Users/deemo/Desktop/workspace/pico/pico-sdk/lib/tinyusb/src/class/cdc/cdc_device.c.obj
                0x00000000100064d8                cdcd_init
 .text.cdcd_reset
                0x0000000010006554       0x2c CMakeFiles/P2.dir/Users/deemo/Desktop/workspace/pico/pico-sdk/lib/tinyusb/src/class/cdc/cdc_device.c.obj
                0x0000000010006554                cdcd_reset
 .text.cdcd_open
                0x0000000010006580       0xe8 CMakeFiles/P2.dir/Users/deemo/Desktop/workspace/pico/pico-sdk/lib/tinyusb/src/class/cdc/cdc_device.c.obj
                0x0000000010006580                cdcd_open
 .text.cdcd_control_xfer_cb
                0x0000000010006668       0xe4 CMakeFiles/P2.dir/Users/deemo/Desktop/workspace/pico/pico-sdk/lib/tinyusb/src/class/cdc/cdc_device.c.obj
                0x0000000010006668                cdcd_control_xfer_cb
 .text.cdcd_xfer_cb
                0x000000001000674c      0x148 CMakeFiles/P2.dir/Users/deemo/Desktop/workspace/pico/pico-sdk/lib/tinyusb/src/class/cdc/cdc_device.c.obj
                0x000000001000674c                cdcd_xfer_cb
 .text.tusb_init
                0x0000000010006894        0xc CMakeFiles/P2.dir/Users/deemo/Desktop/workspace/pico/pico-sdk/lib/tinyusb/src/tusb.c.obj
                0x0000000010006894                tusb_init
 .text.tusb_inited
                0x00000000100068a0        0x8 CMakeFiles/P2.dir/Users/deemo/Desktop/workspace/pico/pico-sdk/lib/tinyusb/src/tusb.c.obj
                0x00000000100068a0                tusb_inited
 .text.tu_edpt_claim
                0x00000000100068a8       0x50 CMakeFiles/P2.dir/Users/deemo/Desktop/workspace/pico/pico-sdk/lib/tinyusb/src/tusb.c.obj
                0x00000000100068a8                tu_edpt_claim
 .text.tu_edpt_release
                0x00000000100068f8       0x38 CMakeFiles/P2.dir/Users/deemo/Desktop/workspace/pico/pico-sdk/lib/tinyusb/src/tusb.c.obj
                0x00000000100068f8                tu_edpt_release
 .text.tu_edpt_validate
                0x0000000010006930       0x78 CMakeFiles/P2.dir/Users/deemo/Desktop/workspace/pico/pico-sdk/lib/tinyusb/src/tusb.c.obj
                0x0000000010006930                tu_edpt_validate
 .text.tu_edpt_bind_driver
                0x00000000100069a8       0x34 CMakeFiles/P2.dir/Users/deemo/Desktop/workspace/pico/pico-sdk/lib/tinyusb/src/tusb.c.obj
                0x00000000100069a8                tu_edpt_bind_driver
 .text.tu_fifo_config
                0x00000000100069dc       0x70 CMakeFiles/P2.dir/Users/deemo/Desktop/workspace/pico/pico-sdk/lib/tinyusb/src/common/tusb_fifo.c.obj
                0x00000000100069dc                tu_fifo_config
 .text.tu_fifo_count
                0x0000000010006a4c       0x2c CMakeFiles/P2.dir/Users/deemo/Desktop/workspace/pico/pico-sdk/lib/tinyusb/src/common/tusb_fifo.c.obj
                0x0000000010006a4c                tu_fifo_count
 .text.tu_fifo_empty
                0x0000000010006a78       0x10 CMakeFiles/P2.dir/Users/deemo/Desktop/workspace/pico/pico-sdk/lib/tinyusb/src/common/tusb_fifo.c.obj
                0x0000000010006a78                tu_fifo_empty
 .text.tu_fifo_remaining
                0x0000000010006a88       0x2c CMakeFiles/P2.dir/Users/deemo/Desktop/workspace/pico/pico-sdk/lib/tinyusb/src/common/tusb_fifo.c.obj
                0x0000000010006a88                tu_fifo_remaining
 .text.tu_fifo_read
                0x0000000010006ab4       0xa0 CMakeFiles/P2.dir/Users/deemo/Desktop/workspace/pico/pico-sdk/lib/tinyusb/src/common/tusb_fifo.c.obj
                0x0000000010006ab4                tu_fifo_read
 .text.tu_fifo_read_n
                0x0000000010006b54       0xec CMakeFiles/P2.dir/Users/deemo/Desktop/workspace/pico/pico-sdk/lib/tinyusb/src/common/tusb_fifo.c.obj
                0x0000000010006b54                tu_fifo_read_n
 .text.tu_fifo_write
                0x0000000010006c40       0x88 CMakeFiles/P2.dir/Users/deemo/Desktop/workspace/pico/pico-sdk/lib/tinyusb/src/common/tusb_fifo.c.obj
                0x0000000010006c40                tu_fifo_write
 .text.tu_fifo_write_n
                0x0000000010006cc8      0x168 CMakeFiles/P2.dir/Users/deemo/Desktop/workspace/pico/pico-sdk/lib/tinyusb/src/common/tusb_fifo.c.obj
                0x0000000010006cc8                tu_fifo_write_n
 .text.tu_fifo_clear
                0x0000000010006e30       0x40 CMakeFiles/P2.dir/Users/deemo/Desktop/workspace/pico/pico-sdk/lib/tinyusb/src/common/tusb_fifo.c.obj
                0x0000000010006e30                tu_fifo_clear
 .text.tu_fifo_set_overwritable
                0x0000000010006e70       0x48 CMakeFiles/P2.dir/Users/deemo/Desktop/workspace/pico/pico-sdk/lib/tinyusb/src/common/tusb_fifo.c.obj
                0x0000000010006e70                tu_fifo_set_overwritable
 .text.spi_init
                0x0000000010006eb8      0x138 CMakeFiles/P2.dir/Users/deemo/Desktop/workspace/pico/pico-sdk/src/rp2_common/hardware_spi/spi.c.obj
                0x0000000010006eb8                spi_init
 .text.cyw43_arch_set_async_context
                0x0000000010006ff0        0xc CMakeFiles/P2.dir/Users/deemo/Desktop/workspace/pico/pico-sdk/src/rp2_common/pico_cyw43_arch/cyw43_arch.c.obj
                0x0000000010006ff0                cyw43_arch_set_async_context
 .text.cyw43_arch_gpio_put
                0x0000000010006ffc       0x14 CMakeFiles/P2.dir/Users/deemo/Desktop/workspace/pico/pico-sdk/src/rp2_common/pico_cyw43_arch/cyw43_arch.c.obj
                0x0000000010006ffc                cyw43_arch_gpio_put
 .text.cyw43_arch_async_context
                0x0000000010007010        0xc CMakeFiles/P2.dir/Users/deemo/Desktop/workspace/pico/pico-sdk/src/rp2_common/pico_cyw43_arch/cyw43_arch.c.obj
                0x0000000010007010                cyw43_arch_async_context
 .text.cyw43_arch_init
                0x000000001000701c       0x6c CMakeFiles/P2.dir/Users/deemo/Desktop/workspace/pico/pico-sdk/src/rp2_common/pico_cyw43_arch/cyw43_arch_threadsafe_background.c.obj
                0x000000001000701c                cyw43_arch_init
 .text.ns_delay.constprop.0
                0x0000000010007088       0x20 CMakeFiles/P2.dir/Users/deemo/Desktop/workspace/pico/pico-sdk/src/rp2_common/pico_cyw43_driver/cyw43_bus_pio_spi.c.obj
 .text.cyw43_spi_deinit
                0x00000000100070a8       0x7c CMakeFiles/P2.dir/Users/deemo/Desktop/workspace/pico/pico-sdk/src/rp2_common/pico_cyw43_driver/cyw43_bus_pio_spi.c.obj
                0x00000000100070a8                cyw43_spi_deinit
 .text.cyw43_spi_init
                0x0000000010007124      0x154 CMakeFiles/P2.dir/Users/deemo/Desktop/workspace/pico/pico-sdk/src/rp2_common/pico_cyw43_driver/cyw43_bus_pio_spi.c.obj
                0x0000000010007124                cyw43_spi_init
 .text.cyw43_spi_transfer
                0x0000000010007278      0x430 CMakeFiles/P2.dir/Users/deemo/Desktop/workspace/pico/pico-sdk/src/rp2_common/pico_cyw43_driver/cyw43_bus_pio_spi.c.obj
                0x0000000010007278                cyw43_spi_transfer
 .text.cyw43_spi_gpio_setup
                0x00000000100076a8       0x3c CMakeFiles/P2.dir/Users/deemo/Desktop/workspace/pico/pico-sdk/src/rp2_common/pico_cyw43_driver/cyw43_bus_pio_spi.c.obj
                0x00000000100076a8                cyw43_spi_gpio_setup
 .text.cyw43_spi_reset
                0x00000000100076e4       0x28 CMakeFiles/P2.dir/Users/deemo/Desktop/workspace/pico/pico-sdk/src/rp2_common/pico_cyw43_driver/cyw43_bus_pio_spi.c.obj
                0x00000000100076e4                cyw43_spi_reset
 .text.read_reg_u32_swap
                0x000000001000770c       0x3c CMakeFiles/P2.dir/Users/deemo/Desktop/workspace/pico/pico-sdk/src/rp2_common/pico_cyw43_driver/cyw43_bus_pio_spi.c.obj
                0x000000001000770c                read_reg_u32_swap
 .text.cyw43_read_reg_u32
                0x0000000010007748       0x6c CMakeFiles/P2.dir/Users/deemo/Desktop/workspace/pico/pico-sdk/src/rp2_common/pico_cyw43_driver/cyw43_bus_pio_spi.c.obj
                0x0000000010007748                cyw43_read_reg_u32
 .text.cyw43_read_reg_u16
                0x00000000100077b4       0x6c CMakeFiles/P2.dir/Users/deemo/Desktop/workspace/pico/pico-sdk/src/rp2_common/pico_cyw43_driver/cyw43_bus_pio_spi.c.obj
                0x00000000100077b4                cyw43_read_reg_u16
 .text.cyw43_read_reg_u8
                0x0000000010007820       0x6c CMakeFiles/P2.dir/Users/deemo/Desktop/workspace/pico/pico-sdk/src/rp2_common/pico_cyw43_driver/cyw43_bus_pio_spi.c.obj
                0x0000000010007820                cyw43_read_reg_u8
 .text.write_reg_u32_swap
                0x000000001000788c      0x1e0 CMakeFiles/P2.dir/Users/deemo/Desktop/workspace/pico/pico-sdk/src/rp2_common/pico_cyw43_driver/cyw43_bus_pio_spi.c.obj
                0x000000001000788c                write_reg_u32_swap
 .text.cyw43_write_reg_u32
                0x0000000010007a6c      0x200 CMakeFiles/P2.dir/Users/deemo/Desktop/workspace/pico/pico-sdk/src/rp2_common/pico_cyw43_driver/cyw43_bus_pio_spi.c.obj
                0x0000000010007a6c                cyw43_write_reg_u32
 .text.cyw43_write_reg_u16
                0x0000000010007c6c      0x200 CMakeFiles/P2.dir/Users/deemo/Desktop/workspace/pico/pico-sdk/src/rp2_common/pico_cyw43_driver/cyw43_bus_pio_spi.c.obj
                0x0000000010007c6c                cyw43_write_reg_u16
 .text.cyw43_write_reg_u8
                0x0000000010007e6c      0x200 CMakeFiles/P2.dir/Users/deemo/Desktop/workspace/pico/pico-sdk/src/rp2_common/pico_cyw43_driver/cyw43_bus_pio_spi.c.obj
                0x0000000010007e6c                cyw43_write_reg_u8
 .text.cyw43_read_bytes
                0x000000001000806c       0x78 CMakeFiles/P2.dir/Users/deemo/Desktop/workspace/pico/pico-sdk/src/rp2_common/pico_cyw43_driver/cyw43_bus_pio_spi.c.obj
                0x000000001000806c                cyw43_read_bytes
 .text.cyw43_write_bytes
                0x00000000100080e4       0xec CMakeFiles/P2.dir/Users/deemo/Desktop/workspace/pico/pico-sdk/src/rp2_common/pico_cyw43_driver/cyw43_bus_pio_spi.c.obj
                0x00000000100080e4                cyw43_write_bytes
 .text.cyw43_set_backplane_window
                0x00000000100081d0       0x64 CMakeFiles/P2.dir/Users/deemo/Desktop/workspace/pico/pico-sdk/lib/cyw43-driver/src/cyw43_ll.c.obj
 .text.cyw43_ll_parse_async_event
                0x0000000010008234      0x13c CMakeFiles/P2.dir/Users/deemo/Desktop/workspace/pico/pico-sdk/lib/cyw43-driver/src/cyw43_ll.c.obj
 .text.cyw43_kso_set
                0x0000000010008370       0xa0 CMakeFiles/P2.dir/Users/deemo/Desktop/workspace/pico/pico-sdk/lib/cyw43-driver/src/cyw43_ll.c.obj
 .text.cyw43_ll_sdpcm_poll_device
                0x0000000010008410      0x238 CMakeFiles/P2.dir/Users/deemo/Desktop/workspace/pico/pico-sdk/lib/cyw43-driver/src/cyw43_ll.c.obj
 .text.cyw43_sdpcm_send_common
                0x0000000010008648       0xf0 CMakeFiles/P2.dir/Users/deemo/Desktop/workspace/pico/pico-sdk/lib/cyw43-driver/src/cyw43_ll.c.obj
 .text.cyw43_do_ioctl
                0x0000000010008738      0x110 CMakeFiles/P2.dir/Users/deemo/Desktop/workspace/pico/pico-sdk/lib/cyw43-driver/src/cyw43_ll.c.obj
 .text.cyw43_do_ioctl.constprop.0
                0x0000000010008848      0x108 CMakeFiles/P2.dir/Users/deemo/Desktop/workspace/pico/pico-sdk/lib/cyw43-driver/src/cyw43_ll.c.obj
 .text.cyw43_read_backplane.constprop.0
                0x0000000010008950       0xdc CMakeFiles/P2.dir/Users/deemo/Desktop/workspace/pico/pico-sdk/lib/cyw43-driver/src/cyw43_ll.c.obj
 .text.reset_device_core.constprop.0
                0x0000000010008a2c      0x3f0 CMakeFiles/P2.dir/Users/deemo/Desktop/workspace/pico/pico-sdk/lib/cyw43-driver/src/cyw43_ll.c.obj
 .text.cyw43_ll_init
                0x0000000010008e1c       0x1c CMakeFiles/P2.dir/Users/deemo/Desktop/workspace/pico/pico-sdk/lib/cyw43-driver/src/cyw43_ll.c.obj
                0x0000000010008e1c                cyw43_ll_init
 .text.cyw43_ll_deinit
                0x0000000010008e38        0x8 CMakeFiles/P2.dir/Users/deemo/Desktop/workspace/pico/pico-sdk/lib/cyw43-driver/src/cyw43_ll.c.obj
                0x0000000010008e38                cyw43_ll_deinit
 .text.cyw43_ll_process_packets
                0x0000000010008e40       0x54 CMakeFiles/P2.dir/Users/deemo/Desktop/workspace/pico/pico-sdk/lib/cyw43-driver/src/cyw43_ll.c.obj
                0x0000000010008e40                cyw43_ll_process_packets
 .text.cyw43_ll_ioctl
                0x0000000010008e94       0x20 CMakeFiles/P2.dir/Users/deemo/Desktop/workspace/pico/pico-sdk/lib/cyw43-driver/src/cyw43_ll.c.obj
                0x0000000010008e94                cyw43_ll_ioctl
 .text.cyw43_ll_bus_sleep
                0x0000000010008eb4       0x34 CMakeFiles/P2.dir/Users/deemo/Desktop/workspace/pico/pico-sdk/lib/cyw43-driver/src/cyw43_ll.c.obj
                0x0000000010008eb4                cyw43_ll_bus_sleep
 .text.cyw43_ll_bus_init
                0x0000000010008ee8      0xbf4 CMakeFiles/P2.dir/Users/deemo/Desktop/workspace/pico/pico-sdk/lib/cyw43-driver/src/cyw43_ll.c.obj
                0x0000000010008ee8                cyw43_ll_bus_init
 .text.cyw43_ll_wifi_get_mac
                0x0000000010009adc       0x44 CMakeFiles/P2.dir/Users/deemo/Desktop/workspace/pico/pico-sdk/lib/cyw43-driver/src/cyw43_ll.c.obj
                0x0000000010009adc                cyw43_ll_wifi_get_mac
 .text.cyw43_ll_wifi_set_wpa_auth
                0x0000000010009b20       0x2c CMakeFiles/P2.dir/Users/deemo/Desktop/workspace/pico/pico-sdk/lib/cyw43-driver/src/cyw43_ll.c.obj
                0x0000000010009b20                cyw43_ll_wifi_set_wpa_auth
 .text.cyw43_ll_wifi_rejoin
                0x0000000010009b4c       0x1c CMakeFiles/P2.dir/Users/deemo/Desktop/workspace/pico/pico-sdk/lib/cyw43-driver/src/cyw43_ll.c.obj
                0x0000000010009b4c                cyw43_ll_wifi_rejoin
 .text.cyw43_ll_gpio_set
                0x0000000010009b68       0x6c CMakeFiles/P2.dir/Users/deemo/Desktop/workspace/pico/pico-sdk/lib/cyw43-driver/src/cyw43_ll.c.obj
                0x0000000010009b68                cyw43_ll_gpio_set
 .text.cyw43_ll_has_work
                0x0000000010009bd4       0x14 CMakeFiles/P2.dir/Users/deemo/Desktop/workspace/pico/pico-sdk/lib/cyw43-driver/src/cyw43_ll.c.obj
                0x0000000010009bd4                cyw43_ll_has_work
 .text.cyw43_poll_func
                0x0000000010009be8       0xc0 CMakeFiles/P2.dir/Users/deemo/Desktop/workspace/pico/pico-sdk/lib/cyw43-driver/src/cyw43_ctrl.c.obj
 .text.cyw43_init
                0x0000000010009ca8       0x6c CMakeFiles/P2.dir/Users/deemo/Desktop/workspace/pico/pico-sdk/lib/cyw43-driver/src/cyw43_ctrl.c.obj
                0x0000000010009ca8                cyw43_init
 .text.cyw43_deinit
                0x0000000010009d14       0x90 CMakeFiles/P2.dir/Users/deemo/Desktop/workspace/pico/pico-sdk/lib/cyw43-driver/src/cyw43_ctrl.c.obj
                0x0000000010009d14                cyw43_deinit
 .text.cyw43_cb_read_host_interrupt_pin
                0x0000000010009da4        0xc CMakeFiles/P2.dir/Users/deemo/Desktop/workspace/pico/pico-sdk/lib/cyw43-driver/src/cyw43_ctrl.c.obj
                0x0000000010009da4                cyw43_cb_read_host_interrupt_pin
 .text.cyw43_cb_ensure_awake
                0x0000000010009db0        0xc CMakeFiles/P2.dir/Users/deemo/Desktop/workspace/pico/pico-sdk/lib/cyw43-driver/src/cyw43_ctrl.c.obj
                0x0000000010009db0                cyw43_cb_ensure_awake
 .text.cyw43_cb_process_async_event
                0x0000000010009dbc      0x228 CMakeFiles/P2.dir/Users/deemo/Desktop/workspace/pico/pico-sdk/lib/cyw43-driver/src/cyw43_ctrl.c.obj
                0x0000000010009dbc                cyw43_cb_process_async_event
 .text.cyw43_gpio_set
                0x0000000010009fe4       0xa0 CMakeFiles/P2.dir/Users/deemo/Desktop/workspace/pico/pico-sdk/lib/cyw43-driver/src/cyw43_ctrl.c.obj
                0x0000000010009fe4                cyw43_gpio_set
 .text.pio_sm_unclaim
                0x000000001000a084       0x20 CMakeFiles/P2.dir/Users/deemo/Desktop/workspace/pico/pico-sdk/src/rp2_common/hardware_pio/pio.c.obj
                0x000000001000a084                pio_sm_unclaim
 .text.pio_claim_unused_sm
                0x000000001000a0a4       0x3c CMakeFiles/P2.dir/Users/deemo/Desktop/workspace/pico/pico-sdk/src/rp2_common/hardware_pio/pio.c.obj
                0x000000001000a0a4                pio_claim_unused_sm
 .text.pio_can_add_program
                0x000000001000a0e0       0x68 CMakeFiles/P2.dir/Users/deemo/Desktop/workspace/pico/pico-sdk/src/rp2_common/hardware_pio/pio.c.obj
                0x000000001000a0e0                pio_can_add_program
 .text.pio_add_program
                0x000000001000a148       0xc8 CMakeFiles/P2.dir/Users/deemo/Desktop/workspace/pico/pico-sdk/src/rp2_common/hardware_pio/pio.c.obj
                0x000000001000a148                pio_add_program
 .text.pio_remove_program
                0x000000001000a210       0x34 CMakeFiles/P2.dir/Users/deemo/Desktop/workspace/pico/pico-sdk/src/rp2_common/hardware_pio/pio.c.obj
                0x000000001000a210                pio_remove_program
 .text.pio_sm_set_pindirs_with_mask
                0x000000001000a244       0xa4 CMakeFiles/P2.dir/Users/deemo/Desktop/workspace/pico/pico-sdk/src/rp2_common/hardware_pio/pio.c.obj
                0x000000001000a244                pio_sm_set_pindirs_with_mask
 .text.pio_sm_set_consecutive_pindirs
                0x000000001000a2e8       0xb0 CMakeFiles/P2.dir/Users/deemo/Desktop/workspace/pico/pico-sdk/src/rp2_common/hardware_pio/pio.c.obj
                0x000000001000a2e8                pio_sm_set_consecutive_pindirs
 .text.dma_channel_unclaim
                0x000000001000a398       0x10 CMakeFiles/P2.dir/Users/deemo/Desktop/workspace/pico/pico-sdk/src/rp2_common/hardware_dma/dma.c.obj
                0x000000001000a398                dma_channel_unclaim
 .text.dma_claim_unused_channel
                0x000000001000a3a8       0x20 CMakeFiles/P2.dir/Users/deemo/Desktop/workspace/pico/pico-sdk/src/rp2_common/hardware_dma/dma.c.obj
                0x000000001000a3a8                dma_claim_unused_channel
 .text.dma_channel_cleanup
                0x000000001000a3c8       0x60 CMakeFiles/P2.dir/Users/deemo/Desktop/workspace/pico/pico-sdk/src/rp2_common/hardware_dma/dma.c.obj
                0x000000001000a3c8                dma_channel_cleanup
 .text.cyw43_sleep_timeout_reached
                0x000000001000a428       0x10 CMakeFiles/P2.dir/Users/deemo/Desktop/workspace/pico/pico-sdk/src/rp2_common/pico_cyw43_driver/cyw43_driver.c.obj
 .text.cyw43_irq_init
                0x000000001000a438       0x28 CMakeFiles/P2.dir/Users/deemo/Desktop/workspace/pico/pico-sdk/src/rp2_common/pico_cyw43_driver/cyw43_driver.c.obj
                0x000000001000a438                cyw43_irq_init
 .text.cyw43_irq_deinit
                0x000000001000a460       0x20 CMakeFiles/P2.dir/Users/deemo/Desktop/workspace/pico/pico-sdk/src/rp2_common/pico_cyw43_driver/cyw43_driver.c.obj
                0x000000001000a460                cyw43_irq_deinit
 .text.cyw43_gpio_irq_handler
                0x000000001000a480       0x44 CMakeFiles/P2.dir/Users/deemo/Desktop/workspace/pico/pico-sdk/src/rp2_common/pico_cyw43_driver/cyw43_driver.c.obj
 .text.cyw43_do_poll
                0x000000001000a4c4       0x6c CMakeFiles/P2.dir/Users/deemo/Desktop/workspace/pico/pico-sdk/src/rp2_common/pico_cyw43_driver/cyw43_driver.c.obj
 .text.cyw43_post_poll_hook
                0x000000001000a530       0x10 CMakeFiles/P2.dir/Users/deemo/Desktop/workspace/pico/pico-sdk/src/rp2_common/pico_cyw43_driver/cyw43_driver.c.obj
                0x000000001000a530                cyw43_post_poll_hook
 .text.cyw43_schedule_internal_poll_dispatch
                0x000000001000a540       0x18 CMakeFiles/P2.dir/Users/deemo/Desktop/workspace/pico/pico-sdk/src/rp2_common/pico_cyw43_driver/cyw43_driver.c.obj
                0x000000001000a540                cyw43_schedule_internal_poll_dispatch
 .text.cyw43_driver_init
                0x000000001000a558       0x38 CMakeFiles/P2.dir/Users/deemo/Desktop/workspace/pico/pico-sdk/src/rp2_common/pico_cyw43_driver/cyw43_driver.c.obj
                0x000000001000a558                cyw43_driver_init
 .text.cyw43_driver_deinit
                0x000000001000a590       0x44 CMakeFiles/P2.dir/Users/deemo/Desktop/workspace/pico/pico-sdk/src/rp2_common/pico_cyw43_driver/cyw43_driver.c.obj
                0x000000001000a590                cyw43_driver_deinit
 .text.cyw43_hal_generate_laa_mac
                0x000000001000a5d4       0x28 CMakeFiles/P2.dir/Users/deemo/Desktop/workspace/pico/pico-sdk/src/rp2_common/pico_cyw43_driver/cyw43_driver.c.obj
                0x000000001000a5d4                cyw43_hal_generate_laa_mac
 .text.cyw43_thread_enter
                0x000000001000a5fc       0x14 CMakeFiles/P2.dir/Users/deemo/Desktop/workspace/pico/pico-sdk/src/rp2_common/pico_cyw43_driver/cyw43_driver.c.obj
                0x000000001000a5fc                cyw43_thread_enter
 .text.cyw43_thread_exit
                0x000000001000a610       0x14 CMakeFiles/P2.dir/Users/deemo/Desktop/workspace/pico/pico-sdk/src/rp2_common/pico_cyw43_driver/cyw43_driver.c.obj
                0x000000001000a610                cyw43_thread_exit
 .text.cyw43_await_background_or_timeout_us
                0x000000001000a624       0x34 CMakeFiles/P2.dir/Users/deemo/Desktop/workspace/pico/pico-sdk/src/rp2_common/pico_cyw43_driver/cyw43_driver.c.obj
                0x000000001000a624                cyw43_await_background_or_timeout_us
 .text.cyw43_delay_ms
                0x000000001000a658       0x44 CMakeFiles/P2.dir/Users/deemo/Desktop/workspace/pico/pico-sdk/src/rp2_common/pico_cyw43_driver/cyw43_driver.c.obj
                0x000000001000a658                cyw43_delay_ms
 .text.cyw43_cb_tcpip_deinit
                0x000000001000a69c        0x4 CMakeFiles/P2.dir/Users/deemo/Desktop/workspace/pico/pico-sdk/src/rp2_common/pico_cyw43_driver/cyw43_driver.c.obj
                0x000000001000a69c                cyw43_cb_tcpip_deinit
 .text.cyw43_cb_tcpip_set_link_up
                0x000000001000a6a0        0xc CMakeFiles/P2.dir/Users/deemo/Desktop/workspace/pico/pico-sdk/src/rp2_common/pico_cyw43_driver/cyw43_driver.c.obj
                0x000000001000a6a0                cyw43_cb_tcpip_set_link_up
 .text.cyw43_cb_tcpip_set_link_down
                0x000000001000a6ac        0xc CMakeFiles/P2.dir/Users/deemo/Desktop/workspace/pico/pico-sdk/src/rp2_common/pico_cyw43_driver/cyw43_driver.c.obj
                0x000000001000a6ac                cyw43_cb_tcpip_set_link_down
 .text.cyw43_cb_process_ethernet
                0x000000001000a6b8        0xc CMakeFiles/P2.dir/Users/deemo/Desktop/workspace/pico/pico-sdk/src/rp2_common/pico_cyw43_driver/cyw43_driver.c.obj
                0x000000001000a6b8                cyw43_cb_process_ethernet
 .text.async_context_threadsafe_background_acquire_lock_blocking
                0x000000001000a6c4        0xc CMakeFiles/P2.dir/Users/deemo/Desktop/workspace/pico/pico-sdk/src/rp2_common/pico_async_context/async_context_threadsafe_background.c.obj
 .text.alarm_handler
                0x000000001000a6d0       0x20 CMakeFiles/P2.dir/Users/deemo/Desktop/workspace/pico/pico-sdk/src/rp2_common/pico_async_context/async_context_threadsafe_background.c.obj
 .text.async_context_threadsafe_background_set_work_pending
                0x000000001000a6f0       0x1c CMakeFiles/P2.dir/Users/deemo/Desktop/workspace/pico/pico-sdk/src/rp2_common/pico_async_context/async_context_threadsafe_background.c.obj
 .text.process_under_lock
                0x000000001000a70c       0xc8 CMakeFiles/P2.dir/Users/deemo/Desktop/workspace/pico/pico-sdk/src/rp2_common/pico_async_context/async_context_threadsafe_background.c.obj
 .text.async_context_threadsafe_background_execute_sync
                0x000000001000a7d4       0x30 CMakeFiles/P2.dir/Users/deemo/Desktop/workspace/pico/pico-sdk/src/rp2_common/pico_async_context/async_context_threadsafe_background.c.obj
                0x000000001000a7d4                async_context_threadsafe_background_execute_sync
 .text.async_context_threadsafe_background_deinit
                0x000000001000a804       0x54 CMakeFiles/P2.dir/Users/deemo/Desktop/workspace/pico/pico-sdk/src/rp2_common/pico_async_context/async_context_threadsafe_background.c.obj
 .text.low_priority_irq_handler
                0x000000001000a858       0x3c CMakeFiles/P2.dir/Users/deemo/Desktop/workspace/pico/pico-sdk/src/rp2_common/pico_async_context/async_context_threadsafe_background.c.obj
 .text.async_context_threadsafe_background_wait_for_work_until
                0x000000001000a894        0xc CMakeFiles/P2.dir/Users/deemo/Desktop/workspace/pico/pico-sdk/src/rp2_common/pico_async_context/async_context_threadsafe_background.c.obj
 .text.async_context_threadsafe_background_wait_until
                0x000000001000a8a0       0x1c CMakeFiles/P2.dir/Users/deemo/Desktop/workspace/pico/pico-sdk/src/rp2_common/pico_async_context/async_context_threadsafe_background.c.obj
 .text.async_context_threadsafe_background_lock_check
                0x000000001000a8bc       0x28 CMakeFiles/P2.dir/Users/deemo/Desktop/workspace/pico/pico-sdk/src/rp2_common/pico_async_context/async_context_threadsafe_background.c.obj
 .text.async_context_threadsafe_background_release_lock
                0x000000001000a8e4       0x1c CMakeFiles/P2.dir/Users/deemo/Desktop/workspace/pico/pico-sdk/src/rp2_common/pico_async_context/async_context_threadsafe_background.c.obj
 .text.async_context_threadsafe_background_when_pending_worker
                0x000000001000a900       0x34 CMakeFiles/P2.dir/Users/deemo/Desktop/workspace/pico/pico-sdk/src/rp2_common/pico_async_context/async_context_threadsafe_background.c.obj
 .text.async_context_threadsafe_background_remove_at_time_worker
                0x000000001000a934       0x34 CMakeFiles/P2.dir/Users/deemo/Desktop/workspace/pico/pico-sdk/src/rp2_common/pico_async_context/async_context_threadsafe_background.c.obj
 .text.async_context_threadsafe_background_add_when_pending_worker
                0x000000001000a968       0x34 CMakeFiles/P2.dir/Users/deemo/Desktop/workspace/pico/pico-sdk/src/rp2_common/pico_async_context/async_context_threadsafe_background.c.obj
 .text.async_context_threadsafe_background_add_at_time_worker
                0x000000001000a99c       0x34 CMakeFiles/P2.dir/Users/deemo/Desktop/workspace/pico/pico-sdk/src/rp2_common/pico_async_context/async_context_threadsafe_background.c.obj
 .text.async_context_threadsafe_background_default_config
                0x000000001000a9d0        0xc CMakeFiles/P2.dir/Users/deemo/Desktop/workspace/pico/pico-sdk/src/rp2_common/pico_async_context/async_context_threadsafe_background.c.obj
                0x000000001000a9d0                async_context_threadsafe_background_default_config
 .text.async_context_threadsafe_background_init
                0x000000001000a9dc       0x8c CMakeFiles/P2.dir/Users/deemo/Desktop/workspace/pico/pico-sdk/src/rp2_common/pico_async_context/async_context_threadsafe_background.c.obj
                0x000000001000a9dc                async_context_threadsafe_background_init
 .text.async_context_base_add_at_time_worker
                0x000000001000aa68       0x28 CMakeFiles/P2.dir/Users/deemo/Desktop/workspace/pico/pico-sdk/src/rp2_common/pico_async_context/async_context_base.c.obj
                0x000000001000aa68                async_context_base_add_at_time_worker
 .text.async_context_base_remove_at_time_worker
                0x000000001000aa90       0x28 CMakeFiles/P2.dir/Users/deemo/Desktop/workspace/pico/pico-sdk/src/rp2_common/pico_async_context/async_context_base.c.obj
                0x000000001000aa90                async_context_base_remove_at_time_worker
 .text.async_context_base_add_when_pending_worker
                0x000000001000aab8       0x24 CMakeFiles/P2.dir/Users/deemo/Desktop/workspace/pico/pico-sdk/src/rp2_common/pico_async_context/async_context_base.c.obj
                0x000000001000aab8                async_context_base_add_when_pending_worker
 .text.async_context_base_remove_when_pending_worker
                0x000000001000aadc       0x28 CMakeFiles/P2.dir/Users/deemo/Desktop/workspace/pico/pico-sdk/src/rp2_common/pico_async_context/async_context_base.c.obj
                0x000000001000aadc                async_context_base_remove_when_pending_worker
 .text.async_context_base_execute_once
                0x000000001000ab04       0xe8 CMakeFiles/P2.dir/Users/deemo/Desktop/workspace/pico/pico-sdk/src/rp2_common/pico_async_context/async_context_base.c.obj
                0x000000001000ab04                async_context_base_execute_once
 .text.strlen   0x000000001000abec       0x5c /opt/homebrew/Cellar/arm-none-eabi-gcc/10-2020-q4-major/gcc/bin/../lib/gcc/arm-none-eabi/10.2.1/../../../../arm-none-eabi/lib/thumb/v6-m/nofp/libc.a(lib_a-strlen-stub.o)
                0x000000001000abec                strlen
 .text.strncmp  0x000000001000ac48       0x74 /opt/homebrew/Cellar/arm-none-eabi-gcc/10-2020-q4-major/gcc/bin/../lib/gcc/arm-none-eabi/10.2.1/../../../../arm-none-eabi/lib/thumb/v6-m/nofp/libc.a(lib_a-strncmp.o)
                0x000000001000ac48                strncmp
 *(.fini)
 .fini          0x000000001000acbc        0x4 /opt/homebrew/Cellar/arm-none-eabi-gcc/10-2020-q4-major/gcc/bin/../lib/gcc/arm-none-eabi/10.2.1/thumb/v6-m/nofp/crti.o
                0x000000001000acbc                _fini
 .fini.__stub   0x000000001000acc0      0x170 linker stubs
 *crtbegin.o(.ctors)
 *crtbegin?.o(.ctors)
 *(EXCLUDE_FILE(*crtend.o *crtend?.o) .ctors)
 *(SORT_BY_NAME(.ctors.*))
 *(.ctors)
 *crtbegin.o(.dtors)
 *crtbegin?.o(.dtors)
 *(EXCLUDE_FILE(*crtend.o *crtend?.o) .dtors)
 *(SORT_BY_NAME(.dtors.*))
 *(.dtors)
 *(.eh_frame*)
 .eh_frame      0x000000001000ae30        0x0 /opt/homebrew/Cellar/arm-none-eabi-gcc/10-2020-q4-major/gcc/bin/../lib/gcc/arm-none-eabi/10.2.1/thumb/v6-m/nofp/crtbegin.o
                0x000000001000ae30                . = ALIGN (0x4)

.glue_7         0x000000001000ae30        0x0
 .glue_7        0x000000001000ae30        0x0 linker stubs

.glue_7t        0x000000001000ae30        0x0
 .glue_7t       0x000000001000ae30        0x0 linker stubs

.vfp11_veneer   0x000000001000ae30        0x0
 .vfp11_veneer  0x000000001000ae30        0x0 linker stubs

.v4_bx          0x000000001000ae30        0x0
 .v4_bx         0x000000001000ae30        0x0 linker stubs

.iplt           0x000000001000ae30        0x0
 .iplt          0x000000001000ae30        0x0 /opt/homebrew/Cellar/arm-none-eabi-gcc/10-2020-q4-major/gcc/bin/../lib/gcc/arm-none-eabi/10.2.1/thumb/v6-m/nofp/crtbegin.o

.rodata         0x000000001000ae30    0x37e54
 *(EXCLUDE_FILE(*libm.a: *libc.a:*lib_a-mem*.o *libgcc.a:) .rodata*)
 .rodata.main.str1.4
                0x000000001000ae30       0x9a CMakeFiles/P2.dir/P2.c.obj
 *fill*         0x000000001000aeca        0x2 
 .rodata        0x000000001000aecc       0x10 CMakeFiles/P2.dir/P2.c.obj
 .rodata.spin_lock_claim_unused.str1.4
                0x000000001000aedc       0x1b CMakeFiles/P2.dir/Users/deemo/Desktop/workspace/pico/pico-sdk/src/rp2_common/hardware_sync/sync.c.obj
 *fill*         0x000000001000aef7        0x1 
 .rodata.user_irq_claim_unused.str1.4
                0x000000001000aef8       0x1b CMakeFiles/P2.dir/Users/deemo/Desktop/workspace/pico/pico-sdk/src/rp2_common/hardware_irq/irq.c.obj
 *fill*         0x000000001000af13        0x5 
 .rodata.at_the_end_of_time
                0x000000001000af18        0x8 CMakeFiles/P2.dir/Users/deemo/Desktop/workspace/pico/pico-sdk/src/common/pico_time/time.c.obj
                0x000000001000af18                at_the_end_of_time
 .rodata.hardware_alarm_claim.str1.4
                0x000000001000af20       0x22 CMakeFiles/P2.dir/Users/deemo/Desktop/workspace/pico/pico-sdk/src/rp2_common/hardware_timer/timer.c.obj
 *fill*         0x000000001000af42        0x2 
 .rodata.panic.str1.4
                0x000000001000af44       0x10 CMakeFiles/P2.dir/Users/deemo/Desktop/workspace/pico/pico-sdk/src/rp2_common/pico_runtime/runtime.c.obj
                                         0x12 (size before relaxing)
 .rodata.hard_assertion_failure.str1.4
                0x000000001000af54        0xc CMakeFiles/P2.dir/Users/deemo/Desktop/workspace/pico/pico-sdk/src/rp2_common/pico_runtime/runtime.c.obj
 .rodata._ftoa.str1.4
                0x000000001000af60       0x15 CMakeFiles/P2.dir/Users/deemo/Desktop/workspace/pico/pico-sdk/src/rp2_common/pico_printf/printf.c.obj
 *fill*         0x000000001000af75        0x3 
 .rodata._vsnprintf
                0x000000001000af78      0x1e0 CMakeFiles/P2.dir/Users/deemo/Desktop/workspace/pico/pico-sdk/src/rp2_common/pico_printf/printf.c.obj
 .rodata.pow10.0
                0x000000001000b158       0x50 CMakeFiles/P2.dir/Users/deemo/Desktop/workspace/pico/pico-sdk/src/rp2_common/pico_printf/printf.c.obj
 .rodata.missing_double_func_shim.str1.4
                0x000000001000b1a8       0x18 CMakeFiles/P2.dir/Users/deemo/Desktop/workspace/pico/pico-sdk/src/rp2_common/pico_double/double_init_rom.c.obj
 .rodata.missing_float_func_shim.str1.4
                0x000000001000b1c0       0x18 CMakeFiles/P2.dir/Users/deemo/Desktop/workspace/pico/pico-sdk/src/rp2_common/pico_float/float_init_rom.c.obj
                                          0x1 (size before relaxing)
 .rodata.str1.4
                0x000000001000b1c0       0x38 CMakeFiles/P2.dir/Users/deemo/Desktop/workspace/pico/pico-sdk/src/rp2_common/pico_standard_link/binary_info.c.obj
 .rodata.__bi_44
                0x000000001000b1f8        0xc CMakeFiles/P2.dir/Users/deemo/Desktop/workspace/pico/pico-sdk/src/rp2_common/pico_standard_link/binary_info.c.obj
 .rodata.__bi_75
                0x000000001000b204        0xc CMakeFiles/P2.dir/Users/deemo/Desktop/workspace/pico/pico-sdk/src/rp2_common/pico_standard_link/binary_info.c.obj
 .rodata.__bi_81
                0x000000001000b210        0xc CMakeFiles/P2.dir/Users/deemo/Desktop/workspace/pico/pico-sdk/src/rp2_common/pico_standard_link/binary_info.c.obj
 .rodata.crlf_str.0
                0x000000001000b21c        0x2 CMakeFiles/P2.dir/Users/deemo/Desktop/workspace/pico/pico-sdk/src/rp2_common/pico_stdio/stdio.c.obj
 *fill*         0x000000001000b21e        0x2 
 .rodata._resetd_driver
                0x000000001000b220       0x18 CMakeFiles/P2.dir/Users/deemo/Desktop/workspace/pico/pico-sdk/src/rp2_common/pico_stdio_usb/reset_interface.c.obj
 .rodata.str1.4
                0x000000001000b238       0x13 CMakeFiles/P2.dir/Users/deemo/Desktop/workspace/pico/pico-sdk/src/rp2_common/pico_stdio_usb/stdio_usb.c.obj
 *fill*         0x000000001000b24b        0x1 
 .rodata.__bi_182.0
                0x000000001000b24c        0xc CMakeFiles/P2.dir/Users/deemo/Desktop/workspace/pico/pico-sdk/src/rp2_common/pico_stdio_usb/stdio_usb.c.obj
 .rodata.str1.4
                0x000000001000b258       0x2a CMakeFiles/P2.dir/Users/deemo/Desktop/workspace/pico/pico-sdk/src/rp2_common/pico_stdio_usb/stdio_usb_descriptors.c.obj
 *fill*         0x000000001000b282        0x2 
 .rodata.usbd_desc_cfg
                0x000000001000b284       0x54 CMakeFiles/P2.dir/Users/deemo/Desktop/workspace/pico/pico-sdk/src/rp2_common/pico_stdio_usb/stdio_usb_descriptors.c.obj
 .rodata.usbd_desc_device
                0x000000001000b2d8       0x12 CMakeFiles/P2.dir/Users/deemo/Desktop/workspace/pico/pico-sdk/src/rp2_common/pico_stdio_usb/stdio_usb_descriptors.c.obj
 *fill*         0x000000001000b2ea        0x2 
 .rodata.usbd_desc_str
                0x000000001000b2ec       0x18 CMakeFiles/P2.dir/Users/deemo/Desktop/workspace/pico/pico-sdk/src/rp2_common/pico_stdio_usb/stdio_usb_descriptors.c.obj
 .rodata.str1.4
                0x000000001000b304       0x14 CMakeFiles/P2.dir/Users/deemo/Desktop/workspace/pico/pico-sdk/lib/tinyusb/src/portable/raspberrypi/rp2040/dcd_rp2040.c.obj
 .rodata.str1.4
                0x000000001000b318       0x4f CMakeFiles/P2.dir/Users/deemo/Desktop/workspace/pico/pico-sdk/lib/tinyusb/src/portable/raspberrypi/rp2040/rp2040_usb.c.obj
                                         0x53 (size before relaxing)
 *fill*         0x000000001000b367        0x1 
 .rodata.tud_task_ext
                0x000000001000b368       0x8c CMakeFiles/P2.dir/Users/deemo/Desktop/workspace/pico/pico-sdk/lib/tinyusb/src/device/usbd.c.obj
 .rodata._usbd_driver
                0x000000001000b3f4       0x18 CMakeFiles/P2.dir/Users/deemo/Desktop/workspace/pico/pico-sdk/lib/tinyusb/src/device/usbd.c.obj
 .rodata.cyw43_read_bytes.str1.4
                0x000000001000b40c       0x1a CMakeFiles/P2.dir/Users/deemo/Desktop/workspace/pico/pico-sdk/src/rp2_common/pico_cyw43_driver/cyw43_bus_pio_spi.c.obj
 .rodata.cyw43_write_bytes.str1.4
                0x000000001000b426       0x1a CMakeFiles/P2.dir/Users/deemo/Desktop/workspace/pico/pico-sdk/src/rp2_common/pico_cyw43_driver/cyw43_bus_pio_spi.c.obj
                                          0xd (size before relaxing)
 *fill*         0x000000001000b426        0x2 
 .rodata.spi_gap01_sample0_program
                0x000000001000b428        0x6 CMakeFiles/P2.dir/Users/deemo/Desktop/workspace/pico/pico-sdk/src/rp2_common/pico_cyw43_driver/cyw43_bus_pio_spi.c.obj
 *fill*         0x000000001000b42e        0x2 
 .rodata.spi_gap01_sample0_program_instructions
                0x000000001000b430        0xc CMakeFiles/P2.dir/Users/deemo/Desktop/workspace/pico/pico-sdk/src/rp2_common/pico_cyw43_driver/cyw43_bus_pio_spi.c.obj
 .rodata.cyw43_kso_set.str1.4
                0x000000001000b43c       0x23 CMakeFiles/P2.dir/Users/deemo/Desktop/workspace/pico/pico-sdk/lib/cyw43-driver/src/cyw43_ll.c.obj
 *fill*         0x000000001000b45f        0x1 
 .rodata.cyw43_ll_sdpcm_poll_device.str1.4
                0x000000001000b460       0x55 CMakeFiles/P2.dir/Users/deemo/Desktop/workspace/pico/pico-sdk/lib/cyw43-driver/src/cyw43_ll.c.obj
 *fill*         0x000000001000b4b5        0x3 
 .rodata.cyw43_sdpcm_send_common.str1.4
                0x000000001000b4b8       0x22 CMakeFiles/P2.dir/Users/deemo/Desktop/workspace/pico/pico-sdk/lib/cyw43-driver/src/cyw43_ll.c.obj
 *fill*         0x000000001000b4da        0x2 
 .rodata.cyw43_do_ioctl.str1.4
                0x000000001000b4dc       0x53 CMakeFiles/P2.dir/Users/deemo/Desktop/workspace/pico/pico-sdk/lib/cyw43-driver/src/cyw43_ll.c.obj
 *fill*         0x000000001000b52f        0x1 
 .rodata.reset_device_core.constprop.0.str1.4
                0x000000001000b530       0x1a CMakeFiles/P2.dir/Users/deemo/Desktop/workspace/pico/pico-sdk/lib/cyw43-driver/src/cyw43_ll.c.obj
 *fill*         0x000000001000b54a        0x2 
 .rodata.cyw43_ll_bus_init.str1.4
                0x000000001000b54c       0xfe CMakeFiles/P2.dir/Users/deemo/Desktop/workspace/pico/pico-sdk/lib/cyw43-driver/src/cyw43_ll.c.obj
 *fill*         0x000000001000b64a        0x2 
 .rodata.cyw43_ll_gpio_set.str1.4
                0x000000001000b64c        0x8 CMakeFiles/P2.dir/Users/deemo/Desktop/workspace/pico/pico-sdk/lib/cyw43-driver/src/cyw43_ll.c.obj
 .rodata        0x000000001000b654       0x72 CMakeFiles/P2.dir/Users/deemo/Desktop/workspace/pico/pico-sdk/lib/cyw43-driver/src/cyw43_ll.c.obj
 *fill*         0x000000001000b6c6        0x2 
 .rodata.w43439A0_7_95_49_00_combined
                0x000000001000b6c8    0x36fd8 CMakeFiles/P2.dir/Users/deemo/Desktop/workspace/pico/pico-sdk/lib/cyw43-driver/src/cyw43_ll.c.obj
 .rodata.wifi_nvram_4343
                0x00000000100426a0      0x2e7 CMakeFiles/P2.dir/Users/deemo/Desktop/workspace/pico/pico-sdk/lib/cyw43-driver/src/cyw43_ll.c.obj
 *fill*         0x0000000010042987        0x1 
 .rodata.cyw43_cb_process_async_event.str1.4
                0x0000000010042988       0x28 CMakeFiles/P2.dir/Users/deemo/Desktop/workspace/pico/pico-sdk/lib/cyw43-driver/src/cyw43_ctrl.c.obj
 .rodata.str1.4
                0x00000000100429b0       0x9e CMakeFiles/P2.dir/Users/deemo/Desktop/workspace/pico/pico-sdk/lib/cyw43-driver/src/cyw43_ctrl.c.obj
 *fill*         0x0000000010042a4e        0x2 
 .rodata.cyw43_async_event_name_table
                0x0000000010042a50      0x164 CMakeFiles/P2.dir/Users/deemo/Desktop/workspace/pico/pico-sdk/lib/cyw43-driver/src/cyw43_ctrl.c.obj
 .rodata.pio_claim_unused_sm.str1.4
                0x0000000010042bb4       0x24 CMakeFiles/P2.dir/Users/deemo/Desktop/workspace/pico/pico-sdk/src/rp2_common/hardware_pio/pio.c.obj
 .rodata.pio_add_program.str1.4
                0x0000000010042bd8       0x11 CMakeFiles/P2.dir/Users/deemo/Desktop/workspace/pico/pico-sdk/src/rp2_common/hardware_pio/pio.c.obj
 *fill*         0x0000000010042be9        0x3 
 .rodata.dma_claim_unused_channel.str1.4
                0x0000000010042bec       0x1e CMakeFiles/P2.dir/Users/deemo/Desktop/workspace/pico/pico-sdk/src/rp2_common/hardware_dma/dma.c.obj
 *fill*         0x0000000010042c0a        0x2 
 .rodata.cyw43_cb_tcpip_set_link_up.str1.4
                0x0000000010042c0c       0x20 CMakeFiles/P2.dir/Users/deemo/Desktop/workspace/pico/pico-sdk/src/rp2_common/pico_cyw43_driver/cyw43_driver.c.obj
 .rodata.async_context_threadsafe_background_lock_check.str1.4
                0x0000000010042c2c       0x20 CMakeFiles/P2.dir/Users/deemo/Desktop/workspace/pico/pico-sdk/src/rp2_common/pico_async_context/async_context_threadsafe_background.c.obj
 .rodata.template
                0x0000000010042c4c       0x38 CMakeFiles/P2.dir/Users/deemo/Desktop/workspace/pico/pico-sdk/src/rp2_common/pico_async_context/async_context_threadsafe_background.c.obj
                0x0000000010042c84                . = ALIGN (0x4)
 *(SORT_BY_ALIGNMENT(SORT_BY_NAME(.flashdata*)))
                0x0000000010042c84                . = ALIGN (0x4)

.ARM.extab
 *(.ARM.extab* .gnu.linkonce.armextab.*)
                0x0000000010042c84                __exidx_start = .

.ARM.exidx
 *(.ARM.exidx* .gnu.linkonce.armexidx.*)
                0x0000000010042c84                __exidx_end = .
                0x0000000010042c84                . = ALIGN (0x4)
                0x0000000010042c84                __binary_info_start = .

.binary_info    0x0000000010042c84       0x20
 *(.binary_info.keep.*)
 .binary_info.keep.__bi_ptr22
                0x0000000010042c84        0x4 CMakeFiles/P2.dir/Users/deemo/Desktop/workspace/pico/pico-sdk/src/rp2_common/pico_standard_link/binary_info.c.obj
 .binary_info.keep.__bi_ptr30
                0x0000000010042c88        0x4 CMakeFiles/P2.dir/Users/deemo/Desktop/workspace/pico/pico-sdk/src/rp2_common/pico_standard_link/binary_info.c.obj
 .binary_info.keep.__bi_ptr38
                0x0000000010042c8c        0x4 CMakeFiles/P2.dir/Users/deemo/Desktop/workspace/pico/pico-sdk/src/rp2_common/pico_standard_link/binary_info.c.obj