Archive member included to satisfy reference by file (symbol)

/opt/homebrew/Cellar/arm-none-eabi-gcc/10-2020-q4-major/gcc/bin/../lib/gcc/arm-none-eabi/10.2.1/../../../../arm-none-eabi/lib/thumb/v6-m/nofp/libm.a(lib_a-s_fmax.o)
                              CMakeFiles/P2.dir/Users/deemo/Desktop/workspace/Drone/BD/software/lib/ESC/esc.c.obj (fmax)
/opt/homebrew/Cellar/arm-none-eabi-gcc/10-2020-q4-major/gcc/bin/../lib/gcc/arm-none-eabi/10.2.1/../../../../arm-none-eabi/lib/thumb/v6-m/nofp/libm.a(lib_a-s_fmin.o)
                              CMakeFiles/P2.dir/Users/deemo/Desktop/workspace/Drone/BD/software/lib/ESC/esc.c.obj (fmin)
/opt/homebrew/Cellar/arm-none-eabi-gcc/10-2020-q4-major/gcc/bin/../lib/gcc/arm-none-eabi/10.2.1/../../../../arm-none-eabi/lib/thumb/v6-m/nofp/libm.a(lib_a-s_fpclassify.o)
                              /opt/homebrew/Cellar/arm-none-eabi-gcc/10-2020-q4-major/gcc/bin/../lib/gcc/arm-none-eabi/10.2.1/../../../../arm-none-eabi/lib/thumb/v6-m/nofp/libm.a(lib_a-s_fmax.o) (__fpclassifyd)
/opt/homebrew/Cellar/arm-none-eabi-gcc/10-2020-q4-major/gcc/bin/../lib/gcc/arm-none-eabi/10.2.1/thumb/v6-m/nofp/libgcc.a(_dvmd_tls.o)
                              CMakeFiles/P2.dir/Users/deemo/Desktop/workspace/pico/pico-sdk/src/rp2_common/pico_divider/divider.S.obj (__aeabi_idiv0)
/opt/homebrew/Cellar/arm-none-eabi-gcc/10-2020-q4-major/gcc/bin/../lib/gcc/arm-none-eabi/10.2.1/../../../../arm-none-eabi/lib/thumb/v6-m/nofp/libg.a(lib_a-atoi.o)
                              CMakeFiles/P2.dir/P2.c.obj (atoi)
/opt/homebrew/Cellar/arm-none-eabi-gcc/10-2020-q4-major/gcc/bin/../lib/gcc/arm-none-eabi/10.2.1/../../../../arm-none-eabi/lib/thumb/v6-m/nofp/libg.a(lib_a-calloc.o)
                              CMakeFiles/P2.dir/Users/deemo/Desktop/workspace/pico/pico-sdk/src/rp2_common/pico_malloc/pico_malloc.c.obj (calloc)
/opt/homebrew/Cellar/arm-none-eabi-gcc/10-2020-q4-major/gcc/bin/../lib/gcc/arm-none-eabi/10.2.1/../../../../arm-none-eabi/lib/thumb/v6-m/nofp/libg.a(lib_a-callocr.o)
                              /opt/homebrew/Cellar/arm-none-eabi-gcc/10-2020-q4-major/gcc/bin/../lib/gcc/arm-none-eabi/10.2.1/../../../../arm-none-eabi/lib/thumb/v6-m/nofp/libg.a(lib_a-calloc.o) (_calloc_r)
/opt/homebrew/Cellar/arm-none-eabi-gcc/10-2020-q4-major/gcc/bin/../lib/gcc/arm-none-eabi/10.2.1/../../../../arm-none-eabi/lib/thumb/v6-m/nofp/libg.a(lib_a-impure.o)
                              /opt/homebrew/Cellar/arm-none-eabi-gcc/10-2020-q4-major/gcc/bin/../lib/gcc/arm-none-eabi/10.2.1/../../../../arm-none-eabi/lib/thumb/v6-m/nofp/libg.a(lib_a-calloc.o) (_impure_ptr)
/opt/homebrew/Cellar/arm-none-eabi-gcc/10-2020-q4-major/gcc/bin/../lib/gcc/arm-none-eabi/10.2.1/../../../../arm-none-eabi/lib/thumb/v6-m/nofp/libg.a(lib_a-init.o)
                              /opt/homebrew/Cellar/arm-none-eabi-gcc/10-2020-q4-major/gcc/bin/../lib/gcc/arm-none-eabi/10.2.1/../../../../arm-none-eabi/lib/thumb/v6-m/nofp/crt0.o (__libc_init_array)
/opt/homebrew/Cellar/arm-none-eabi-gcc/10-2020-q4-major/gcc/bin/../lib/gcc/arm-none-eabi/10.2.1/../../../../arm-none-eabi/lib/thumb/v6-m/nofp/libg.a(lib_a-malloc.o)
                              CMakeFiles/P2.dir/Users/deemo/Desktop/workspace/pico/pico-sdk/src/rp2_common/pico_malloc/pico_malloc.c.obj (malloc)
/opt/homebrew/Cellar/arm-none-eabi-gcc/10-2020-q4-major/gcc/bin/../lib/gcc/arm-none-eabi/10.2.1/../../../../arm-none-eabi/lib/thumb/v6-m/nofp/libg.a(lib_a-mallocr.o)
                              /opt/homebrew/Cellar/arm-none-eabi-gcc/10-2020-q4-major/gcc/bin/../lib/gcc/arm-none-eabi/10.2.1/../../../../arm-none-eabi/lib/thumb/v6-m/nofp/libg.a(lib_a-callocr.o) (_malloc_r)
/opt/homebrew/Cellar/arm-none-eabi-gcc/10-2020-q4-major/gcc/bin/../lib/gcc/arm-none-eabi/10.2.1/../../../../arm-none-eabi/lib/thumb/v6-m/nofp/libg.a(lib_a-memcmp.o)
                              CMakeFiles/P2.dir/Users/deemo/Desktop/workspace/pico/pico-sdk/lib/cyw43-driver/src/cyw43_ll.c.obj (memcmp)
/opt/homebrew/Cellar/arm-none-eabi-gcc/10-2020-q4-major/gcc/bin/../lib/gcc/arm-none-eabi/10.2.1/../../../../arm-none-eabi/lib/thumb/v6-m/nofp/libg.a(lib_a-memmove.o)
                              CMakeFiles/P2.dir/Users/deemo/Desktop/workspace/pico/pico-sdk/lib/cyw43-driver/src/cyw43_ll.c.obj (memmove)
/opt/homebrew/Cellar/arm-none-eabi-gcc/10-2020-q4-major/gcc/bin/../lib/gcc/arm-none-eabi/10.2.1/../../../../arm-none-eabi/lib/thumb/v6-m/nofp/libg.a(lib_a-mlock.o)
                              /opt/homebrew/Cellar/arm-none-eabi-gcc/10-2020-q4-major/gcc/bin/../lib/gcc/arm-none-eabi/10.2.1/../../../../arm-none-eabi/lib/thumb/v6-m/nofp/libg.a(lib_a-mallocr.o) (__malloc_lock)
/opt/homebrew/Cellar/arm-none-eabi-gcc/10-2020-q4-major/gcc/bin/../lib/gcc/arm-none-eabi/10.2.1/../../../../arm-none-eabi/lib/thumb/v6-m/nofp/libg.a(lib_a-realloc.o)
                              CMakeFiles/P2.dir/Users/deemo/Desktop/workspace/pico/pico-sdk/src/rp2_common/pico_malloc/pico_malloc.c.obj (realloc)
[...]
Memory Configuration

Name             Origin             Length             Attributes
FLASH            0x0000000010000000 0x0000000000200000 xr
RAM              0x0000000020000000 0x0000000000040000 xrw
SCRATCH_X        0x0000000020040000 0x0000000000001000 xrw
SCRATCH_Y        0x0000000020041000 0x0000000000001000 xrw
*default*        0x0000000000000000 0xffffffffffffffff

Linker script and memory map

LOAD /opt/homebrew/Cellar/arm-none-eabi-gcc/10-2020-q4-major/gcc/bin/../lib/gcc/arm-none-eabi/10.2.1/thumb/v6-m/nofp/crti.o
LOAD /opt/homebrew/Cellar/arm-none-eabi-gcc/10-2020-q4-major/gcc/bin/../lib/gcc/arm-none-eabi/10.2.1/thumb/v6-m/nofp/crtbegin.o
LOAD /opt/homebrew/Cellar/arm-none-eabi-gcc/10-2020-q4-major/gcc/bin/../lib/gcc/arm-none-eabi/10.2.1/../../../../arm-none-eabi/lib/thumb/v6-m/nofp/crt0.o

.flash_begin    0x0000000010000000        0x0
                0x0000000010000000                __flash_binary_start = .

.boot2          0x0000000010000000      0x100
                0x0000000010000000                __boot2_start__ = .
 *(.boot2)
 .boot2         0x0000000010000000      0x100 /var/folders/cq/cqm68txs2bb19051cyzl5q5h0000gn/T//cctJTS94.o
                0x0000000010000100                __boot2_end__ = .
                0x0000000000000001                ASSERT (((__boot2_end__ - __boot2_start__) == 0x100), ERROR: Pico second stage bootloader must be 256 bytes in size)

.text           0x0000000010000100     0x8f28
                0x0000000010000100                __logical_binary_start = .
 *(.vectors)
 .vectors       0x0000000010000100       0xd4 CMakeFiles/P2.dir/Users/deemo/Desktop/workspace/pico/pico-sdk/src/rp2_common/pico_standard_link/crt0.S.obj
                0x0000000010000100                __VECTOR_TABLE
                0x0000000010000100                __vectors
                0x00000000100001c0                __default_isrs_start
                0x00000000100001c0                isr_invalid
                0x00000000100001c2                isr_nmi
                0x00000000100001c4                isr_hardfault
                0x00000000100001c6                isr_svcall
                0x00000000100001c8                isr_pendsv
                0x00000000100001ca                isr_systick
                0x00000000100001cc                isr_irq28
                0x00000000100001cc                isr_irq19
                0x00000000100001cc                isr_irq0
                0x00000000100001cc                isr_irq6
                0x00000000100001cc                isr_irq22
                0x00000000100001cc                isr_irq17
                0x00000000100001cc                isr_irq14
                0x00000000100001cc                isr_irq2
                0x00000000100001cc                isr_irq10
                0x00000000100001cc                isr_irq8
                0x00000000100001cc                isr_irq24
                0x00000000100001cc                isr_irq1
                0x00000000100001cc                isr_irq7
                0x00000000100001cc                isr_irq21
                0x00000000100001cc                isr_irq20
                0x00000000100001cc                isr_irq15
                0x00000000100001cc                isr_irq25
                0x00000000100001cc                isr_irq4
                0x00000000100001cc                isr_irq16
                0x00000000100001cc                isr_irq29
                0x00000000100001cc                isr_irq26
                0x00000000100001cc                __default_isrs_end
                0x00000000100001cc                isr_irq3
                0x00000000100001cc                isr_irq9
                0x00000000100001cc                __unhandled_user_irq
                0x00000000100001cc                isr_irq13
                0x00000000100001cc                isr_irq27
                0x00000000100001cc                isr_irq31
                0x00000000100001cc                isr_irq5
                0x00000000100001cc                isr_irq11
                0x00000000100001cc                isr_irq23
                0x00000000100001cc                isr_irq18
                0x00000000100001cc                isr_irq30
                0x00000000100001cc                isr_irq12
                0x00000000100001d2                unhandled_user_irq_num_in_r0
 *(.binary_info_header)
 .binary_info_header
                0x00000000100001d4       0x14 CMakeFiles/P2.dir/Users/deemo/Desktop/workspace/pico/pico-sdk/src/rp2_common/pico_standard_link/crt0.S.obj
                0x00000000100001e8                __binary_info_header_end = .
 *(.reset)
 .reset         0x00000000100001e8       0xa0 CMakeFiles/P2.dir/Users/deemo/Desktop/workspace/pico/pico-sdk/src/rp2_common/pico_standard_link/crt0.S.obj
                0x00000000100001e8                _entry_point
 .reset         0x0000000010000288       0x30 CMakeFiles/P2.dir/Users/deemo/Desktop/workspace/pico/pico-sdk/src/rp2_common/pico_standard_link/binary_info.c.obj
 *(.init)
 .init          0x00000000100002b8        0x4 /opt/homebrew/Cellar/arm-none-eabi-gcc/10-2020-q4-major/gcc/bin/../lib/gcc/arm-none-eabi/10.2.1/thumb/v6-m/nofp/crti.o
                0x00000000100002b8                _init
 *(EXCLUDE_FILE(*libm.a: *libc.a:*lib_a-mem*.o *libgcc.a:) .text*)
 .text          0x00000000100002bc       0x48 /opt/homebrew/Cellar/arm-none-eabi-gcc/10-2020-q4-major/gcc/bin/../lib/gcc/arm-none-eabi/10.2.1/thumb/v6-m/nofp/crtbegin.o
 .text.PD_handler
                0x0000000010000304       0xc8 CMakeFiles/P2.dir/P2.c.obj
                0x0000000010000304                PD_handler
 .text.uart0_setup
                0x00000000100003cc       0x58 CMakeFiles/P2.dir/P2.c.obj
                0x00000000100003cc                uart0_setup
 .text.main     0x0000000010000424      0x2b8 CMakeFiles/P2.dir/P2.c.obj
                0x0000000010000424                main
 .text.read_registers
                0x00000000100006dc       0x84 CMakeFiles/P2.dir/Users/deemo/Desktop/workspace/Drone/BD/software/lib/MPU9250/mpu9250.c.obj
 .text.mpu9250_setup
                0x0000000010000760       0x90 CMakeFiles/P2.dir/Users/deemo/Desktop/workspace/Drone/BD/software/lib/MPU9250/mpu9250.c.obj
                0x0000000010000760                mpu9250_setup
 .text.convert  0x00000000100007f0       0x70 CMakeFiles/P2.dir/Users/deemo/Desktop/workspace/Drone/BD/software/lib/MPU9250/mpu9250.c.obj
                0x00000000100007f0                convert
 .text.apply_offset
                0x0000000010000860       0x3c CMakeFiles/P2.dir/Users/deemo/Desktop/workspace/Drone/BD/software/lib/MPU9250/mpu9250.c.obj
                0x0000000010000860                apply_offset
 .text.mpu9250_update
                0x000000001000089c       0x7e CMakeFiles/P2.dir/Users/deemo/Desktop/workspace/Drone/BD/software/lib/MPU9250/mpu9250.c.obj
                0x000000001000089c                mpu9250_update
 .text.gyro_cal
                0x000000001000091a       0xa2 CMakeFiles/P2.dir/Users/deemo/Desktop/workspace/Drone/BD/software/lib/MPU9250/mpu9250.c.obj
                0x000000001000091a                gyro_cal
 .text.acc_cal  0x00000000100009bc       0xcc CMakeFiles/P2.dir/Users/deemo/Desktop/workspace/Drone/BD/software/lib/MPU9250/mpu9250.c.obj
                0x00000000100009bc                acc_cal
 .text.esc_setup
                0x0000000010000a88      0x134 CMakeFiles/P2.dir/Users/deemo/Desktop/workspace/Drone/BD/software/lib/ESC/esc.c.obj
                0x0000000010000a88                esc_setup
 .text.arm_motor
                0x0000000010000bbc       0x5c CMakeFiles/P2.dir/Users/deemo/Desktop/workspace/Drone/BD/software/lib/ESC/esc.c.obj
                0x0000000010000bbc                arm_motor
 .text.motor_control
                0x0000000010000c18       0xc8 CMakeFiles/P2.dir/Users/deemo/Desktop/workspace/Drone/BD/software/lib/ESC/esc.c.obj
                0x0000000010000c18                motor_control
 .text.leaky_init
                0x0000000010000ce0       0x16 CMakeFiles/P2.dir/Users/deemo/Desktop/workspace/Drone/BD/software/lib/Filter/leaky_LP.c.obj
                0x0000000010000ce0                leaky_init
 .text.leaky_update
                0x0000000010000cf6       0x56 CMakeFiles/P2.dir/Users/deemo/Desktop/workspace/Drone/BD/software/lib/Filter/leaky_LP.c.obj
                0x0000000010000cf6                leaky_update
 .text.set_state
                0x0000000010000d4c       0x10 CMakeFiles/P2.dir/Users/deemo/Desktop/workspace/Drone/BD/software/lib/Control/controller.c.obj
                0x0000000010000d4c                set_state
 .text.set_throttle
                0x0000000010000d5c        0xc CMakeFiles/P2.dir/Users/deemo/Desktop/workspace/Drone/BD/software/lib/Control/controller.c.obj
                0x0000000010000d5c                set_throttle
 .text.get_state_diff
                0x0000000010000d68       0x76 CMakeFiles/P2.dir/Users/deemo/Desktop/workspace/Drone/BD/software/lib/Control/controller.c.obj
                0x0000000010000d68                get_state_diff
 *fill*         0x0000000010000dde        0x2 
 .text.print_control
                0x0000000010000de0       0x58 CMakeFiles/P2.dir/Users/deemo/Desktop/workspace/Drone/BD/software/lib/Control/controller.c.obj
                0x0000000010000de0                print_control
 .text.init_controller
                0x0000000010000e38       0x38 CMakeFiles/P2.dir/Users/deemo/Desktop/workspace/Drone/BD/software/lib/Control/controller.c.obj
                0x0000000010000e38                init_controller
 .text.saturate_control
                0x0000000010000e70       0xba CMakeFiles/P2.dir/Users/deemo/Desktop/workspace/Drone/BD/software/lib/Control/controller.c.obj
                0x0000000010000e70                saturate_control
 *fill*         0x0000000010000f2a        0x2 
 .text.update_u
                0x0000000010000f2c      0x164 CMakeFiles/P2.dir/Users/deemo/Desktop/workspace/Drone/BD/software/lib/Control/controller.c.obj
                0x0000000010000f2c                update_u
 .text.update_complementry_filter
                0x0000000010001090      0x160 CMakeFiles/P2.dir/Users/deemo/Desktop/workspace/Drone/BD/software/lib/Control/controller.c.obj
                0x0000000010001090                update_complementry_filter
 .text.update_controller
                0x00000000100011f0       0x10 CMakeFiles/P2.dir/Users/deemo/Desktop/workspace/Drone/BD/software/lib/Control/controller.c.obj
                0x00000000100011f0                update_controller
 .text.gpio_set_function
                0x0000000010001200       0x30 CMakeFiles/P2.dir/Users/deemo/Desktop/workspace/pico/pico-sdk/src/rp2_common/hardware_gpio/gpio.c.obj
                0x0000000010001200                gpio_set_function
 .text.gpio_set_pulls
                0x0000000010001230       0x34 CMakeFiles/P2.dir/Users/deemo/Desktop/workspace/pico/pico-sdk/src/rp2_common/hardware_gpio/gpio.c.obj
                0x0000000010001230                gpio_set_pulls
 .text.gpio_set_input_hysteresis_enabled
                0x0000000010001264       0x30 CMakeFiles/P2.dir/Users/deemo/Desktop/workspace/pico/pico-sdk/src/rp2_common/hardware_gpio/gpio.c.obj
                0x0000000010001264                gpio_set_input_hysteresis_enabled
 .text.gpio_add_raw_irq_handler_with_order_priority_masked
                0x0000000010001294       0x40 CMakeFiles/P2.dir/Users/deemo/Desktop/workspace/pico/pico-sdk/src/rp2_common/hardware_gpio/gpio.c.obj
                0x0000000010001294                gpio_add_raw_irq_handler_with_order_priority_masked
 .text.gpio_remove_raw_irq_handler_masked
                0x00000000100012d4       0x48 CMakeFiles/P2.dir/Users/deemo/Desktop/workspace/pico/pico-sdk/src/rp2_common/hardware_gpio/gpio.c.obj
                0x00000000100012d4                gpio_remove_raw_irq_handler_masked
 .text.gpio_acknowledge_irq
                0x000000001000131c       0x18 CMakeFiles/P2.dir/Users/deemo/Desktop/workspace/pico/pico-sdk/src/rp2_common/hardware_gpio/gpio.c.obj
                0x000000001000131c                gpio_acknowledge_irq
 .text._gpio_set_irq_enabled
                0x0000000010001334       0x34 CMakeFiles/P2.dir/Users/deemo/Desktop/workspace/pico/pico-sdk/src/rp2_common/hardware_gpio/gpio.c.obj
 .text.gpio_set_irq_enabled
                0x0000000010001368       0x20 CMakeFiles/P2.dir/Users/deemo/Desktop/workspace/pico/pico-sdk/src/rp2_common/hardware_gpio/gpio.c.obj
                0x0000000010001368                gpio_set_irq_enabled
 .text.gpio_init
                0x0000000010001388       0x16 CMakeFiles/P2.dir/Users/deemo/Desktop/workspace/pico/pico-sdk/src/rp2_common/hardware_gpio/gpio.c.obj
                0x0000000010001388                gpio_init
 *fill*         0x000000001000139e        0x2 
 .text.running_on_fpga
                0x00000000100013a0       0x14 CMakeFiles/P2.dir/Users/deemo/Desktop/workspace/pico/pico-sdk/src/rp2_common/pico_platform/platform.c.obj
                0x00000000100013a0                running_on_fpga
 .text.hw_claim_lock
                0x00000000100013b4       0x18 CMakeFiles/P2.dir/Users/deemo/Desktop/workspace/pico/pico-sdk/src/rp2_common/hardware_claim/claim.c.obj
                0x00000000100013b4                hw_claim_lock
 .text.hw_claim_unlock
                0x00000000100013cc       0x14 CMakeFiles/P2.dir/Users/deemo/Desktop/workspace/pico/pico-sdk/src/rp2_common/hardware_claim/claim.c.obj
                0x00000000100013cc                hw_claim_unlock
 .text.hw_claim_or_assert
                0x00000000100013e0       0x32 CMakeFiles/P2.dir/Users/deemo/Desktop/workspace/pico/pico-sdk/src/rp2_common/hardware_claim/claim.c.obj
                0x00000000100013e0                hw_claim_or_assert
 .text.hw_claim_unused_from_range
                0x0000000010001412       0x50 CMakeFiles/P2.dir/Users/deemo/Desktop/workspace/pico/pico-sdk/src/rp2_common/hardware_claim/claim.c.obj
                0x0000000010001412                hw_claim_unused_from_range
 *fill*         0x0000000010001462        0x2 
 .text.hw_claim_clear
                0x0000000010001464       0x40 CMakeFiles/P2.dir/Users/deemo/Desktop/workspace/pico/pico-sdk/src/rp2_common/hardware_claim/claim.c.obj
                0x0000000010001464                hw_claim_clear
 .text.spin_locks_reset
                0x00000000100014a4       0x20 CMakeFiles/P2.dir/Users/deemo/Desktop/workspace/pico/pico-sdk/src/rp2_common/hardware_sync/sync.c.obj
                0x00000000100014a4                spin_locks_reset
 .text.next_striped_spin_lock_num
                0x00000000100014c4       0x1c CMakeFiles/P2.dir/Users/deemo/Desktop/workspace/pico/pico-sdk/src/rp2_common/hardware_sync/sync.c.obj
                0x00000000100014c4                next_striped_spin_lock_num
 .text.set_raw_irq_handler_and_unlock
                0x00000000100014e0       0x28 CMakeFiles/P2.dir/Users/deemo/Desktop/workspace/pico/pico-sdk/src/rp2_common/hardware_irq/irq.c.obj
 .text.get_user_irq_claim_index
                0x0000000010001508        0x6 CMakeFiles/P2.dir/Users/deemo/Desktop/workspace/pico/pico-sdk/src/rp2_common/hardware_irq/irq.c.obj
 *fill*         0x000000001000150e        0x2 
 .text.make_branch
                0x0000000010001510       0x48 CMakeFiles/P2.dir/Users/deemo/Desktop/workspace/pico/pico-sdk/src/rp2_common/hardware_irq/irq.c.obj
 .text.insert_branch_and_link
                0x0000000010001558       0x40 CMakeFiles/P2.dir/Users/deemo/Desktop/workspace/pico/pico-sdk/src/rp2_common/hardware_irq/irq.c.obj
 .text.irq_is_enabled
                0x0000000010001598       0x18 CMakeFiles/P2.dir/Users/deemo/Desktop/workspace/pico/pico-sdk/src/rp2_common/hardware_irq/irq.c.obj
                0x0000000010001598                irq_is_enabled
 .text.irq_set_mask_enabled
                0x00000000100015b0       0x20 CMakeFiles/P2.dir/Users/deemo/Desktop/workspace/pico/pico-sdk/src/rp2_common/hardware_irq/irq.c.obj
                0x00000000100015b0                irq_set_mask_enabled
 .text.irq_set_enabled
                0x00000000100015d0        0xe CMakeFiles/P2.dir/Users/deemo/Desktop/workspace/pico/pico-sdk/src/rp2_common/hardware_irq/irq.c.obj
                0x00000000100015d0                irq_set_enabled
 *fill*         0x00000000100015de        0x2 
 .text.irq_set_pending
                0x00000000100015e0       0x10 CMakeFiles/P2.dir/Users/deemo/Desktop/workspace/pico/pico-sdk/src/rp2_common/hardware_irq/irq.c.obj
                0x00000000100015e0                irq_set_pending
 .text.irq_get_vtable_handler
                0x00000000100015f0       0x10 CMakeFiles/P2.dir/Users/deemo/Desktop/workspace/pico/pico-sdk/src/rp2_common/hardware_irq/irq.c.obj
                0x00000000100015f0                irq_get_vtable_handler
 .text.irq_set_exclusive_handler
                0x0000000010001600       0x54 CMakeFiles/P2.dir/Users/deemo/Desktop/workspace/pico/pico-sdk/src/rp2_common/hardware_irq/irq.c.obj
                0x0000000010001600                irq_set_exclusive_handler
 .text.irq_add_shared_handler
                0x0000000010001654      0x234 CMakeFiles/P2.dir/Users/deemo/Desktop/workspace/pico/pico-sdk/src/rp2_common/hardware_irq/irq.c.obj
                0x0000000010001654                irq_add_shared_handler
 .text.irq_remove_handler
                0x0000000010001888      0x1ac CMakeFiles/P2.dir/Users/deemo/Desktop/workspace/pico/pico-sdk/src/rp2_common/hardware_irq/irq.c.obj
                0x0000000010001888                irq_remove_handler
 .text.irq_set_priority
                0x0000000010001a34       0x28 CMakeFiles/P2.dir/Users/deemo/Desktop/workspace/pico/pico-sdk/src/rp2_common/hardware_irq/irq.c.obj
                0x0000000010001a34                irq_set_priority
 .text.irq_add_tail_to_free_list
                0x0000000010001a5c       0xf0 CMakeFiles/P2.dir/Users/deemo/Desktop/workspace/pico/pico-sdk/src/rp2_common/hardware_irq/irq.c.obj
                0x0000000010001a5c                irq_add_tail_to_free_list
 .text.irq_init_priorities
                0x0000000010001b4c       0x1c CMakeFiles/P2.dir/Users/deemo/Desktop/workspace/pico/pico-sdk/src/rp2_common/hardware_irq/irq.c.obj
                0x0000000010001b4c                irq_init_priorities
 .text.user_irq_unclaim
                0x0000000010001b68       0x14 CMakeFiles/P2.dir/Users/deemo/Desktop/workspace/pico/pico-sdk/src/rp2_common/hardware_irq/irq.c.obj
                0x0000000010001b68                user_irq_unclaim
 .text.user_irq_claim_unused
                0x0000000010001b7c       0x28 CMakeFiles/P2.dir/Users/deemo/Desktop/workspace/pico/pico-sdk/src/rp2_common/hardware_irq/irq.c.obj
                0x0000000010001b7c                user_irq_claim_unused
 .text.sem_init
                0x0000000010001ba4       0x1e CMakeFiles/P2.dir/Users/deemo/Desktop/workspace/pico/pico-sdk/src/common/pico_sync/sem.c.obj
                0x0000000010001ba4                sem_init
 *fill*         0x0000000010001bc2        0x2 
 .text.lock_init
                0x0000000010001bc4       0x10 CMakeFiles/P2.dir/Users/deemo/Desktop/workspace/pico/pico-sdk/src/common/pico_sync/lock_core.c.obj
                0x0000000010001bc4                lock_init
 .text.mutex_init
                0x0000000010001bd4       0x1a CMakeFiles/P2.dir/Users/deemo/Desktop/workspace/pico/pico-sdk/src/common/pico_sync/mutex.c.obj
                0x0000000010001bd4                mutex_init
 .text.recursive_mutex_init
                0x0000000010001bee       0x1e CMakeFiles/P2.dir/Users/deemo/Desktop/workspace/pico/pico-sdk/src/common/pico_sync/mutex.c.obj
                0x0000000010001bee                recursive_mutex_init
 .text.alarm_pool_post_alloc_init
                0x0000000010001c0c       0x40 CMakeFiles/P2.dir/Users/deemo/Desktop/workspace/pico/pico-sdk/src/common/pico_time/time.c.obj
 .text.sleep_until_callback
                0x0000000010001c4c       0x30 CMakeFiles/P2.dir/Users/deemo/Desktop/workspace/pico/pico-sdk/src/common/pico_time/time.c.obj
 .text.timer_pool_entry_comparator
                0x0000000010001c7c       0x7c CMakeFiles/P2.dir/Users/deemo/Desktop/workspace/pico/pico-sdk/src/common/pico_time/time.c.obj
                0x0000000010001c7c                timer_pool_entry_comparator
 .text.ph_add_child_node
                0x0000000010001cf8       0xa4 CMakeFiles/P2.dir/Users/deemo/Desktop/workspace/pico/pico-sdk/src/common/pico_time/time.c.obj
 .text.ph_merge_nodes
                0x0000000010001d9c       0x3e CMakeFiles/P2.dir/Users/deemo/Desktop/workspace/pico/pico-sdk/src/common/pico_time/time.c.obj
 *fill*         0x0000000010001dda        0x2 
 .text.add_alarm_under_lock
                0x0000000010001ddc      0x174 CMakeFiles/P2.dir/Users/deemo/Desktop/workspace/pico/pico-sdk/src/common/pico_time/time.c.obj
 .text.alarm_pool_alarm_callback
                0x0000000010001f50      0x33c CMakeFiles/P2.dir/Users/deemo/Desktop/workspace/pico/pico-sdk/src/common/pico_time/time.c.obj
 .text.alarm_pool_init_default
                0x000000001000228c       0x40 CMakeFiles/P2.dir/Users/deemo/Desktop/workspace/pico/pico-sdk/src/common/pico_time/time.c.obj
                0x000000001000228c                alarm_pool_init_default
 .text.alarm_pool_get_default
                0x00000000100022cc       0x2c CMakeFiles/P2.dir/Users/deemo/Desktop/workspace/pico/pico-sdk/src/common/pico_time/time.c.obj
                0x00000000100022cc                alarm_pool_get_default
 .text.alarm_pool_add_alarm_at
                0x00000000100022f8      0x168 CMakeFiles/P2.dir/Users/deemo/Desktop/workspace/pico/pico-sdk/src/common/pico_time/time.c.obj
                0x00000000100022f8                alarm_pool_add_alarm_at
 .text.alarm_pool_cancel_alarm
                0x0000000010002460       0xf8 CMakeFiles/P2.dir/Users/deemo/Desktop/workspace/pico/pico-sdk/src/common/pico_time/time.c.obj
                0x0000000010002460                alarm_pool_cancel_alarm
 .text.alarm_pool_core_num
                0x0000000010002558        0x4 CMakeFiles/P2.dir/Users/deemo/Desktop/workspace/pico/pico-sdk/src/common/pico_time/time.c.obj
                0x0000000010002558                alarm_pool_core_num
 .text.sleep_until
                0x000000001000255c       0xfc CMakeFiles/P2.dir/Users/deemo/Desktop/workspace/pico/pico-sdk/src/common/pico_time/time.c.obj
                0x000000001000255c                sleep_until
 .text.sleep_us
                0x0000000010002658       0x58 CMakeFiles/P2.dir/Users/deemo/Desktop/workspace/pico/pico-sdk/src/common/pico_time/time.c.obj
                0x0000000010002658                sleep_us
 .text.sleep_ms
                0x00000000100026b0       0x14 CMakeFiles/P2.dir/Users/deemo/Desktop/workspace/pico/pico-sdk/src/common/pico_time/time.c.obj
                0x00000000100026b0                sleep_ms
 .text.best_effort_wfe_or_timeout
                0x00000000100026c4       0xac CMakeFiles/P2.dir/Users/deemo/Desktop/workspace/pico/pico-sdk/src/common/pico_time/time.c.obj
                0x00000000100026c4                best_effort_wfe_or_timeout
 .text.hardware_alarm_irq_handler
                0x0000000010002770       0x90 CMakeFiles/P2.dir/Users/deemo/Desktop/workspace/pico/pico-sdk/src/rp2_common/hardware_timer/timer.c.obj
 .text.hardware_alarm_claim
                0x0000000010002800       0x18 CMakeFiles/P2.dir/Users/deemo/Desktop/workspace/pico/pico-sdk/src/rp2_common/hardware_timer/timer.c.obj
                0x0000000010002800                hardware_alarm_claim
 .text.time_us_64
                0x0000000010002818       0x18 CMakeFiles/P2.dir/Users/deemo/Desktop/workspace/pico/pico-sdk/src/rp2_common/hardware_timer/timer.c.obj
                0x0000000010002818                time_us_64
 .text.busy_wait_until
                0x0000000010002830       0x28 CMakeFiles/P2.dir/Users/deemo/Desktop/workspace/pico/pico-sdk/src/rp2_common/hardware_timer/timer.c.obj
                0x0000000010002830                busy_wait_until
 .text.busy_wait_us
                0x0000000010002858       0x48 CMakeFiles/P2.dir/Users/deemo/Desktop/workspace/pico/pico-sdk/src/rp2_common/hardware_timer/timer.c.obj
                0x0000000010002858                busy_wait_us
 .text.hardware_alarm_set_callback
                0x00000000100028a0       0x90 CMakeFiles/P2.dir/Users/deemo/Desktop/workspace/pico/pico-sdk/src/rp2_common/hardware_timer/timer.c.obj
                0x00000000100028a0                hardware_alarm_set_callback
 .text.hardware_alarm_set_target
                0x0000000010002930       0xe8 CMakeFiles/P2.dir/Users/deemo/Desktop/workspace/pico/pico-sdk/src/rp2_common/hardware_timer/timer.c.obj
                0x0000000010002930                hardware_alarm_set_target
 .text.hardware_alarm_cancel
                0x0000000010002a18       0x40 CMakeFiles/P2.dir/Users/deemo/Desktop/workspace/pico/pico-sdk/src/rp2_common/hardware_timer/timer.c.obj
                0x0000000010002a18                hardware_alarm_cancel
 .text.ph_add_child_node
                0x0000000010002a58       0xa4 CMakeFiles/P2.dir/Users/deemo/Desktop/workspace/pico/pico-sdk/src/common/pico_util/pheap.c.obj
 .text.ph_merge_nodes
                0x0000000010002afc       0x3e CMakeFiles/P2.dir/Users/deemo/Desktop/workspace/pico/pico-sdk/src/common/pico_util/pheap.c.obj
 *fill*         0x0000000010002b3a        0x2 
 .text.ph_clear
                0x0000000010002b3c       0x70 CMakeFiles/P2.dir/Users/deemo/Desktop/workspace/pico/pico-sdk/src/common/pico_util/pheap.c.obj
                0x0000000010002b3c                ph_clear
 .text.ph_post_alloc_init
                0x0000000010002bac        0xe CMakeFiles/P2.dir/Users/deemo/Desktop/workspace/pico/pico-sdk/src/common/pico_util/pheap.c.obj
                0x0000000010002bac                ph_post_alloc_init
 *fill*         0x0000000010002bba        0x2 
 .text.ph_merge_two_pass
                0x0000000010002bbc       0xa8 CMakeFiles/P2.dir/Users/deemo/Desktop/workspace/pico/pico-sdk/src/common/pico_util/pheap.c.obj
                0x0000000010002bbc                ph_merge_two_pass
 .text.ph_remove_any_head
                0x0000000010002c64      0x128 CMakeFiles/P2.dir/Users/deemo/Desktop/workspace/pico/pico-sdk/src/common/pico_util/pheap.c.obj
 .text.ph_remove_head
                0x0000000010002d8c       0x14 CMakeFiles/P2.dir/Users/deemo/Desktop/workspace/pico/pico-sdk/src/common/pico_util/pheap.c.obj
                0x0000000010002d8c                ph_remove_head
 .text.ph_remove_and_free_node
                0x0000000010002da0       0xf8 CMakeFiles/P2.dir/Users/deemo/Desktop/workspace/pico/pico-sdk/src/common/pico_util/pheap.c.obj
                0x0000000010002da0                ph_remove_and_free_node
 .text.uart_disable_before_lcr_write
                0x0000000010002e98       0x48 CMakeFiles/P2.dir/Users/deemo/Desktop/workspace/pico/pico-sdk/src/rp2_common/hardware_uart/uart.c.obj
 .text.uart_write_lcr_bits_masked
                0x0000000010002ee0       0x22 CMakeFiles/P2.dir/Users/deemo/Desktop/workspace/pico/pico-sdk/src/rp2_common/hardware_uart/uart.c.obj
 *fill*         0x0000000010002f02        0x2 
 .text.uart_set_baudrate
                0x0000000010002f04       0x5c CMakeFiles/P2.dir/Users/deemo/Desktop/workspace/pico/pico-sdk/src/rp2_common/hardware_uart/uart.c.obj
                0x0000000010002f04                uart_set_baudrate
 .text.uart_set_format
                0x0000000010002f60       0x2c CMakeFiles/P2.dir/Users/deemo/Desktop/workspace/pico/pico-sdk/src/rp2_common/hardware_uart/uart.c.obj
                0x0000000010002f60                uart_set_format
 .text.uart_set_fifo_enabled
                0x0000000010002f8c       0x10 CMakeFiles/P2.dir/Users/deemo/Desktop/workspace/pico/pico-sdk/src/rp2_common/hardware_uart/uart.c.obj
                0x0000000010002f8c                uart_set_fifo_enabled
 .text.uart_set_translate_crlf
                0x0000000010002f9c       0x28 CMakeFiles/P2.dir/Users/deemo/Desktop/workspace/pico/pico-sdk/src/rp2_common/hardware_uart/uart.c.obj
                0x0000000010002f9c                uart_set_translate_crlf
 .text.uart_init
                0x0000000010002fc4       0x80 CMakeFiles/P2.dir/Users/deemo/Desktop/workspace/pico/pico-sdk/src/rp2_common/hardware_uart/uart.c.obj
                0x0000000010002fc4                uart_init
 .text.clock_configure
                0x0000000010003044      0x108 CMakeFiles/P2.dir/Users/deemo/Desktop/workspace/pico/pico-sdk/src/rp2_common/hardware_clocks/clocks.c.obj
                0x0000000010003044                clock_configure
 .text.clocks_init
                0x000000001000314c      0x100 CMakeFiles/P2.dir/Users/deemo/Desktop/workspace/pico/pico-sdk/src/rp2_common/hardware_clocks/clocks.c.obj
                0x000000001000314c                clocks_init
 .text.clock_get_hz
                0x000000001000324c        0xc CMakeFiles/P2.dir/Users/deemo/Desktop/workspace/pico/pico-sdk/src/rp2_common/hardware_clocks/clocks.c.obj
                0x000000001000324c                clock_get_hz
 .text.pll_init
                0x0000000010003258      0x120 CMakeFiles/P2.dir/Users/deemo/Desktop/workspace/pico/pico-sdk/src/rp2_common/hardware_pll/pll.c.obj
                0x0000000010003258                pll_init
 .text.watchdog_start_tick
                0x0000000010003378       0x10 CMakeFiles/P2.dir/Users/deemo/Desktop/workspace/pico/pico-sdk/src/rp2_common/hardware_watchdog/watchdog.c.obj
                0x0000000010003378                watchdog_start_tick
 .text.xosc_init
                0x0000000010003388       0x28 CMakeFiles/P2.dir/Users/deemo/Desktop/workspace/pico/pico-sdk/src/rp2_common/hardware_xosc/xosc.c.obj
                0x0000000010003388                xosc_init
 .text._exit    0x00000000100033b0        0x4 CMakeFiles/P2.dir/Users/deemo/Desktop/workspace/pico/pico-sdk/src/rp2_common/pico_runtime/runtime.c.obj
                0x00000000100033b0                _exit
 .text.exit     0x00000000100033b4        0x6 CMakeFiles/P2.dir/Users/deemo/Desktop/workspace/pico/pico-sdk/src/rp2_common/pico_runtime/runtime.c.obj
                0x00000000100033b4                exit
 *fill*         0x00000000100033ba        0x2 
 .text.__assert_func
                0x00000000100033bc       0x3c CMakeFiles/P2.dir/Users/deemo/Desktop/workspace/pico/pico-sdk/src/rp2_common/pico_runtime/runtime.c.obj
                0x00000000100033bc                __assert_func
 .text.runtime_init
                0x00000000100033f8       0xf8 CMakeFiles/P2.dir/Users/deemo/Desktop/workspace/pico/pico-sdk/src/rp2_common/pico_runtime/runtime.c.obj
                0x00000000100033f8                runtime_init
 .text.panic    0x00000000100034f0       0x30 CMakeFiles/P2.dir/Users/deemo/Desktop/workspace/pico/pico-sdk/src/rp2_common/pico_runtime/runtime.c.obj
                0x00000000100034f0                panic
 .text.panic_unsupported
                0x0000000010003520        0xc CMakeFiles/P2.dir/Users/deemo/Desktop/workspace/pico/pico-sdk/src/rp2_common/pico_runtime/runtime.c.obj
                0x0000000010003520                panic_unsupported
 .text._out_null
                0x000000001000352c        0x2 CMakeFiles/P2.dir/Users/deemo/Desktop/workspace/pico/pico-sdk/src/rp2_common/pico_printf/printf.c.obj
 .text._out_fct
                0x000000001000352e        0xe CMakeFiles/P2.dir/Users/deemo/Desktop/workspace/pico/pico-sdk/src/rp2_common/pico_printf/printf.c.obj
 .text._atoi    0x000000001000353c       0x24 CMakeFiles/P2.dir/Users/deemo/Desktop/workspace/pico/pico-sdk/src/rp2_common/pico_printf/printf.c.obj
 .text._out_rev
                0x0000000010003560       0xae CMakeFiles/P2.dir/Users/deemo/Desktop/workspace/pico/pico-sdk/src/rp2_common/pico_printf/printf.c.obj
 .text._ntoa_format
                0x000000001000360e      0x112 CMakeFiles/P2.dir/Users/deemo/Desktop/workspace/pico/pico-sdk/src/rp2_common/pico_printf/printf.c.obj
 .text._ntoa_long
                0x0000000010003720       0xbc CMakeFiles/P2.dir/Users/deemo/Desktop/workspace/pico/pico-sdk/src/rp2_common/pico_printf/printf.c.obj
 .text._ntoa_long_long
                0x00000000100037dc       0xe2 CMakeFiles/P2.dir/Users/deemo/Desktop/workspace/pico/pico-sdk/src/rp2_common/pico_printf/printf.c.obj
 *fill*         0x00000000100038be        0x2 
 .text._etoa    0x00000000100038c0      0x414 CMakeFiles/P2.dir/Users/deemo/Desktop/workspace/pico/pico-sdk/src/rp2_common/pico_printf/printf.c.obj
 .text._ftoa    0x0000000010003cd4      0x354 CMakeFiles/P2.dir/Users/deemo/Desktop/workspace/pico/pico-sdk/src/rp2_common/pico_printf/printf.c.obj
 .text._vsnprintf
                0x0000000010004028      0x624 CMakeFiles/P2.dir/Users/deemo/Desktop/workspace/pico/pico-sdk/src/rp2_common/pico_printf/printf.c.obj
 .text.vfctprintf
                0x000000001000464c       0x20 CMakeFiles/P2.dir/Users/deemo/Desktop/workspace/pico/pico-sdk/src/rp2_common/pico_printf/printf.c.obj
                0x000000001000464c                vfctprintf
 .text          0x000000001000466c       0x10 CMakeFiles/P2.dir/Users/deemo/Desktop/workspace/pico/pico-sdk/src/rp2_common/pico_bit_ops/bit_ops_aeabi.S.obj
 .text.ctzsi    0x000000001000467c        0xc CMakeFiles/P2.dir/Users/deemo/Desktop/workspace/pico/pico-sdk/src/rp2_common/pico_bit_ops/bit_ops_aeabi.S.obj
                0x000000001000467c                __wrap___ctzsi2
 .text.rom_func_lookup
                0x0000000010004688       0x10 CMakeFiles/P2.dir/Users/deemo/Desktop/workspace/pico/pico-sdk/src/rp2_common/pico_bootrom/bootrom.c.obj
                0x0000000010004688                rom_func_lookup
 .text.rom_data_lookup
                0x0000000010004698       0x10 CMakeFiles/P2.dir/Users/deemo/Desktop/workspace/pico/pico-sdk/src/rp2_common/pico_bootrom/bootrom.c.obj
                0x0000000010004698                rom_data_lookup
 .text.rom_funcs_lookup
                0x00000000100046a8       0x36 CMakeFiles/P2.dir/Users/deemo/Desktop/workspace/pico/pico-sdk/src/rp2_common/pico_bootrom/bootrom.c.obj
                0x00000000100046a8                rom_funcs_lookup
 *fill*         0x00000000100046de        0x2 
 .text.__wrap___aeabi_idiv
                0x00000000100046e0       0x50 CMakeFiles/P2.dir/Users/deemo/Desktop/workspace/pico/pico-sdk/src/rp2_common/pico_divider/divider.S.obj
                0x00000000100046e0                __wrap___aeabi_idivmod
                0x00000000100046e0                divmod_s32s32
                0x00000000100046e0                div_s32s32
                0x00000000100046e0                __wrap___aeabi_idiv
                0x00000000100046e8                divmod_s32s32_unsafe
                0x0000000010004714                divmod_s32s32_savestate
 .text.__wrap___aeabi_uidiv
                0x0000000010004730       0x4c CMakeFiles/P2.dir/Users/deemo/Desktop/workspace/pico/pico-sdk/src/rp2_common/pico_divider/divider.S.obj
                0x0000000010004730                __wrap___aeabi_uidiv
                0x0000000010004730                __wrap___aeabi_uidivmod
                0x0000000010004730                div_u32u32
                0x0000000010004730                divmod_u32u32
                0x0000000010004738                divmod_u32u32_unsafe
                0x0000000010004760                divmod_u32u32_savestate
 .text.__wrap___aeabi_ldiv
                0x000000001000477c      0x424 CMakeFiles/P2.dir/Users/deemo/Desktop/workspace/pico/pico-sdk/src/rp2_common/pico_divider/divider.S.obj
                0x000000001000477c                __wrap___aeabi_ldivmod
                0x000000001000477c                div_s64s64
                0x000000001000477c                divmod_s64s64
                0x00000000100047ac                divmod_u64u64
                0x00000000100047ac                div_u64u64
                0x00000000100047ac                __wrap___aeabi_uldivmod
                0x00000000100047bc                divmod_u64u64_savestate
                0x00000000100047dc                divmod_s64s64_unsafe
                0x0000000010004864                divmod_u64u64_unsafe
 .text.__wrap___aeabi_darithmetic
                0x0000000010004ba0       0x60 CMakeFiles/P2.dir/Users/deemo/Desktop/workspace/pico/pico-sdk/src/rp2_common/pico_double/double_aeabi.S.obj
                0x0000000010004ba0                __wrap___aeabi_drsub
                0x0000000010004ba6                __wrap___aeabi_dsub
                0x0000000010004bb0                __wrap___aeabi_dadd
                0x0000000010004bba                __wrap___aeabi_ddiv
                0x0000000010004bee                __wrap___aeabi_dmul
 .text.__wrap___aeabi_cdcmple
                0x0000000010004c00       0x6c CMakeFiles/P2.dir/Users/deemo/Desktop/workspace/pico/pico-sdk/src/rp2_common/pico_double/double_aeabi.S.obj
                0x0000000010004c00                __wrap___aeabi_cdrcmple
                0x0000000010004c10                __wrap___aeabi_cdcmple
                0x0000000010004c10                __wrap___aeabi_cdcmpeq
 .text.__wrap___aeabi_dcmplt
                0x0000000010004c6c        0xc CMakeFiles/P2.dir/Users/deemo/Desktop/workspace/pico/pico-sdk/src/rp2_common/pico_double/double_aeabi.S.obj
                0x0000000010004c6c                __wrap___aeabi_dcmplt
 .text.__wrap___aeabi_dcmple
                0x0000000010004c78       0x10 CMakeFiles/P2.dir/Users/deemo/Desktop/workspace/pico/pico-sdk/src/rp2_common/pico_double/double_aeabi.S.obj
                0x0000000010004c78                __wrap___aeabi_dcmple
 .text.__wrap___aeabi_dcmpge
                0x0000000010004c88       0x10 CMakeFiles/P2.dir/Users/deemo/Desktop/workspace/pico/pico-sdk/src/rp2_common/pico_double/double_aeabi.S.obj
                0x0000000010004c88                __wrap___aeabi_dcmpge
 .text.__wrap___aeabi_dcmpgt
                0x0000000010004c98        0xa CMakeFiles/P2.dir/Users/deemo/Desktop/workspace/pico/pico-sdk/src/rp2_common/pico_double/double_aeabi.S.obj
                0x0000000010004c98                __wrap___aeabi_dcmpgt
 .text.__wrap___aeabi_dcmpun
                0x0000000010004ca2       0x1c CMakeFiles/P2.dir/Users/deemo/Desktop/workspace/pico/pico-sdk/src/rp2_common/pico_double/double_aeabi.S.obj
                0x0000000010004ca2                __wrap___aeabi_dcmpun
 *fill*         0x0000000010004cbe        0x2 
 .text.__wrap___aeabi_i2d
                0x0000000010004cc0       0x38 CMakeFiles/P2.dir/Users/deemo/Desktop/workspace/pico/pico-sdk/src/rp2_common/pico_double/double_aeabi.S.obj
                0x0000000010004cc0                __wrap___aeabi_ui2d
                0x0000000010004cc8                __wrap___aeabi_i2d
 .text.__wrap___aeabi_d2iz
                0x0000000010004cf8       0x48 CMakeFiles/P2.dir/Users/deemo/Desktop/workspace/pico/pico-sdk/src/rp2_common/pico_double/double_aeabi.S.obj
                0x0000000010004cf8                __wrap___aeabi_d2iz
                0x0000000010004cf8                double2int_z
 .text.__wrap___aeabi_d2uiz
                0x0000000010004d40       0x10 CMakeFiles/P2.dir/Users/deemo/Desktop/workspace/pico/pico-sdk/src/rp2_common/pico_double/double_aeabi.S.obj
                0x0000000010004d40                double2uint
                0x0000000010004d40                __wrap___aeabi_d2uiz
 .text.__wrap___aeabi_d2f
                0x0000000010004d50       0x10 CMakeFiles/P2.dir/Users/deemo/Desktop/workspace/pico/pico-sdk/src/rp2_common/pico_double/double_aeabi.S.obj
                0x0000000010004d50                __wrap___aeabi_d2f
 .text.missing_double_func_shim
                0x0000000010004d60        0xc CMakeFiles/P2.dir/Users/deemo/Desktop/workspace/pico/pico-sdk/src/rp2_common/pico_double/double_init_rom.c.obj
 .text.__aeabi_double_init
                0x0000000010004d6c       0xcc CMakeFiles/P2.dir/Users/deemo/Desktop/workspace/pico/pico-sdk/src/rp2_common/pico_double/double_init_rom.c.obj
                0x0000000010004d6c                __aeabi_double_init
 .text.double_table_shim_on_use_helper
                0x0000000010004e38       0x34 CMakeFiles/P2.dir/Users/deemo/Desktop/workspace/pico/pico-sdk/src/rp2_common/pico_double/double_v1_rom_shim.S.obj
                0x0000000010004e38                double_table_shim_on_use_helper
 .text.__aeabi_lmul
                0x0000000010004e6c       0x32 CMakeFiles/P2.dir/Users/deemo/Desktop/workspace/pico/pico-sdk/src/rp2_common/pico_int64_ops/pico_int64_ops_aeabi.S.obj
                0x0000000010004e6c                __wrap___aeabi_lmul
 *fill*         0x0000000010004e9e        0x2 
 .text.__wrap___aeabi_farithmetic
                0x0000000010004ea0       0x48 CMakeFiles/P2.dir/Users/deemo/Desktop/workspace/pico/pico-sdk/src/rp2_common/pico_float/float_aeabi.S.obj
                0x0000000010004ea0                __wrap___aeabi_frsub
                0x0000000010004ea6                __wrap___aeabi_fsub
                0x0000000010004eac                __wrap___aeabi_fadd
                0x0000000010004eb2                __wrap___aeabi_fdiv
                0x0000000010004eda                __wrap___aeabi_fmul
 .text.__wrap___aeabi_ui2f
                0x0000000010004ee8        0xa CMakeFiles/P2.dir/Users/deemo/Desktop/workspace/pico/pico-sdk/src/rp2_common/pico_float/float_aeabi.S.obj
                0x0000000010004ee8                __wrap___aeabi_ui2f
 *fill*         0x0000000010004ef2        0x2 
 .text.__wrap___aeabi_i2f
                0x0000000010004ef4       0x44 CMakeFiles/P2.dir/Users/deemo/Desktop/workspace/pico/pico-sdk/src/rp2_common/pico_float/float_aeabi.S.obj
                0x0000000010004ef4                __wrap___aeabi_i2f
 .text.__wrap___aeabi_f2uiz
                0x0000000010004f38        0xc CMakeFiles/P2.dir/Users/deemo/Desktop/workspace/pico/pico-sdk/src/rp2_common/pico_float/float_aeabi.S.obj
                0x0000000010004f38                __wrap___aeabi_f2uiz
 .text.__wrap___aeabi_f2d
                0x0000000010004f44        0xc CMakeFiles/P2.dir/Users/deemo/Desktop/workspace/pico/pico-sdk/src/rp2_common/pico_float/float_aeabi.S.obj
                0x0000000010004f44                __wrap___aeabi_f2d
 .text.__wrap_sqrtf
                0x0000000010004f50        0xc CMakeFiles/P2.dir/Users/deemo/Desktop/workspace/pico/pico-sdk/src/rp2_common/pico_float/float_aeabi.S.obj
                0x0000000010004f50                __wrap_sqrtf
 .text.__wrap_atan2f
                0x0000000010004f5c        0xc CMakeFiles/P2.dir/Users/deemo/Desktop/workspace/pico/pico-sdk/src/rp2_common/pico_float/float_aeabi.S.obj
                0x0000000010004f5c                __wrap_atan2f
 .text.missing_float_func_shim
                0x0000000010004f68        0xc CMakeFiles/P2.dir/Users/deemo/Desktop/workspace/pico/pico-sdk/src/rp2_common/pico_float/float_init_rom.c.obj
 .text.__aeabi_float_init
                0x0000000010004f74       0x88 CMakeFiles/P2.dir/Users/deemo/Desktop/workspace/pico/pico-sdk/src/rp2_common/pico_float/float_init_rom.c.obj
                0x0000000010004f74                __aeabi_float_init
 .text          0x0000000010004ffc       0x10 CMakeFiles/P2.dir/Users/deemo/Desktop/workspace/pico/pico-sdk/src/rp2_common/pico_mem_ops/mem_ops_aeabi.S.obj
                0x0000000010004ffc                __aeabi_mem_init
 .text.memset   0x000000001000500c        0xc CMakeFiles/P2.dir/Users/deemo/Desktop/workspace/pico/pico-sdk/src/rp2_common/pico_mem_ops/mem_ops_aeabi.S.obj
                0x000000001000500c                __wrap_memset
 .text.memcpy   0x0000000010005018        0xc CMakeFiles/P2.dir/Users/deemo/Desktop/workspace/pico/pico-sdk/src/rp2_common/pico_mem_ops/mem_ops_aeabi.S.obj
                0x0000000010005018                __wrap___aeabi_memcpy
                0x0000000010005018                __wrap_memcpy
 .text.stdio_out_chars_no_crlf
                0x0000000010005024        0xe CMakeFiles/P2.dir/Users/deemo/Desktop/workspace/pico/pico-sdk/src/rp2_common/pico_stdio/stdio.c.obj
 *fill*         0x0000000010005032        0x2 
 .text.stdio_out_chars_crlf
                0x0000000010005034       0x80 CMakeFiles/P2.dir/Users/deemo/Desktop/workspace/pico/pico-sdk/src/rp2_common/pico_stdio/stdio.c.obj
 .text.stdio_stack_buffer_flush
                0x00000000100050b4       0x44 CMakeFiles/P2.dir/Users/deemo/Desktop/workspace/pico/pico-sdk/src/rp2_common/pico_stdio/stdio.c.obj
 .text.stdio_buffered_printer
                0x00000000100050f8       0x20 CMakeFiles/P2.dir/Users/deemo/Desktop/workspace/pico/pico-sdk/src/rp2_common/pico_stdio/stdio.c.obj
 .text.stdout_serialize_begin
                0x0000000010005118       0x5c CMakeFiles/P2.dir/Users/deemo/Desktop/workspace/pico/pico-sdk/src/rp2_common/pico_stdio/stdio.c.obj
                0x0000000010005118                stdout_serialize_begin
 .text.stdout_serialize_end
                0x0000000010005174       0x10 CMakeFiles/P2.dir/Users/deemo/Desktop/workspace/pico/pico-sdk/src/rp2_common/pico_stdio/stdio.c.obj
                0x0000000010005174                stdout_serialize_end
 .text.stdio_put_string
                0x0000000010005184       0x98 CMakeFiles/P2.dir/Users/deemo/Desktop/workspace/pico/pico-sdk/src/rp2_common/pico_stdio/stdio.c.obj
 .text.stdio_set_driver_enabled
                0x000000001000521c       0x2c CMakeFiles/P2.dir/Users/deemo/Desktop/workspace/pico/pico-sdk/src/rp2_common/pico_stdio/stdio.c.obj
                0x000000001000521c                stdio_set_driver_enabled
 .text.stdio_flush
                0x0000000010005248       0x20 CMakeFiles/P2.dir/Users/deemo/Desktop/workspace/pico/pico-sdk/src/rp2_common/pico_stdio/stdio.c.obj
                0x0000000010005248                stdio_flush
 .text.__wrap_puts
                0x0000000010005268       0x1e CMakeFiles/P2.dir/Users/deemo/Desktop/workspace/pico/pico-sdk/src/rp2_common/pico_stdio/stdio.c.obj
                0x0000000010005268                __wrap_puts
 *fill*         0x0000000010005286        0x2 
 .text.__wrap_vprintf
                0x0000000010005288       0x40 CMakeFiles/P2.dir/Users/deemo/Desktop/workspace/pico/pico-sdk/src/rp2_common/pico_stdio/stdio.c.obj
                0x0000000010005288                __wrap_vprintf
 .text.__wrap_printf
                0x00000000100052c8       0x18 CMakeFiles/P2.dir/Users/deemo/Desktop/workspace/pico/pico-sdk/src/rp2_common/pico_stdio/stdio.c.obj
                0x00000000100052c8                __wrap_printf
 .text.stdio_init_all
                0x00000000100052e0        0xa CMakeFiles/P2.dir/Users/deemo/Desktop/workspace/pico/pico-sdk/src/rp2_common/pico_stdio/stdio.c.obj
                0x00000000100052e0                stdio_init_all
 *fill*         0x00000000100052ea        0x2 
 .text.stdio_uart_out_chars
                0x00000000100052ec       0x74 CMakeFiles/P2.dir/Users/deemo/Desktop/workspace/pico/pico-sdk/src/rp2_common/pico_stdio_uart/stdio_uart.c.obj
 .text.stdio_uart_in_chars
                0x0000000010005360       0x80 CMakeFiles/P2.dir/Users/deemo/Desktop/workspace/pico/pico-sdk/src/rp2_common/pico_stdio_uart/stdio_uart.c.obj
                0x0000000010005360                stdio_uart_in_chars
 .text.on_uart_rx
                0x00000000100053e0       0x28 CMakeFiles/P2.dir/Users/deemo/Desktop/workspace/pico/pico-sdk/src/rp2_common/pico_stdio_uart/stdio_uart.c.obj
 .text.stdio_uart_set_chars_available_callback
                0x0000000010005408       0x8c CMakeFiles/P2.dir/Users/deemo/Desktop/workspace/pico/pico-sdk/src/rp2_common/pico_stdio_uart/stdio_uart.c.obj
 .text.stdio_uart_init_full
                0x0000000010005494       0x44 CMakeFiles/P2.dir/Users/deemo/Desktop/workspace/pico/pico-sdk/src/rp2_common/pico_stdio_uart/stdio_uart.c.obj
                0x0000000010005494                stdio_uart_init_full
 .text.stdio_uart_init
                0x00000000100054d8       0x28 CMakeFiles/P2.dir/Users/deemo/Desktop/workspace/pico/pico-sdk/src/rp2_common/pico_stdio_uart/stdio_uart.c.obj
                0x00000000100054d8                stdio_uart_init
 .text.spi_set_baudrate
                0x0000000010005500       0xcc CMakeFiles/P2.dir/Users/deemo/Desktop/workspace/pico/pico-sdk/src/rp2_common/hardware_spi/spi.c.obj
                0x0000000010005500                spi_set_baudrate
 .text.spi_init
                0x00000000100055cc       0x74 CMakeFiles/P2.dir/Users/deemo/Desktop/workspace/pico/pico-sdk/src/rp2_common/hardware_spi/spi.c.obj
                0x00000000100055cc                spi_init
 .text.cyw43_arch_set_async_context
                0x0000000010005640        0xc CMakeFiles/P2.dir/Users/deemo/Desktop/workspace/pico/pico-sdk/src/rp2_common/pico_cyw43_arch/cyw43_arch.c.obj
                0x0000000010005640                cyw43_arch_set_async_context
 .text.cyw43_arch_gpio_put
                0x000000001000564c       0x14 CMakeFiles/P2.dir/Users/deemo/Desktop/workspace/pico/pico-sdk/src/rp2_common/pico_cyw43_arch/cyw43_arch.c.obj
                0x000000001000564c                cyw43_arch_gpio_put
 .text.cyw43_arch_async_context
                0x0000000010005660        0xc CMakeFiles/P2.dir/Users/deemo/Desktop/workspace/pico/pico-sdk/src/rp2_common/pico_cyw43_arch/cyw43_arch.c.obj
                0x0000000010005660                cyw43_arch_async_context
 .text.cyw43_arch_init_default_async_context
                0x000000001000566c       0x20 CMakeFiles/P2.dir/Users/deemo/Desktop/workspace/pico/pico-sdk/src/rp2_common/pico_cyw43_arch/cyw43_arch_threadsafe_background.c.obj
                0x000000001000566c                cyw43_arch_init_default_async_context
 .text.cyw43_arch_deinit
                0x000000001000568c       0x28 CMakeFiles/P2.dir/Users/deemo/Desktop/workspace/pico/pico-sdk/src/rp2_common/pico_cyw43_arch/cyw43_arch_threadsafe_background.c.obj
                0x000000001000568c                cyw43_arch_deinit
 .text.cyw43_arch_init
                0x00000000100056b4       0x36 CMakeFiles/P2.dir/Users/deemo/Desktop/workspace/pico/pico-sdk/src/rp2_common/pico_cyw43_arch/cyw43_arch_threadsafe_background.c.obj
                0x00000000100056b4                cyw43_arch_init
 *fill*         0x00000000100056ea        0x2 
 .text._retrieve_unique_id_on_boot
                0x00000000100056ec       0x10 CMakeFiles/P2.dir/Users/deemo/Desktop/workspace/pico/pico-sdk/src/rp2_common/pico_unique_id/unique_id.c.obj
 .text.pico_get_unique_board_id
                0x00000000100056fc       0x10 CMakeFiles/P2.dir/Users/deemo/Desktop/workspace/pico/pico-sdk/src/rp2_common/pico_unique_id/unique_id.c.obj
                0x00000000100056fc                pico_get_unique_board_id
 .text.flash_get_unique_id
                0x000000001000570c       0x46 CMakeFiles/P2.dir/Users/deemo/Desktop/workspace/pico/pico-sdk/src/rp2_common/hardware_flash/flash.c.obj
                0x000000001000570c                flash_get_unique_id
 .text.cs_set   0x0000000010005752       0x1c CMakeFiles/P2.dir/Users/deemo/Desktop/workspace/pico/pico-sdk/src/rp2_common/pico_cyw43_driver/cyw43_bus_pio_spi.c.obj
 *fill*         0x000000001000576e        0x2 
 .text.start_spi_comms
                0x0000000010005770       0x2c CMakeFiles/P2.dir/Users/deemo/Desktop/workspace/pico/pico-sdk/src/rp2_common/pico_cyw43_driver/cyw43_bus_pio_spi.c.obj
 .text.ns_delay
                0x000000001000579c       0x20 CMakeFiles/P2.dir/Users/deemo/Desktop/workspace/pico/pico-sdk/src/rp2_common/pico_cyw43_driver/cyw43_bus_pio_spi.c.obj
 .text.stop_spi_comms
                0x00000000100057bc       0x10 CMakeFiles/P2.dir/Users/deemo/Desktop/workspace/pico/pico-sdk/src/rp2_common/pico_cyw43_driver/cyw43_bus_pio_spi.c.obj
 .text.cyw43_spi_deinit
                0x00000000100057cc       0x74 CMakeFiles/P2.dir/Users/deemo/Desktop/workspace/pico/pico-sdk/src/rp2_common/pico_cyw43_driver/cyw43_bus_pio_spi.c.obj
                0x00000000100057cc                cyw43_spi_deinit
 .text.cyw43_spi_init
                0x0000000010005840      0x284 CMakeFiles/P2.dir/Users/deemo/Desktop/workspace/pico/pico-sdk/src/rp2_common/pico_cyw43_driver/cyw43_bus_pio_spi.c.obj
                0x0000000010005840                cyw43_spi_init
 .text.cyw43_spi_transfer
                0x0000000010005ac4      0x694 CMakeFiles/P2.dir/Users/deemo/Desktop/workspace/pico/pico-sdk/src/rp2_common/pico_cyw43_driver/cyw43_bus_pio_spi.c.obj
                0x0000000010005ac4                cyw43_spi_transfer
 .text.cyw43_spi_gpio_setup
                0x0000000010006158       0x3a CMakeFiles/P2.dir/Users/deemo/Desktop/workspace/pico/pico-sdk/src/rp2_common/pico_cyw43_driver/cyw43_bus_pio_spi.c.obj
                0x0000000010006158                cyw43_spi_gpio_setup
 .text.cyw43_spi_reset
                0x0000000010006192       0x28 CMakeFiles/P2.dir/Users/deemo/Desktop/workspace/pico/pico-sdk/src/rp2_common/pico_cyw43_driver/cyw43_bus_pio_spi.c.obj
                0x0000000010006192                cyw43_spi_reset
 *fill*         0x00000000100061ba        0x2 
 .text.read_reg_u32_swap
                0x00000000100061bc       0x68 CMakeFiles/P2.dir/Users/deemo/Desktop/workspace/pico/pico-sdk/src/rp2_common/pico_cyw43_driver/cyw43_bus_pio_spi.c.obj
                0x00000000100061bc                read_reg_u32_swap
 .text.cyw43_read_reg_u32
                0x0000000010006224       0x54 CMakeFiles/P2.dir/Users/deemo/Desktop/workspace/pico/pico-sdk/src/rp2_common/pico_cyw43_driver/cyw43_bus_pio_spi.c.obj
                0x0000000010006224                cyw43_read_reg_u32
 .text.cyw43_read_reg_u16
                0x0000000010006278       0x54 CMakeFiles/P2.dir/Users/deemo/Desktop/workspace/pico/pico-sdk/src/rp2_common/pico_cyw43_driver/cyw43_bus_pio_spi.c.obj
                0x0000000010006278                cyw43_read_reg_u16
 .text.cyw43_read_reg_u8
                0x00000000100062cc       0x54 CMakeFiles/P2.dir/Users/deemo/Desktop/workspace/pico/pico-sdk/src/rp2_common/pico_cyw43_driver/cyw43_bus_pio_spi.c.obj
                0x00000000100062cc                cyw43_read_reg_u8
 .text.write_reg_u32_swap
                0x0000000010006320       0x34 CMakeFiles/P2.dir/Users/deemo/Desktop/workspace/pico/pico-sdk/src/rp2_common/pico_cyw43_driver/cyw43_bus_pio_spi.c.obj
                0x0000000010006320                write_reg_u32_swap
 .text.cyw43_write_reg_u32
                0x0000000010006354       0x58 CMakeFiles/P2.dir/Users/deemo/Desktop/workspace/pico/pico-sdk/src/rp2_common/pico_cyw43_driver/cyw43_bus_pio_spi.c.obj
                0x0000000010006354                cyw43_write_reg_u32
 .text.cyw43_write_reg_u16
                0x00000000100063ac       0x58 CMakeFiles/P2.dir/Users/deemo/Desktop/workspace/pico/pico-sdk/src/rp2_common/pico_cyw43_driver/cyw43_bus_pio_spi.c.obj
                0x00000000100063ac                cyw43_write_reg_u16
 .text.cyw43_write_reg_u8
                0x0000000010006404       0x58 CMakeFiles/P2.dir/Users/deemo/Desktop/workspace/pico/pico-sdk/src/rp2_common/pico_cyw43_driver/cyw43_bus_pio_spi.c.obj
                0x0000000010006404                cyw43_write_reg_u8
 .text.cyw43_read_bytes
                0x000000001000645c      0x104 CMakeFiles/P2.dir/Users/deemo/Desktop/workspace/pico/pico-sdk/src/rp2_common/pico_cyw43_driver/cyw43_bus_pio_spi.c.obj
                0x000000001000645c                cyw43_read_bytes
 .text.cyw43_write_bytes
                0x0000000010006560      0x128 CMakeFiles/P2.dir/Users/deemo/Desktop/workspace/pico/pico-sdk/src/rp2_common/pico_cyw43_driver/cyw43_bus_pio_spi.c.obj
                0x0000000010006560                cyw43_write_bytes
 .text.get_core_address
                0x0000000010006688       0x1c CMakeFiles/P2.dir/Users/deemo/Desktop/workspace/pico/pico-sdk/lib/cyw43-driver/src/cyw43_ll.c.obj
 .text.sdpcm_process_rx_packet
                0x00000000100066a4      0x180 CMakeFiles/P2.dir/Users/deemo/Desktop/workspace/pico/pico-sdk/lib/cyw43-driver/src/cyw43_ll.c.obj
 .text.cyw43_ll_wifi_parse_scan_result
                0x0000000010006824       0x9c CMakeFiles/P2.dir/Users/deemo/Desktop/workspace/pico/pico-sdk/lib/cyw43-driver/src/cyw43_ll.c.obj
 .text.cyw43_ll_parse_async_event
                0x00000000100068c0       0x8e CMakeFiles/P2.dir/Users/deemo/Desktop/workspace/pico/pico-sdk/lib/cyw43-driver/src/cyw43_ll.c.obj
 *fill*         0x000000001000694e        0x2 
 .text.cyw43_kso_set
                0x0000000010006950       0x98 CMakeFiles/P2.dir/Users/deemo/Desktop/workspace/pico/pico-sdk/lib/cyw43-driver/src/cyw43_ll.c.obj
 .text.cyw43_ll_bus_sleep_helper
                0x00000000100069e8        0xe CMakeFiles/P2.dir/Users/deemo/Desktop/workspace/pico/pico-sdk/lib/cyw43-driver/src/cyw43_ll.c.obj
 *fill*         0x00000000100069f6        0x2 
 .text.cyw43_read_reg
                0x00000000100069f8       0x48 CMakeFiles/P2.dir/Users/deemo/Desktop/workspace/pico/pico-sdk/lib/cyw43-driver/src/cyw43_ll.c.obj
 .text.cyw43_write_reg
                0x0000000010006a40       0x4c CMakeFiles/P2.dir/Users/deemo/Desktop/workspace/pico/pico-sdk/lib/cyw43-driver/src/cyw43_ll.c.obj
 .text.cyw43_set_backplane_window
                0x0000000010006a8c       0x74 CMakeFiles/P2.dir/Users/deemo/Desktop/workspace/pico/pico-sdk/lib/cyw43-driver/src/cyw43_ll.c.obj
 .text.cyw43_read_backplane
                0x0000000010006b00       0x30 CMakeFiles/P2.dir/Users/deemo/Desktop/workspace/pico/pico-sdk/lib/cyw43-driver/src/cyw43_ll.c.obj
 .text.disable_device_core
                0x0000000010006b30       0x3c CMakeFiles/P2.dir/Users/deemo/Desktop/workspace/pico/pico-sdk/lib/cyw43-driver/src/cyw43_ll.c.obj
 .text.device_core_is_up
                0x0000000010006b6c       0x4c CMakeFiles/P2.dir/Users/deemo/Desktop/workspace/pico/pico-sdk/lib/cyw43-driver/src/cyw43_ll.c.obj
 .text.cyw43_write_backplane
                0x0000000010006bb8       0x34 CMakeFiles/P2.dir/Users/deemo/Desktop/workspace/pico/pico-sdk/lib/cyw43-driver/src/cyw43_ll.c.obj
 .text.reset_device_core
                0x0000000010006bec       0x74 CMakeFiles/P2.dir/Users/deemo/Desktop/workspace/pico/pico-sdk/lib/cyw43-driver/src/cyw43_ll.c.obj
 .text.cyw43_download_resource
                0x0000000010006c60      0x17c CMakeFiles/P2.dir/Users/deemo/Desktop/workspace/pico/pico-sdk/lib/cyw43-driver/src/cyw43_ll.c.obj
 .text.cyw43_ll_init
                0x0000000010006ddc       0x20 CMakeFiles/P2.dir/Users/deemo/Desktop/workspace/pico/pico-sdk/lib/cyw43-driver/src/cyw43_ll.c.obj
                0x0000000010006ddc                cyw43_ll_init
 .text.cyw43_ll_deinit
                0x0000000010006dfc        0x8 CMakeFiles/P2.dir/Users/deemo/Desktop/workspace/pico/pico-sdk/lib/cyw43-driver/src/cyw43_ll.c.obj
                0x0000000010006dfc                cyw43_ll_deinit
 .text.cyw43_ll_bus_sleep
                0x0000000010006e04       0x34 CMakeFiles/P2.dir/Users/deemo/Desktop/workspace/pico/pico-sdk/lib/cyw43-driver/src/cyw43_ll.c.obj
                0x0000000010006e04                cyw43_ll_bus_sleep
 .text.cyw43_ll_sdpcm_poll_device
                0x0000000010006e38      0x158 CMakeFiles/P2.dir/Users/deemo/Desktop/workspace/pico/pico-sdk/lib/cyw43-driver/src/cyw43_ll.c.obj
 .text.cyw43_ll_process_packets
                0x0000000010006f90       0x5c CMakeFiles/P2.dir/Users/deemo/Desktop/workspace/pico/pico-sdk/lib/cyw43-driver/src/cyw43_ll.c.obj
                0x0000000010006f90                cyw43_ll_process_packets
 .text.cyw43_sdpcm_send_common
                0x0000000010006fec      0x104 CMakeFiles/P2.dir/Users/deemo/Desktop/workspace/pico/pico-sdk/lib/cyw43-driver/src/cyw43_ll.c.obj
 .text.cyw43_send_ioctl
                0x00000000100070f0       0x56 CMakeFiles/P2.dir/Users/deemo/Desktop/workspace/pico/pico-sdk/lib/cyw43-driver/src/cyw43_ll.c.obj
 *fill*         0x0000000010007146        0x2 
 .text.cyw43_do_ioctl
                0x0000000010007148       0xc0 CMakeFiles/P2.dir/Users/deemo/Desktop/workspace/pico/pico-sdk/lib/cyw43-driver/src/cyw43_ll.c.obj
 .text.cyw43_ll_ioctl
                0x0000000010007208       0x1e CMakeFiles/P2.dir/Users/deemo/Desktop/workspace/pico/pico-sdk/lib/cyw43-driver/src/cyw43_ll.c.obj
                0x0000000010007208                cyw43_ll_ioctl
 *fill*         0x0000000010007226        0x2 
 .text.cyw43_clm_load
                0x0000000010007228       0xdc CMakeFiles/P2.dir/Users/deemo/Desktop/workspace/pico/pico-sdk/lib/cyw43-driver/src/cyw43_ll.c.obj
 .text.cyw43_write_iovar_u32
                0x0000000010007304       0x60 CMakeFiles/P2.dir/Users/deemo/Desktop/workspace/pico/pico-sdk/lib/cyw43-driver/src/cyw43_ll.c.obj
 .text.cyw43_write_iovar_n
                0x0000000010007364       0x50 CMakeFiles/P2.dir/Users/deemo/Desktop/workspace/pico/pico-sdk/lib/cyw43-driver/src/cyw43_ll.c.obj
 .text.cyw43_set_ioctl_u32
                0x00000000100073b4       0x30 CMakeFiles/P2.dir/Users/deemo/Desktop/workspace/pico/pico-sdk/lib/cyw43-driver/src/cyw43_ll.c.obj
 .text.cyw43_write_iovar_u32_u32
                0x00000000100073e4       0x74 CMakeFiles/P2.dir/Users/deemo/Desktop/workspace/pico/pico-sdk/lib/cyw43-driver/src/cyw43_ll.c.obj
 .text.cyw43_ll_wifi_get_mac
                0x0000000010007458       0x48 CMakeFiles/P2.dir/Users/deemo/Desktop/workspace/pico/pico-sdk/lib/cyw43-driver/src/cyw43_ll.c.obj
                0x0000000010007458                cyw43_ll_wifi_get_mac
 .text.cyw43_ll_bus_init
                0x00000000100074a0      0x360 CMakeFiles/P2.dir/Users/deemo/Desktop/workspace/pico/pico-sdk/lib/cyw43-driver/src/cyw43_ll.c.obj
                0x00000000100074a0                cyw43_ll_bus_init
 .text.cyw43_ll_wifi_set_wpa_auth
                0x0000000010007800        0xe CMakeFiles/P2.dir/Users/deemo/Desktop/workspace/pico/pico-sdk/lib/cyw43-driver/src/cyw43_ll.c.obj
                0x0000000010007800                cyw43_ll_wifi_set_wpa_auth
 *fill*         0x000000001000780e        0x2 
 .text.cyw43_ll_wifi_rejoin
                0x0000000010007810       0x20 CMakeFiles/P2.dir/Users/deemo/Desktop/workspace/pico/pico-sdk/lib/cyw43-driver/src/cyw43_ll.c.obj
                0x0000000010007810                cyw43_ll_wifi_rejoin
 .text.cyw43_ll_gpio_set
                0x0000000010007830       0x30 CMakeFiles/P2.dir/Users/deemo/Desktop/workspace/pico/pico-sdk/lib/cyw43-driver/src/cyw43_ll.c.obj
                0x0000000010007830                cyw43_ll_gpio_set
 .text.cyw43_ll_has_work
                0x0000000010007860       0x12 CMakeFiles/P2.dir/Users/deemo/Desktop/workspace/pico/pico-sdk/lib/cyw43-driver/src/cyw43_ll.c.obj
                0x0000000010007860                cyw43_ll_has_work
 *fill*         0x0000000010007872        0x2 
 .text.cyw43_poll_func
                0x0000000010007874       0xb0 CMakeFiles/P2.dir/Users/deemo/Desktop/workspace/pico/pico-sdk/lib/cyw43-driver/src/cyw43_ctrl.c.obj
 .text.cyw43_dump_async_event
                0x0000000010007924       0x8c CMakeFiles/P2.dir/Users/deemo/Desktop/workspace/pico/pico-sdk/lib/cyw43-driver/src/cyw43_ctrl.c.obj
 .text.cyw43_ensure_up
                0x00000000100079b0       0xec CMakeFiles/P2.dir/Users/deemo/Desktop/workspace/pico/pico-sdk/lib/cyw43-driver/src/cyw43_ctrl.c.obj
 .text.cyw43_init
                0x0000000010007a9c       0x8c CMakeFiles/P2.dir/Users/deemo/Desktop/workspace/pico/pico-sdk/lib/cyw43-driver/src/cyw43_ctrl.c.obj
                0x0000000010007a9c                cyw43_init
 .text.cyw43_deinit
                0x0000000010007b28       0x3c CMakeFiles/P2.dir/Users/deemo/Desktop/workspace/pico/pico-sdk/lib/cyw43-driver/src/cyw43_ctrl.c.obj
                0x0000000010007b28                cyw43_deinit
 .text.cyw43_cb_read_host_interrupt_pin
                0x0000000010007b64        0xe CMakeFiles/P2.dir/Users/deemo/Desktop/workspace/pico/pico-sdk/lib/cyw43-driver/src/cyw43_ctrl.c.obj
                0x0000000010007b64                cyw43_cb_read_host_interrupt_pin
 *fill*         0x0000000010007b72        0x2 
 .text.cyw43_cb_ensure_awake
                0x0000000010007b74        0xc CMakeFiles/P2.dir/Users/deemo/Desktop/workspace/pico/pico-sdk/lib/cyw43-driver/src/cyw43_ctrl.c.obj
                0x0000000010007b74                cyw43_cb_ensure_awake
 .text.cyw43_cb_process_async_event
                0x0000000010007b80      0x1b8 CMakeFiles/P2.dir/Users/deemo/Desktop/workspace/pico/pico-sdk/lib/cyw43-driver/src/cyw43_ctrl.c.obj
                0x0000000010007b80                cyw43_cb_process_async_event
 .text.cyw43_gpio_set
                0x0000000010007d38       0x30 CMakeFiles/P2.dir/Users/deemo/Desktop/workspace/pico/pico-sdk/lib/cyw43-driver/src/cyw43_ctrl.c.obj
                0x0000000010007d38                cyw43_gpio_set
 .text._pio_can_add_program_at_offset
                0x0000000010007d68       0x3c CMakeFiles/P2.dir/Users/deemo/Desktop/workspace/pico/pico-sdk/src/rp2_common/hardware_pio/pio.c.obj
 .text._pio_find_offset_for_program
                0x0000000010007da4       0x7c CMakeFiles/P2.dir/Users/deemo/Desktop/workspace/pico/pico-sdk/src/rp2_common/hardware_pio/pio.c.obj
 .text._pio_add_program_at_offset
                0x0000000010007e20       0x78 CMakeFiles/P2.dir/Users/deemo/Desktop/workspace/pico/pico-sdk/src/rp2_common/hardware_pio/pio.c.obj
 .text.pio_sm_unclaim
                0x0000000010007e98       0x20 CMakeFiles/P2.dir/Users/deemo/Desktop/workspace/pico/pico-sdk/src/rp2_common/hardware_pio/pio.c.obj
                0x0000000010007e98                pio_sm_unclaim
 .text.pio_claim_unused_sm
                0x0000000010007eb8       0x3c CMakeFiles/P2.dir/Users/deemo/Desktop/workspace/pico/pico-sdk/src/rp2_common/hardware_pio/pio.c.obj
                0x0000000010007eb8                pio_claim_unused_sm
 .text.pio_can_add_program
                0x0000000010007ef4       0x26 CMakeFiles/P2.dir/Users/deemo/Desktop/workspace/pico/pico-sdk/src/rp2_common/hardware_pio/pio.c.obj
                0x0000000010007ef4                pio_can_add_program
 *fill*         0x0000000010007f1a        0x2 
 .text.pio_add_program
                0x0000000010007f1c       0x38 CMakeFiles/P2.dir/Users/deemo/Desktop/workspace/pico/pico-sdk/src/rp2_common/hardware_pio/pio.c.obj
                0x0000000010007f1c                pio_add_program
 .text.pio_remove_program
                0x0000000010007f54       0x58 CMakeFiles/P2.dir/Users/deemo/Desktop/workspace/pico/pico-sdk/src/rp2_common/hardware_pio/pio.c.obj
                0x0000000010007f54                pio_remove_program
 .text.pio_sm_set_pindirs_with_mask
                0x0000000010007fac       0x9c CMakeFiles/P2.dir/Users/deemo/Desktop/workspace/pico/pico-sdk/src/rp2_common/hardware_pio/pio.c.obj
                0x0000000010007fac                pio_sm_set_pindirs_with_mask
 .text.pio_sm_set_consecutive_pindirs
                0x0000000010008048       0xa4 CMakeFiles/P2.dir/Users/deemo/Desktop/workspace/pico/pico-sdk/src/rp2_common/hardware_pio/pio.c.obj
                0x0000000010008048                pio_sm_set_consecutive_pindirs
 .text.dma_channel_unclaim
                0x00000000100080ec       0x10 CMakeFiles/P2.dir/Users/deemo/Desktop/workspace/pico/pico-sdk/src/rp2_common/hardware_dma/dma.c.obj
                0x00000000100080ec                dma_channel_unclaim
 .text.dma_claim_unused_channel
                0x00000000100080fc       0x20 CMakeFiles/P2.dir/Users/deemo/Desktop/workspace/pico/pico-sdk/src/rp2_common/hardware_dma/dma.c.obj
                0x00000000100080fc                dma_claim_unused_channel
 .text.dma_channel_cleanup
                0x000000001000811c       0x5c CMakeFiles/P2.dir/Users/deemo/Desktop/workspace/pico/pico-sdk/src/rp2_common/hardware_dma/dma.c.obj
                0x000000001000811c                dma_channel_cleanup
 .text.cyw43_sleep_timeout_reached
                0x0000000010008178       0x50 CMakeFiles/P2.dir/Users/deemo/Desktop/workspace/pico/pico-sdk/src/rp2_common/pico_cyw43_driver/cyw43_driver.c.obj
 .text.cyw43_set_irq_enabled
                0x00000000100081c8        0xe CMakeFiles/P2.dir/Users/deemo/Desktop/workspace/pico/pico-sdk/src/rp2_common/pico_cyw43_driver/cyw43_driver.c.obj
 *fill*         0x00000000100081d6        0x2 
 .text.cyw43_irq_init
                0x00000000100081d8       0x50 CMakeFiles/P2.dir/Users/deemo/Desktop/workspace/pico/pico-sdk/src/rp2_common/pico_cyw43_driver/cyw43_driver.c.obj
                0x00000000100081d8                cyw43_irq_init
 .text.cyw43_gpio_irq_handler
                0x0000000010008228       0x40 CMakeFiles/P2.dir/Users/deemo/Desktop/workspace/pico/pico-sdk/src/rp2_common/pico_cyw43_driver/cyw43_driver.c.obj
 .text.cyw43_irq_deinit
                0x0000000010008268       0x48 CMakeFiles/P2.dir/Users/deemo/Desktop/workspace/pico/pico-sdk/src/rp2_common/pico_cyw43_driver/cyw43_driver.c.obj
                0x0000000010008268                cyw43_irq_deinit
 .text.no_lwip_fail
                0x00000000100082b0        0xc CMakeFiles/P2.dir/Users/deemo/Desktop/workspace/pico/pico-sdk/src/rp2_common/pico_cyw43_driver/cyw43_driver.c.obj
 .text.cyw43_do_poll
                0x00000000100082bc       0xc8 CMakeFiles/P2.dir/Users/deemo/Desktop/workspace/pico/pico-sdk/src/rp2_common/pico_cyw43_driver/cyw43_driver.c.obj
 .text.cyw43_post_poll_hook
                0x0000000010008384       0x38 CMakeFiles/P2.dir/Users/deemo/Desktop/workspace/pico/pico-sdk/src/rp2_common/pico_cyw43_driver/cyw43_driver.c.obj
                0x0000000010008384                cyw43_post_poll_hook
 .text.cyw43_schedule_internal_poll_dispatch
                0x00000000100083bc       0x3c CMakeFiles/P2.dir/Users/deemo/Desktop/workspace/pico/pico-sdk/src/rp2_common/pico_cyw43_driver/cyw43_driver.c.obj
                0x00000000100083bc                cyw43_schedule_internal_poll_dispatch
 .text.cyw43_driver_init
                0x00000000100083f8       0x38 CMakeFiles/P2.dir/Users/deemo/Desktop/workspace/pico/pico-sdk/src/rp2_common/pico_cyw43_driver/cyw43_driver.c.obj
                0x00000000100083f8                cyw43_driver_init
 .text.cyw43_driver_deinit
                0x0000000010008430       0x64 CMakeFiles/P2.dir/Users/deemo/Desktop/workspace/pico/pico-sdk/src/rp2_common/pico_cyw43_driver/cyw43_driver.c.obj
                0x0000000010008430                cyw43_driver_deinit
 .text.storage_read_blocks
                0x0000000010008494        0x6 CMakeFiles/P2.dir/Users/deemo/Desktop/workspace/pico/pico-sdk/src/rp2_common/pico_cyw43_driver/cyw43_driver.c.obj
                0x0000000010008494                storage_read_blocks
 *fill*         0x000000001000849a        0x2 
 .text.cyw43_hal_generate_laa_mac
                0x000000001000849c       0x34 CMakeFiles/P2.dir/Users/deemo/Desktop/workspace/pico/pico-sdk/src/rp2_common/pico_cyw43_driver/cyw43_driver.c.obj
                0x000000001000849c                cyw43_hal_generate_laa_mac
 .text.cyw43_thread_enter
                0x00000000100084d0       0x14 CMakeFiles/P2.dir/Users/deemo/Desktop/workspace/pico/pico-sdk/src/rp2_common/pico_cyw43_driver/cyw43_driver.c.obj
                0x00000000100084d0                cyw43_thread_enter
 .text.cyw43_thread_exit
                0x00000000100084e4       0x14 CMakeFiles/P2.dir/Users/deemo/Desktop/workspace/pico/pico-sdk/src/rp2_common/pico_cyw43_driver/cyw43_driver.c.obj
                0x00000000100084e4                cyw43_thread_exit
 .text.cyw43_thread_lock_check
                0x00000000100084f8       0x14 CMakeFiles/P2.dir/Users/deemo/Desktop/workspace/pico/pico-sdk/src/rp2_common/pico_cyw43_driver/cyw43_driver.c.obj
                0x00000000100084f8                cyw43_thread_lock_check
 .text.cyw43_await_background_or_timeout_us
                0x000000001000850c       0x60 CMakeFiles/P2.dir/Users/deemo/Desktop/workspace/pico/pico-sdk/src/rp2_common/pico_cyw43_driver/cyw43_driver.c.obj
                0x000000001000850c                cyw43_await_background_or_timeout_us
 .text.cyw43_delay_ms
                0x000000001000856c       0x70 CMakeFiles/P2.dir/Users/deemo/Desktop/workspace/pico/pico-sdk/src/rp2_common/pico_cyw43_driver/cyw43_driver.c.obj
                0x000000001000856c                cyw43_delay_ms
 .text.cyw43_cb_tcpip_deinit
                0x00000000100085dc        0x2 CMakeFiles/P2.dir/Users/deemo/Desktop/workspace/pico/pico-sdk/src/rp2_common/pico_cyw43_driver/cyw43_driver.c.obj
                0x00000000100085dc                cyw43_cb_tcpip_deinit
 .text.cyw43_cb_tcpip_set_link_up
                0x00000000100085de        0x6 CMakeFiles/P2.dir/Users/deemo/Desktop/workspace/pico/pico-sdk/src/rp2_common/pico_cyw43_driver/cyw43_driver.c.obj
                0x00000000100085de                cyw43_cb_tcpip_set_link_up
 .text.cyw43_cb_tcpip_set_link_down
                0x00000000100085e4        0x6 CMakeFiles/P2.dir/Users/deemo/Desktop/workspace/pico/pico-sdk/src/rp2_common/pico_cyw43_driver/cyw43_driver.c.obj
                0x00000000100085e4                cyw43_cb_tcpip_set_link_down
 .text.cyw43_cb_process_ethernet
                0x00000000100085ea        0x6 CMakeFiles/P2.dir/Users/deemo/Desktop/workspace/pico/pico-sdk/src/rp2_common/pico_cyw43_driver/cyw43_driver.c.obj
                0x00000000100085ea                cyw43_cb_process_ethernet
 .text.async_context_threadsafe_background_acquire_lock_blocking
                0x00000000100085f0        0xa CMakeFiles/P2.dir/Users/deemo/Desktop/workspace/pico/pico-sdk/src/rp2_common/pico_async_context/async_context_threadsafe_background.c.obj
 .text.async_context_threadsafe_background_wake_up
                0x00000000100085fa       0x16 CMakeFiles/P2.dir/Users/deemo/Desktop/workspace/pico/pico-sdk/src/rp2_common/pico_async_context/async_context_threadsafe_background.c.obj
 .text.alarm_handler
                0x0000000010008610       0x14 CMakeFiles/P2.dir/Users/deemo/Desktop/workspace/pico/pico-sdk/src/rp2_common/pico_async_context/async_context_threadsafe_background.c.obj
 .text.async_context_threadsafe_background_set_work_pending
                0x0000000010008624        0xc CMakeFiles/P2.dir/Users/deemo/Desktop/workspace/pico/pico-sdk/src/rp2_common/pico_async_context/async_context_threadsafe_background.c.obj
 .text.async_context_threadsafe_background_lock_check
                0x0000000010008630       0x2c CMakeFiles/P2.dir/Users/deemo/Desktop/workspace/pico/pico-sdk/src/rp2_common/pico_async_context/async_context_threadsafe_background.c.obj
 .text.process_under_lock
                0x000000001000865c       0xfc CMakeFiles/P2.dir/Users/deemo/Desktop/workspace/pico/pico-sdk/src/rp2_common/pico_async_context/async_context_threadsafe_background.c.obj
 .text.lock_release
                0x0000000010008758       0x1e CMakeFiles/P2.dir/Users/deemo/Desktop/workspace/pico/pico-sdk/src/rp2_common/pico_async_context/async_context_threadsafe_background.c.obj
 .text.async_context_threadsafe_background_execute_sync
                0x0000000010008776       0x1e CMakeFiles/P2.dir/Users/deemo/Desktop/workspace/pico/pico-sdk/src/rp2_common/pico_async_context/async_context_threadsafe_background.c.obj
                0x0000000010008776                async_context_threadsafe_background_execute_sync
 .text.async_context_threadsafe_background_release_lock
                0x0000000010008794        0x8 CMakeFiles/P2.dir/Users/deemo/Desktop/workspace/pico/pico-sdk/src/rp2_common/pico_async_context/async_context_threadsafe_background.c.obj
 .text.low_prio_irq_deinit
                0x000000001000879c       0x50 CMakeFiles/P2.dir/Users/deemo/Desktop/workspace/pico/pico-sdk/src/rp2_common/pico_async_context/async_context_threadsafe_background.c.obj
 .text.async_context_threadsafe_background_deinit
                0x00000000100087ec       0x58 CMakeFiles/P2.dir/Users/deemo/Desktop/workspace/pico/pico-sdk/src/rp2_common/pico_async_context/async_context_threadsafe_background.c.obj
 .text.low_priority_irq_handler
                0x0000000010008844       0x78 CMakeFiles/P2.dir/Users/deemo/Desktop/workspace/pico/pico-sdk/src/rp2_common/pico_async_context/async_context_threadsafe_background.c.obj
 .text.async_context_threadsafe_background_wait_for_work_until
                0x00000000100088bc        0xa CMakeFiles/P2.dir/Users/deemo/Desktop/workspace/pico/pico-sdk/src/rp2_common/pico_async_context/async_context_threadsafe_background.c.obj
 .text.async_context_threadsafe_background_wait_until
                0x00000000100088c6       0x1a CMakeFiles/P2.dir/Users/deemo/Desktop/workspace/pico/pico-sdk/src/rp2_common/pico_async_context/async_context_threadsafe_background.c.obj
 .text.async_context_threadsafe_background_when_pending_worker
                0x00000000100088e0       0x20 CMakeFiles/P2.dir/Users/deemo/Desktop/workspace/pico/pico-sdk/src/rp2_common/pico_async_context/async_context_threadsafe_background.c.obj
 .text.async_context_threadsafe_background_add_when_pending_worker
                0x0000000010008900       0x20 CMakeFiles/P2.dir/Users/deemo/Desktop/workspace/pico/pico-sdk/src/rp2_common/pico_async_context/async_context_threadsafe_background.c.obj
 .text.async_context_threadsafe_background_remove_at_time_worker
                0x0000000010008920       0x20 CMakeFiles/P2.dir/Users/deemo/Desktop/workspace/pico/pico-sdk/src/rp2_common/pico_async_context/async_context_threadsafe_background.c.obj
 .text.async_context_threadsafe_background_add_at_time_worker
                0x0000000010008940       0x20 CMakeFiles/P2.dir/Users/deemo/Desktop/workspace/pico/pico-sdk/src/rp2_common/pico_async_context/async_context_threadsafe_background.c.obj
 .text.low_prio_irq_init
                0x0000000010008960       0x80 CMakeFiles/P2.dir/Users/deemo/Desktop/workspace/pico/pico-sdk/src/rp2_common/pico_async_context/async_context_threadsafe_background.c.obj
 .text.async_context_threadsafe_background_default_config
                0x00000000100089e0        0xa CMakeFiles/P2.dir/Users/deemo/Desktop/workspace/pico/pico-sdk/src/rp2_common/pico_async_context/async_context_threadsafe_background.c.obj
                0x00000000100089e0                async_context_threadsafe_background_default_config
 *fill*         0x00000000100089ea        0x2 
 .text.async_context_threadsafe_background_init
                0x00000000100089ec       0x74 CMakeFiles/P2.dir/Users/deemo/Desktop/workspace/pico/pico-sdk/src/rp2_common/pico_async_context/async_context_threadsafe_background.c.obj
                0x00000000100089ec                async_context_threadsafe_background_init
 .text.async_context_base_add_at_time_worker
                0x0000000010008a60       0x1c CMakeFiles/P2.dir/Users/deemo/Desktop/workspace/pico/pico-sdk/src/rp2_common/pico_async_context/async_context_base.c.obj
                0x0000000010008a60                async_context_base_add_at_time_worker
 .text.async_context_base_remove_at_time_worker
                0x0000000010008a7c       0x1c CMakeFiles/P2.dir/Users/deemo/Desktop/workspace/pico/pico-sdk/src/rp2_common/pico_async_context/async_context_base.c.obj
                0x0000000010008a7c                async_context_base_remove_at_time_worker
 .text.async_context_base_add_when_pending_worker
                0x0000000010008a98       0x1c CMakeFiles/P2.dir/Users/deemo/Desktop/workspace/pico/pico-sdk/src/rp2_common/pico_async_context/async_context_base.c.obj
                0x0000000010008a98                async_context_base_add_when_pending_worker
 .text.async_context_base_remove_when_pending_worker
                0x0000000010008ab4       0x1c CMakeFiles/P2.dir/Users/deemo/Desktop/workspace/pico/pico-sdk/src/rp2_common/pico_async_context/async_context_base.c.obj
                0x0000000010008ab4                async_context_base_remove_when_pending_worker
 .text.async_context_base_remove_ready_at_time_worker
                0x0000000010008ad0       0x94 CMakeFiles/P2.dir/Users/deemo/Desktop/workspace/pico/pico-sdk/src/rp2_common/pico_async_context/async_context_base.c.obj
                0x0000000010008ad0                async_context_base_remove_ready_at_time_worker
 .text.async_context_base_refresh_next_timeout
                0x0000000010008b64       0x4c CMakeFiles/P2.dir/Users/deemo/Desktop/workspace/pico/pico-sdk/src/rp2_common/pico_async_context/async_context_base.c.obj
                0x0000000010008b64                async_context_base_refresh_next_timeout
 .text.async_context_base_execute_once
                0x0000000010008bb0       0x48 CMakeFiles/P2.dir/Users/deemo/Desktop/workspace/pico/pico-sdk/src/rp2_common/pico_async_context/async_context_base.c.obj
                0x0000000010008bb0                async_context_base_execute_once
 .text.atoi     0x0000000010008bf8        0xc /opt/homebrew/Cellar/arm-none-eabi-gcc/10-2020-q4-major/gcc/bin/../lib/gcc/arm-none-eabi/10.2.1/../../../../arm-none-eabi/lib/thumb/v6-m/nofp/libg.a(lib_a-atoi.o)
                0x0000000010008bf8                atoi
 .text.memcmp   0x0000000010008c04       0x48 /opt/homebrew/Cellar/arm-none-eabi-gcc/10-2020-q4-major/gcc/bin/../lib/gcc/arm-none-eabi/10.2.1/../../../../arm-none-eabi/lib/thumb/v6-m/nofp/libg.a(lib_a-memcmp.o)
                0x0000000010008c04                memcmp
 .text.memmove  0x0000000010008c4c       0xac /opt/homebrew/Cellar/arm-none-eabi-gcc/10-2020-q4-major/gcc/bin/../lib/gcc/arm-none-eabi/10.2.1/../../../../arm-none-eabi/lib/thumb/v6-m/nofp/libg.a(lib_a-memmove.o)
                0x0000000010008c4c                memmove
 .text.strlen   0x0000000010008cf8       0x5c /opt/homebrew/Cellar/arm-none-eabi-gcc/10-2020-q4-major/gcc/bin/../lib/gcc/arm-none-eabi/10.2.1/../../../../arm-none-eabi/lib/thumb/v6-m/nofp/libg.a(lib_a-strlen-stub.o)
                0x0000000010008cf8                strlen
 .text.strncmp  0x0000000010008d54       0x74 /opt/homebrew/Cellar/arm-none-eabi-gcc/10-2020-q4-major/gcc/bin/../lib/gcc/arm-none-eabi/10.2.1/../../../../arm-none-eabi/lib/thumb/v6-m/nofp/libg.a(lib_a-strncmp.o)
                0x0000000010008d54                strncmp
 .text._strtol_l.part.0
                0x0000000010008dc8      0x144 /opt/homebrew/Cellar/arm-none-eabi-gcc/10-2020-q4-major/gcc/bin/../lib/gcc/arm-none-eabi/10.2.1/../../../../arm-none-eabi/lib/thumb/v6-m/nofp/libg.a(lib_a-strtol.o)
 .text.strtol   0x0000000010008f0c       0x2c /opt/homebrew/Cellar/arm-none-eabi-gcc/10-2020-q4-major/gcc/bin/../lib/gcc/arm-none-eabi/10.2.1/../../../../arm-none-eabi/lib/thumb/v6-m/nofp/libg.a(lib_a-strtol.o)
                0x0000000010008f0c                strtol
 .text.__errno  0x0000000010008f38        0xc /opt/homebrew/Cellar/arm-none-eabi-gcc/10-2020-q4-major/gcc/bin/../lib/gcc/arm-none-eabi/10.2.1/../../../../arm-none-eabi/lib/thumb/v6-m/nofp/libg.a(lib_a-errno.o)
                0x0000000010008f38                __errno
 *(.fini)
 .fini          0x0000000010008f44        0x4 /opt/homebrew/Cellar/arm-none-eabi-gcc/10-2020-q4-major/gcc/bin/../lib/gcc/arm-none-eabi/10.2.1/thumb/v6-m/nofp/crti.o
                0x0000000010008f44                _fini
 .fini.__stub   0x0000000010008f48       0xe0 linker stubs
 *crtbegin.o(.ctors)
 *crtbegin?.o(.ctors)
 *(EXCLUDE_FILE(*crtend.o *crtend?.o) .ctors)
 *(SORT_BY_NAME(.ctors.*))
 *(.ctors)
 *crtbegin.o(.dtors)
 *crtbegin?.o(.dtors)
 *(EXCLUDE_FILE(*crtend.o *crtend?.o) .dtors)
 *(SORT_BY_NAME(.dtors.*))
 *(.dtors)
 *(.eh_frame*)
 .eh_frame      0x0000000010009028        0x0 /opt/homebrew/Cellar/arm-none-eabi-gcc/10-2020-q4-major/gcc/bin/../lib/gcc/arm-none-eabi/10.2.1/thumb/v6-m/nofp/crtbegin.o
                0x0000000010009028                . = ALIGN (0x4)

.glue_7         0x0000000010009028        0x0
 .glue_7        0x0000000010009028        0x0 linker stubs

.glue_7t        0x0000000010009028        0x0
 .glue_7t       0x0000000010009028        0x0 linker stubs

.vfp11_veneer   0x0000000010009028        0x0
 .vfp11_veneer  0x0000000010009028        0x0 linker stubs

.v4_bx          0x0000000010009028        0x0
 .v4_bx         0x0000000010009028        0x0 linker stubs

.iplt           0x0000000010009028        0x0
 .iplt          0x0000000010009028        0x0 /opt/homebrew/Cellar/arm-none-eabi-gcc/10-2020-q4-major/gcc/bin/../lib/gcc/arm-none-eabi/10.2.1/thumb/v6-m/nofp/crtbegin.o

.rodata         0x0000000010009028    0x39b60
 *(EXCLUDE_FILE(*libm.a: *libc.a:*lib_a-mem*.o *libgcc.a:) .rodata*)
 .rodata.PD_handler.str1.4
                0x0000000010009028        0x8 CMakeFiles/P2.dir/P2.c.obj
 .rodata.main.str1.4
                0x0000000010009030      0x12a CMakeFiles/P2.dir/P2.c.obj
 *fill*         0x000000001000915a        0x2 
 .rodata        0x000000001000915c       0x10 CMakeFiles/P2.dir/P2.c.obj
 .rodata.__func__.0
                0x000000001000916c       0x15 CMakeFiles/P2.dir/P2.c.obj
 *fill*         0x0000000010009181        0x3 
 .rodata.print_control.str1.4
                0x0000000010009184       0x28 CMakeFiles/P2.dir/Users/deemo/Desktop/workspace/Drone/BD/software/lib/Control/controller.c.obj
 .rodata.gpio_add_raw_irq_handler_with_order_priority_masked.str1.4
                0x00000000100091ac       0x7d CMakeFiles/P2.dir/Users/deemo/Desktop/workspace/pico/pico-sdk/src/rp2_common/hardware_gpio/gpio.c.obj
 *fill*         0x0000000010009229        0x3 
 .rodata.gpio_remove_raw_irq_handler_masked.str1.4
                0x000000001000922c       0x29 CMakeFiles/P2.dir/Users/deemo/Desktop/workspace/pico/pico-sdk/src/rp2_common/hardware_gpio/gpio.c.obj
 *fill*         0x0000000010009255        0x3 
 .rodata.__func__.0
                0x0000000010009258       0x23 CMakeFiles/P2.dir/Users/deemo/Desktop/workspace/pico/pico-sdk/src/rp2_common/hardware_gpio/gpio.c.obj
 *fill*         0x000000001000927b        0x1 
 .rodata.__func__.1
                0x000000001000927c       0x34 CMakeFiles/P2.dir/Users/deemo/Desktop/workspace/pico/pico-sdk/src/rp2_common/hardware_gpio/gpio.c.obj
 .rodata.hw_claim_clear.str1.4
                0x00000000100092b0       0x73 CMakeFiles/P2.dir/Users/deemo/Desktop/workspace/pico/pico-sdk/src/rp2_common/hardware_claim/claim.c.obj
 *fill*         0x0000000010009323        0x1 
 .rodata.__func__.0
                0x0000000010009324        0xf CMakeFiles/P2.dir/Users/deemo/Desktop/workspace/pico/pico-sdk/src/rp2_common/hardware_claim/claim.c.obj
 *fill*         0x0000000010009333        0x1 
 .rodata.make_branch.str1.4
                0x0000000010009334       0x7f CMakeFiles/P2.dir/Users/deemo/Desktop/workspace/pico/pico-sdk/src/rp2_common/hardware_irq/irq.c.obj
 *fill*         0x00000000100093b3        0x1 
 .rodata.insert_branch_and_link.str1.4
                0x00000000100093b4       0x10 CMakeFiles/P2.dir/Users/deemo/Desktop/workspace/pico/pico-sdk/src/rp2_common/hardware_irq/irq.c.obj
 .rodata.irq_set_exclusive_handler.str1.4
                0x00000000100093c4       0x36 CMakeFiles/P2.dir/Users/deemo/Desktop/workspace/pico/pico-sdk/src/rp2_common/hardware_irq/irq.c.obj
 *fill*         0x00000000100093fa        0x2 
 .rodata.irq_add_shared_handler.str1.4
                0x00000000100093fc       0xd9 CMakeFiles/P2.dir/Users/deemo/Desktop/workspace/pico/pico-sdk/src/rp2_common/hardware_irq/irq.c.obj
 *fill*         0x00000000100094d5        0x3 
 .rodata.irq_remove_handler.str1.4
                0x00000000100094d8       0x3a CMakeFiles/P2.dir/Users/deemo/Desktop/workspace/pico/pico-sdk/src/rp2_common/hardware_irq/irq.c.obj
 *fill*         0x0000000010009512        0x2 
 .rodata.irq_add_tail_to_free_list.str1.4
                0x0000000010009514       0x3a CMakeFiles/P2.dir/Users/deemo/Desktop/workspace/pico/pico-sdk/src/rp2_common/hardware_irq/irq.c.obj
 *fill*         0x000000001000954e        0x2 
 .rodata.user_irq_claim_unused.str1.4
                0x0000000010009550       0x1b CMakeFiles/P2.dir/Users/deemo/Desktop/workspace/pico/pico-sdk/src/rp2_common/hardware_irq/irq.c.obj
 *fill*         0x000000001000956b        0x1 
 .rodata.__func__.0
                0x000000001000956c       0x1a CMakeFiles/P2.dir/Users/deemo/Desktop/workspace/pico/pico-sdk/src/rp2_common/hardware_irq/irq.c.obj
 *fill*         0x0000000010009586        0x2 
 .rodata.__func__.1
                0x0000000010009588       0x17 CMakeFiles/P2.dir/Users/deemo/Desktop/workspace/pico/pico-sdk/src/rp2_common/hardware_irq/irq.c.obj
 *fill*         0x000000001000959f        0x1 
 .rodata.__func__.2
                0x00000000100095a0       0x13 CMakeFiles/P2.dir/Users/deemo/Desktop/workspace/pico/pico-sdk/src/rp2_common/hardware_irq/irq.c.obj
 *fill*         0x00000000100095b3        0x1 
 .rodata.__func__.3
                0x00000000100095b4        0xc CMakeFiles/P2.dir/Users/deemo/Desktop/workspace/pico/pico-sdk/src/rp2_common/hardware_irq/irq.c.obj
 .rodata.__func__.4
                0x00000000100095c0        0xf CMakeFiles/P2.dir/Users/deemo/Desktop/workspace/pico/pico-sdk/src/rp2_common/hardware_irq/irq.c.obj
 *fill*         0x00000000100095cf        0x1 
 .rodata.__func__.5
                0x00000000100095d0       0x17 CMakeFiles/P2.dir/Users/deemo/Desktop/workspace/pico/pico-sdk/src/rp2_common/hardware_irq/irq.c.obj
 *fill*         0x00000000100095e7        0x1 
 .rodata.__func__.6
                0x00000000100095e8       0x1a CMakeFiles/P2.dir/Users/deemo/Desktop/workspace/pico/pico-sdk/src/rp2_common/hardware_irq/irq.c.obj
 *fill*         0x0000000010009602        0x2 
 .rodata.str1.4
                0x0000000010009604       0x9d CMakeFiles/P2.dir/Users/deemo/Desktop/workspace/pico/pico-sdk/src/common/pico_sync/mutex.c.obj
                                        0x111 (size before relaxing)
 *fill*         0x00000000100096a1        0x3 
 .rodata.__func__.0
                0x00000000100096a4       0x15 CMakeFiles/P2.dir/Users/deemo/Desktop/workspace/pico/pico-sdk/src/common/pico_sync/mutex.c.obj
 *fill*         0x00000000100096b9        0x3 
 .rodata.__func__.1
                0x00000000100096bc        0xb CMakeFiles/P2.dir/Users/deemo/Desktop/workspace/pico/pico-sdk/src/common/pico_sync/mutex.c.obj
 *fill*         0x00000000100096c7        0x1 
 .rodata.__func__.3
                0x00000000100096c8       0x18 CMakeFiles/P2.dir/Users/deemo/Desktop/workspace/pico/pico-sdk/src/common/pico_sync/mutex.c.obj
 .rodata.__func__.5
                0x00000000100096e0       0x1a CMakeFiles/P2.dir/Users/deemo/Desktop/workspace/pico/pico-sdk/src/common/pico_sync/mutex.c.obj
 *fill*         0x00000000100096fa        0x2 
 .rodata.__func__.6
                0x00000000100096fc       0x1f CMakeFiles/P2.dir/Users/deemo/Desktop/workspace/pico/pico-sdk/src/common/pico_sync/mutex.c.obj
 *fill*         0x000000001000971b        0x1 
 .rodata.repeating_timer_callback.str1.4
                0x000000001000971c       0x5d CMakeFiles/P2.dir/Users/deemo/Desktop/workspace/pico/pico-sdk/src/common/pico_time/time.c.obj
 *fill*         0x0000000010009779        0x3 
 .rodata.timer_pool_entry_comparator.str1.4
                0x000000001000977c       0x22 CMakeFiles/P2.dir/Users/deemo/Desktop/workspace/pico/pico-sdk/src/common/pico_time/time.c.obj
 *fill*         0x000000001000979e        0x2 
 .rodata.ph_add_child_node.str1.4
                0x00000000100097a0       0xa6 CMakeFiles/P2.dir/Users/deemo/Desktop/workspace/pico/pico-sdk/src/common/pico_time/time.c.obj
 *fill*         0x0000000010009846        0x2 
 .rodata.add_alarm_under_lock.str1.4
                0x0000000010009848       0x28 CMakeFiles/P2.dir/Users/deemo/Desktop/workspace/pico/pico-sdk/src/common/pico_time/time.c.obj
                                         0x2b (size before relaxing)
 .rodata.alarm_pool_alarm_callback.str1.4
                0x0000000010009870       0x98 CMakeFiles/P2.dir/Users/deemo/Desktop/workspace/pico/pico-sdk/src/common/pico_time/time.c.obj
                                        0x10c (size before relaxing)
 .rodata.alarm_pool_get_default.str1.4
                0x0000000010009908       0x21 CMakeFiles/P2.dir/Users/deemo/Desktop/workspace/pico/pico-sdk/src/common/pico_time/time.c.obj
 *fill*         0x0000000010009929        0x3 
 .rodata.alarm_pool_cancel_alarm.str1.4
                0x000000001000992c       0x27 CMakeFiles/P2.dir/Users/deemo/Desktop/workspace/pico/pico-sdk/src/common/pico_time/time.c.obj
 *fill*         0x0000000010009953        0x1 
 .rodata.sleep_until.str1.4
                0x0000000010009954       0x4d CMakeFiles/P2.dir/Users/deemo/Desktop/workspace/pico/pico-sdk/src/common/pico_time/time.c.obj
 *fill*         0x00000000100099a1        0x3 
 .rodata.__func__.1
                0x00000000100099a4       0x18 CMakeFiles/P2.dir/Users/deemo/Desktop/workspace/pico/pico-sdk/src/common/pico_time/time.c.obj
 .rodata.__func__.10
                0x00000000100099bc       0x15 CMakeFiles/P2.dir/Users/deemo/Desktop/workspace/pico/pico-sdk/src/common/pico_time/time.c.obj
 *fill*         0x00000000100099d1        0x3 
 .rodata.__func__.11
                0x00000000100099d4       0x1a CMakeFiles/P2.dir/Users/deemo/Desktop/workspace/pico/pico-sdk/src/common/pico_time/time.c.obj
 *fill*         0x00000000100099ee        0x2 
 .rodata.__func__.12
                0x00000000100099f0        0xa CMakeFiles/P2.dir/Users/deemo/Desktop/workspace/pico/pico-sdk/src/common/pico_time/time.c.obj
 *fill*         0x00000000100099fa        0x2 
 .rodata.__func__.3
                0x00000000100099fc       0x17 CMakeFiles/P2.dir/Users/deemo/Desktop/workspace/pico/pico-sdk/src/common/pico_time/time.c.obj
 *fill*         0x0000000010009a13        0x1 
 .rodata.__func__.4
                0x0000000010009a14       0x12 CMakeFiles/P2.dir/Users/deemo/Desktop/workspace/pico/pico-sdk/src/common/pico_time/time.c.obj
 *fill*         0x0000000010009a26        0x2 
 .rodata.__func__.5
                0x0000000010009a28        0xd CMakeFiles/P2.dir/Users/deemo/Desktop/workspace/pico/pico-sdk/src/common/pico_time/time.c.obj
 *fill*         0x0000000010009a35        0x3 
 .rodata.__func__.6
                0x0000000010009a38       0x12 CMakeFiles/P2.dir/Users/deemo/Desktop/workspace/pico/pico-sdk/src/common/pico_time/time.c.obj
 *fill*         0x0000000010009a4a        0x2 
 .rodata.__func__.7
                0x0000000010009a4c        0xf CMakeFiles/P2.dir/Users/deemo/Desktop/workspace/pico/pico-sdk/src/common/pico_time/time.c.obj
 *fill*         0x0000000010009a5b        0x1 
 .rodata.__func__.8
                0x0000000010009a5c        0xc CMakeFiles/P2.dir/Users/deemo/Desktop/workspace/pico/pico-sdk/src/common/pico_time/time.c.obj
 .rodata.__func__.9
                0x0000000010009a68       0x15 CMakeFiles/P2.dir/Users/deemo/Desktop/workspace/pico/pico-sdk/src/common/pico_time/time.c.obj
 *fill*         0x0000000010009a7d        0x3 
 .rodata.at_the_end_of_time
                0x0000000010009a80        0x8 CMakeFiles/P2.dir/Users/deemo/Desktop/workspace/pico/pico-sdk/src/common/pico_time/time.c.obj
                0x0000000010009a80                at_the_end_of_time
 .rodata.hardware_alarm_claim.str1.4