Archive member included to satisfy reference by file (symbol)

/opt/homebrew/Cellar/arm-none-eabi-gcc/10-2020-q4-major/gcc/bin/../lib/gcc/arm-none-eabi/10.2.1/thumb/v6-m/nofp/libgcc.a(_dvmd_tls.o)
                              CMakeFiles/P2.dir/Users/deemo/Desktop/workspace/pico/pico-sdk/src/rp2_common/pico_divider/divider.S.obj (__aeabi_idiv0)
/opt/homebrew/Cellar/arm-none-eabi-gcc/10-2020-q4-major/gcc/bin/../lib/gcc/arm-none-eabi/10.2.1/../../../../arm-none-eabi/lib/thumb/v6-m/nofp/libc.a(lib_a-atoi.o)
                              CMakeFiles/P2.dir/P2.c.obj (atoi)
/opt/homebrew/Cellar/arm-none-eabi-gcc/10-2020-q4-major/gcc/bin/../lib/gcc/arm-none-eabi/10.2.1/../../../../arm-none-eabi/lib/thumb/v6-m/nofp/libc.a(lib_a-calloc.o)
                              CMakeFiles/P2.dir/Users/deemo/Desktop/workspace/pico/pico-sdk/src/rp2_common/pico_malloc/pico_malloc.c.obj (calloc)
/opt/homebrew/Cellar/arm-none-eabi-gcc/10-2020-q4-major/gcc/bin/../lib/gcc/arm-none-eabi/10.2.1/../../../../arm-none-eabi/lib/thumb/v6-m/nofp/libc.a(lib_a-callocr.o)
                              /opt/homebrew/Cellar/arm-none-eabi-gcc/10-2020-q4-major/gcc/bin/../lib/gcc/arm-none-eabi/10.2.1/../../../../arm-none-eabi/lib/thumb/v6-m/nofp/libc.a(lib_a-calloc.o) (_calloc_r)
/opt/homebrew/Cellar/arm-none-eabi-gcc/10-2020-q4-major/gcc/bin/../lib/gcc/arm-none-eabi/10.2.1/../../../../arm-none-eabi/lib/thumb/v6-m/nofp/libc.a(lib_a-impure.o)
                              /opt/homebrew/Cellar/arm-none-eabi-gcc/10-2020-q4-major/gcc/bin/../lib/gcc/arm-none-eabi/10.2.1/../../../../arm-none-eabi/lib/thumb/v6-m/nofp/libc.a(lib_a-calloc.o) (_impure_ptr)
/opt/homebrew/Cellar/arm-none-eabi-gcc/10-2020-q4-major/gcc/bin/../lib/gcc/arm-none-eabi/10.2.1/../../../../arm-none-eabi/lib/thumb/v6-m/nofp/libc.a(lib_a-init.o)
                              /opt/homebrew/Cellar/arm-none-eabi-gcc/10-2020-q4-major/gcc/bin/../lib/gcc/arm-none-eabi/10.2.1/../../../../arm-none-eabi/lib/thumb/v6-m/nofp/crt0.o (__libc_init_array)
/opt/homebrew/Cellar/arm-none-eabi-gcc/10-2020-q4-major/gcc/bin/../lib/gcc/arm-none-eabi/10.2.1/../../../../arm-none-eabi/lib/thumb/v6-m/nofp/libc.a(lib_a-malloc.o)
                              CMakeFiles/P2.dir/Users/deemo/Desktop/workspace/pico/pico-sdk/src/rp2_common/pico_malloc/pico_malloc.c.obj (malloc)
/opt/homebrew/Cellar/arm-none-eabi-gcc/10-2020-q4-major/gcc/bin/../lib/gcc/arm-none-eabi/10.2.1/../../../../arm-none-eabi/lib/thumb/v6-m/nofp/libc.a(lib_a-mallocr.o)
                              /opt/homebrew/Cellar/arm-none-eabi-gcc/10-2020-q4-major/gcc/bin/../lib/gcc/arm-none-eabi/10.2.1/../../../../arm-none-eabi/lib/thumb/v6-m/nofp/libc.a(lib_a-callocr.o) (_malloc_r)
/opt/homebrew/Cellar/arm-none-eabi-gcc/10-2020-q4-major/gcc/bin/../lib/gcc/arm-none-eabi/10.2.1/../../../../arm-none-eabi/lib/thumb/v6-m/nofp/libc.a(lib_a-memcmp.o)
                              CMakeFiles/P2.dir/Users/deemo/Desktop/workspace/pico/pico-sdk/lib/cyw43-driver/src/cyw43_ll.c.obj (memcmp)
/opt/homebrew/Cellar/arm-none-eabi-gcc/10-2020-q4-major/gcc/bin/../lib/gcc/arm-none-eabi/10.2.1/../../../../arm-none-eabi/lib/thumb/v6-m/nofp/libc.a(lib_a-memmove.o)
                              CMakeFiles/P2.dir/Users/deemo/Desktop/workspace/pico/pico-sdk/lib/cyw43-driver/src/cyw43_ll.c.obj (memmove)
/opt/homebrew/Cellar/arm-none-eabi-gcc/10-2020-q4-major/gcc/bin/../lib/gcc/arm-none-eabi/10.2.1/../../../../arm-none-eabi/lib/thumb/v6-m/nofp/libc.a(lib_a-mlock.o)
                              /opt/homebrew/Cellar/arm-none-eabi-gcc/10-2020-q4-major/gcc/bin/../lib/gcc/arm-none-eabi/10.2.1/../../../../arm-none-eabi/lib/thumb/v6-m/nofp/libc.a(lib_a-mallocr.o) (__malloc_lock)
/opt/homebrew/Cellar/arm-none-eabi-gcc/10-2020-q4-major/gcc/bin/../lib/gcc/arm-none-eabi/10.2.1/../../../../arm-none-eabi/lib/thumb/v6-m/nofp/libc.a(lib_a-realloc.o)
                              CMakeFiles/P2.dir/Users/deemo/Desktop/workspace/pico/pico-sdk/src/rp2_common/pico_malloc/pico_malloc.c.obj (realloc)
/opt/homebrew/Cellar/arm-none-eabi-gcc/10-2020-q4-major/gcc/bin/../lib/gcc/arm-none-eabi/10.2.1/../../../../arm-none-eabi/lib/thumb/v6-m/nofp/libc.a(lib_a-reallocr.o)
                              /opt/homebrew/Cellar/arm-none-eabi-gcc/10-2020-q4-major/gcc/bin/../lib/gcc/arm-none-eabi/10.2.1/../../../../arm-none-eabi/lib/thumb/v6-m/nofp/libc.a(lib_a-realloc.o) (_realloc_r)
/opt/homebrew/Cellar/arm-none-eabi-gcc/10-2020-q4-major/gcc/bin/../lib/gcc/arm-none-eabi/10.2.1/../../../../arm-none-eabi/lib/thumb/v6-m/nofp/libc.a(lib_a-sbrkr.o)
                              /opt/homebrew/Cellar/arm-none-eabi-gcc/10-2020-q4-major/gcc/bin/../lib/gcc/arm-none-eabi/10.2.1/../../../../arm-none-eabi/lib/thumb/v6-m/nofp/libc.a(lib_a-mallocr.o) (_sbrk_r)
/opt/homebrew/Cellar/arm-none-eabi-gcc/10-2020-q4-major/gcc/bin/../lib/gcc/arm-none-eabi/10.2.1/../../../../arm-none-eabi/lib/thumb/v6-m/nofp/libc.a(lib_a-strlen-stub.o)
[...]
Memory Configuration

Name             Origin             Length             Attributes
FLASH            0x0000000010000000 0x0000000000200000 xr
RAM              0x0000000020000000 0x0000000000040000 xrw
SCRATCH_X        0x0000000020040000 0x0000000000001000 xrw
SCRATCH_Y        0x0000000020041000 0x0000000000001000 xrw
*default*        0x0000000000000000 0xffffffffffffffff

Linker script and memory map

LOAD /opt/homebrew/Cellar/arm-none-eabi-gcc/10-2020-q4-major/gcc/bin/../lib/gcc/arm-none-eabi/10.2.1/thumb/v6-m/nofp/crti.o
LOAD /opt/homebrew/Cellar/arm-none-eabi-gcc/10-2020-q4-major/gcc/bin/../lib/gcc/arm-none-eabi/10.2.1/thumb/v6-m/nofp/crtbegin.o
LOAD /opt/homebrew/Cellar/arm-none-eabi-gcc/10-2020-q4-major/gcc/bin/../lib/gcc/arm-none-eabi/10.2.1/../../../../arm-none-eabi/lib/thumb/v6-m/nofp/crt0.o

.flash_begin    0x0000000010000000        0x0
                0x0000000010000000                __flash_binary_start = .

.boot2          0x0000000010000000      0x100
                0x0000000010000000                __boot2_start__ = .
 *(.boot2)
 .boot2         0x0000000010000000      0x100 /var/folders/cq/cqm68txs2bb19051cyzl5q5h0000gn/T//ccdbrhTL.o
                0x0000000010000100                __boot2_end__ = .
                0x0000000000000001                ASSERT (((__boot2_end__ - __boot2_start__) == 0x100), ERROR: Pico second stage bootloader must be 256 bytes in size)

.text           0x0000000010000100     0xb568
                0x0000000010000100                __logical_binary_start = .
 *(.vectors)
 .vectors       0x0000000010000100       0xd4 CMakeFiles/P2.dir/Users/deemo/Desktop/workspace/pico/pico-sdk/src/rp2_common/pico_standard_link/crt0.S.obj
                0x0000000010000100                __VECTOR_TABLE
                0x0000000010000100                __vectors
                0x00000000100001c0                __default_isrs_start
                0x00000000100001c0                isr_invalid
                0x00000000100001c2                isr_nmi
                0x00000000100001c4                isr_hardfault
                0x00000000100001c6                isr_svcall
                0x00000000100001c8                isr_pendsv
                0x00000000100001ca                isr_systick
                0x00000000100001cc                isr_irq28
                0x00000000100001cc                isr_irq19
                0x00000000100001cc                isr_irq0
                0x00000000100001cc                isr_irq6
                0x00000000100001cc                isr_irq22
                0x00000000100001cc                isr_irq17
                0x00000000100001cc                isr_irq14
                0x00000000100001cc                isr_irq2
                0x00000000100001cc                isr_irq10
                0x00000000100001cc                isr_irq8
                0x00000000100001cc                isr_irq24
                0x00000000100001cc                isr_irq1
                0x00000000100001cc                isr_irq7
                0x00000000100001cc                isr_irq21
                0x00000000100001cc                isr_irq20
                0x00000000100001cc                isr_irq15
                0x00000000100001cc                isr_irq25
                0x00000000100001cc                isr_irq4
                0x00000000100001cc                isr_irq16
                0x00000000100001cc                isr_irq29
                0x00000000100001cc                isr_irq26
                0x00000000100001cc                __default_isrs_end
                0x00000000100001cc                isr_irq3
                0x00000000100001cc                isr_irq9
                0x00000000100001cc                __unhandled_user_irq
                0x00000000100001cc                isr_irq13
                0x00000000100001cc                isr_irq27
                0x00000000100001cc                isr_irq31
                0x00000000100001cc                isr_irq5
                0x00000000100001cc                isr_irq11
                0x00000000100001cc                isr_irq23
                0x00000000100001cc                isr_irq18
                0x00000000100001cc                isr_irq30
                0x00000000100001cc                isr_irq12
                0x00000000100001d2                unhandled_user_irq_num_in_r0
 *(.binary_info_header)
 .binary_info_header
                0x00000000100001d4       0x14 CMakeFiles/P2.dir/Users/deemo/Desktop/workspace/pico/pico-sdk/src/rp2_common/pico_standard_link/crt0.S.obj
                0x00000000100001e8                __binary_info_header_end = .
 *(.reset)
 .reset         0x00000000100001e8       0xa0 CMakeFiles/P2.dir/Users/deemo/Desktop/workspace/pico/pico-sdk/src/rp2_common/pico_standard_link/crt0.S.obj
                0x00000000100001e8                _entry_point
 .reset         0x0000000010000288       0x30 CMakeFiles/P2.dir/Users/deemo/Desktop/workspace/pico/pico-sdk/src/rp2_common/pico_standard_link/binary_info.c.obj
 *(.init)
 .init          0x00000000100002b8        0x4 /opt/homebrew/Cellar/arm-none-eabi-gcc/10-2020-q4-major/gcc/bin/../lib/gcc/arm-none-eabi/10.2.1/thumb/v6-m/nofp/crti.o
                0x00000000100002b8                _init
 *(EXCLUDE_FILE(*libm.a: *libc.a:*lib_a-mem*.o *libgcc.a:) .text*)
 .text          0x00000000100002bc       0x48 /opt/homebrew/Cellar/arm-none-eabi-gcc/10-2020-q4-major/gcc/bin/../lib/gcc/arm-none-eabi/10.2.1/thumb/v6-m/nofp/crtbegin.o
 .text.radio_irq_handler
                0x0000000010000304      0x174 CMakeFiles/P2.dir/P2.c.obj
                0x0000000010000304                radio_irq_handler
 .text.uart0_irq_handler
                0x0000000010000478       0x74 CMakeFiles/P2.dir/P2.c.obj
                0x0000000010000478                uart0_irq_handler
 .text.uart0_setup
                0x00000000100004ec       0x38 CMakeFiles/P2.dir/P2.c.obj
                0x00000000100004ec                uart0_setup
 .text.radio_setup
                0x0000000010000524       0x5c CMakeFiles/P2.dir/P2.c.obj
                0x0000000010000524                radio_setup
 .text.startup.main
                0x0000000010000580      0x1a4 CMakeFiles/P2.dir/P2.c.obj
                0x0000000010000580                main
 .text.mpu9250_setup
                0x0000000010000724       0x90 CMakeFiles/P2.dir/Users/deemo/Desktop/workspace/Drone/BD/software/lib/MPU9250/mpu9250.c.obj
                0x0000000010000724                mpu9250_setup
 .text.mpu9250_update
                0x00000000100007b4      0x280 CMakeFiles/P2.dir/Users/deemo/Desktop/workspace/Drone/BD/software/lib/MPU9250/mpu9250.c.obj
                0x00000000100007b4                mpu9250_update
 .text.gyro_cal
                0x0000000010000a34       0xac CMakeFiles/P2.dir/Users/deemo/Desktop/workspace/Drone/BD/software/lib/MPU9250/mpu9250.c.obj
                0x0000000010000a34                gyro_cal
 .text.acc_cal  0x0000000010000ae0       0xd4 CMakeFiles/P2.dir/Users/deemo/Desktop/workspace/Drone/BD/software/lib/MPU9250/mpu9250.c.obj
                0x0000000010000ae0                acc_cal
 .text.esc_setup
                0x0000000010000bb4      0x144 CMakeFiles/P2.dir/Users/deemo/Desktop/workspace/Drone/BD/software/lib/ESC/esc.c.obj
                0x0000000010000bb4                esc_setup
 .text.cali_motor
                0x0000000010000cf8      0x260 CMakeFiles/P2.dir/Users/deemo/Desktop/workspace/Drone/BD/software/lib/ESC/esc.c.obj
                0x0000000010000cf8                cali_motor
 .text.arm_motor
                0x0000000010000f58       0xd4 CMakeFiles/P2.dir/Users/deemo/Desktop/workspace/Drone/BD/software/lib/ESC/esc.c.obj
                0x0000000010000f58                arm_motor
 .text.gpio_set_function
                0x000000001000102c       0x30 CMakeFiles/P2.dir/Users/deemo/Desktop/workspace/pico/pico-sdk/src/rp2_common/hardware_gpio/gpio.c.obj
                0x000000001000102c                gpio_set_function
 .text.gpio_set_pulls
                0x000000001000105c       0x30 CMakeFiles/P2.dir/Users/deemo/Desktop/workspace/pico/pico-sdk/src/rp2_common/hardware_gpio/gpio.c.obj
                0x000000001000105c                gpio_set_pulls
 .text.gpio_set_input_hysteresis_enabled
                0x000000001000108c       0x28 CMakeFiles/P2.dir/Users/deemo/Desktop/workspace/pico/pico-sdk/src/rp2_common/hardware_gpio/gpio.c.obj
                0x000000001000108c                gpio_set_input_hysteresis_enabled
 .text.gpio_set_irq_enabled
                0x00000000100010b4       0x54 CMakeFiles/P2.dir/Users/deemo/Desktop/workspace/pico/pico-sdk/src/rp2_common/hardware_gpio/gpio.c.obj
                0x00000000100010b4                gpio_set_irq_enabled
 .text.gpio_add_raw_irq_handler_with_order_priority_masked
                0x0000000010001108       0x44 CMakeFiles/P2.dir/Users/deemo/Desktop/workspace/pico/pico-sdk/src/rp2_common/hardware_gpio/gpio.c.obj
                0x0000000010001108                gpio_add_raw_irq_handler_with_order_priority_masked
 .text.gpio_remove_raw_irq_handler_masked
                0x000000001000114c       0x20 CMakeFiles/P2.dir/Users/deemo/Desktop/workspace/pico/pico-sdk/src/rp2_common/hardware_gpio/gpio.c.obj
                0x000000001000114c                gpio_remove_raw_irq_handler_masked
 .text.gpio_init
                0x000000001000116c       0x3c CMakeFiles/P2.dir/Users/deemo/Desktop/workspace/pico/pico-sdk/src/rp2_common/hardware_gpio/gpio.c.obj
                0x000000001000116c                gpio_init
 .text.running_on_fpga
                0x00000000100011a8       0x10 CMakeFiles/P2.dir/Users/deemo/Desktop/workspace/pico/pico-sdk/src/rp2_common/pico_platform/platform.c.obj
                0x00000000100011a8                running_on_fpga
 .text.hw_claim_lock
                0x00000000100011b8       0x18 CMakeFiles/P2.dir/Users/deemo/Desktop/workspace/pico/pico-sdk/src/rp2_common/hardware_claim/claim.c.obj
                0x00000000100011b8                hw_claim_lock
 .text.hw_claim_unlock
                0x00000000100011d0       0x14 CMakeFiles/P2.dir/Users/deemo/Desktop/workspace/pico/pico-sdk/src/rp2_common/hardware_claim/claim.c.obj
                0x00000000100011d0                hw_claim_unlock
 .text.hw_claim_or_assert
                0x00000000100011e4       0x44 CMakeFiles/P2.dir/Users/deemo/Desktop/workspace/pico/pico-sdk/src/rp2_common/hardware_claim/claim.c.obj
                0x00000000100011e4                hw_claim_or_assert
 .text.hw_claim_unused_from_range
                0x0000000010001228       0x9c CMakeFiles/P2.dir/Users/deemo/Desktop/workspace/pico/pico-sdk/src/rp2_common/hardware_claim/claim.c.obj
                0x0000000010001228                hw_claim_unused_from_range
 .text.hw_claim_clear
                0x00000000100012c4       0x38 CMakeFiles/P2.dir/Users/deemo/Desktop/workspace/pico/pico-sdk/src/rp2_common/hardware_claim/claim.c.obj
                0x00000000100012c4                hw_claim_clear
 .text.spin_locks_reset
                0x00000000100012fc       0x1c CMakeFiles/P2.dir/Users/deemo/Desktop/workspace/pico/pico-sdk/src/rp2_common/hardware_sync/sync.c.obj
                0x00000000100012fc                spin_locks_reset
 .text.next_striped_spin_lock_num
                0x0000000010001318       0x18 CMakeFiles/P2.dir/Users/deemo/Desktop/workspace/pico/pico-sdk/src/rp2_common/hardware_sync/sync.c.obj
                0x0000000010001318                next_striped_spin_lock_num
 .text.spin_lock_claim_unused
                0x0000000010001330       0x20 CMakeFiles/P2.dir/Users/deemo/Desktop/workspace/pico/pico-sdk/src/rp2_common/hardware_sync/sync.c.obj
                0x0000000010001330                spin_lock_claim_unused
 .text.irq_set_enabled
                0x0000000010001350       0x24 CMakeFiles/P2.dir/Users/deemo/Desktop/workspace/pico/pico-sdk/src/rp2_common/hardware_irq/irq.c.obj
                0x0000000010001350                irq_set_enabled
 .text.irq_set_pending
                0x0000000010001374       0x10 CMakeFiles/P2.dir/Users/deemo/Desktop/workspace/pico/pico-sdk/src/rp2_common/hardware_irq/irq.c.obj
                0x0000000010001374                irq_set_pending
 .text.irq_has_shared_handler
                0x0000000010001384       0x2c CMakeFiles/P2.dir/Users/deemo/Desktop/workspace/pico/pico-sdk/src/rp2_common/hardware_irq/irq.c.obj
                0x0000000010001384                irq_has_shared_handler
 .text.irq_get_vtable_handler
                0x00000000100013b0       0x10 CMakeFiles/P2.dir/Users/deemo/Desktop/workspace/pico/pico-sdk/src/rp2_common/hardware_irq/irq.c.obj
                0x00000000100013b0                irq_get_vtable_handler
 .text.irq_set_exclusive_handler
                0x00000000100013c0       0x54 CMakeFiles/P2.dir/Users/deemo/Desktop/workspace/pico/pico-sdk/src/rp2_common/hardware_irq/irq.c.obj
                0x00000000100013c0                irq_set_exclusive_handler
 .text.irq_add_shared_handler
                0x0000000010001414      0x1e8 CMakeFiles/P2.dir/Users/deemo/Desktop/workspace/pico/pico-sdk/src/rp2_common/hardware_irq/irq.c.obj
                0x0000000010001414                irq_add_shared_handler
 .text.irq_remove_handler
                0x00000000100015fc      0x1b0 CMakeFiles/P2.dir/Users/deemo/Desktop/workspace/pico/pico-sdk/src/rp2_common/hardware_irq/irq.c.obj
                0x00000000100015fc                irq_remove_handler
 .text.irq_set_priority
                0x00000000100017ac       0x28 CMakeFiles/P2.dir/Users/deemo/Desktop/workspace/pico/pico-sdk/src/rp2_common/hardware_irq/irq.c.obj
                0x00000000100017ac                irq_set_priority
 .text.irq_add_tail_to_free_list
                0x00000000100017d4       0xb4 CMakeFiles/P2.dir/Users/deemo/Desktop/workspace/pico/pico-sdk/src/rp2_common/hardware_irq/irq.c.obj
                0x00000000100017d4                irq_add_tail_to_free_list
 .text.irq_init_priorities
                0x0000000010001888       0x24 CMakeFiles/P2.dir/Users/deemo/Desktop/workspace/pico/pico-sdk/src/rp2_common/hardware_irq/irq.c.obj
                0x0000000010001888                irq_init_priorities
 .text.user_irq_unclaim
                0x00000000100018ac       0x14 CMakeFiles/P2.dir/Users/deemo/Desktop/workspace/pico/pico-sdk/src/rp2_common/hardware_irq/irq.c.obj
                0x00000000100018ac                user_irq_unclaim
 .text.user_irq_claim_unused
                0x00000000100018c0       0x28 CMakeFiles/P2.dir/Users/deemo/Desktop/workspace/pico/pico-sdk/src/rp2_common/hardware_irq/irq.c.obj
                0x00000000100018c0                user_irq_claim_unused
 .text.sem_init
                0x00000000100018e8       0x20 CMakeFiles/P2.dir/Users/deemo/Desktop/workspace/pico/pico-sdk/src/common/pico_sync/sem.c.obj
                0x00000000100018e8                sem_init
 .text.lock_init
                0x0000000010001908       0x10 CMakeFiles/P2.dir/Users/deemo/Desktop/workspace/pico/pico-sdk/src/common/pico_sync/lock_core.c.obj
                0x0000000010001908                lock_init
 .text.mutex_init
                0x0000000010001918       0x1c CMakeFiles/P2.dir/Users/deemo/Desktop/workspace/pico/pico-sdk/src/common/pico_sync/mutex.c.obj
                0x0000000010001918                mutex_init
 .text.recursive_mutex_init
                0x0000000010001934       0x1c CMakeFiles/P2.dir/Users/deemo/Desktop/workspace/pico/pico-sdk/src/common/pico_sync/mutex.c.obj
                0x0000000010001934                recursive_mutex_init
 .text.critical_section_init
                0x0000000010001950       0x20 CMakeFiles/P2.dir/Users/deemo/Desktop/workspace/pico/pico-sdk/src/common/pico_sync/critical_section.c.obj
                0x0000000010001950                critical_section_init
 .text.critical_section_init_with_lock_num
                0x0000000010001970       0x14 CMakeFiles/P2.dir/Users/deemo/Desktop/workspace/pico/pico-sdk/src/common/pico_sync/critical_section.c.obj
                0x0000000010001970                critical_section_init_with_lock_num
 .text.timer_pool_entry_comparator
                0x0000000010001984       0x34 CMakeFiles/P2.dir/Users/deemo/Desktop/workspace/pico/pico-sdk/src/common/pico_time/time.c.obj
                0x0000000010001984                timer_pool_entry_comparator
 .text.sleep_until_callback
                0x00000000100019b8       0x30 CMakeFiles/P2.dir/Users/deemo/Desktop/workspace/pico/pico-sdk/src/common/pico_time/time.c.obj
 .text.add_alarm_under_lock.isra.0
                0x00000000100019e8      0x100 CMakeFiles/P2.dir/Users/deemo/Desktop/workspace/pico/pico-sdk/src/common/pico_time/time.c.obj
 .text.alarm_pool_alarm_callback
                0x0000000010001ae8      0x1bc CMakeFiles/P2.dir/Users/deemo/Desktop/workspace/pico/pico-sdk/src/common/pico_time/time.c.obj
 .text.alarm_pool_init_default
                0x0000000010001ca4       0x6c CMakeFiles/P2.dir/Users/deemo/Desktop/workspace/pico/pico-sdk/src/common/pico_time/time.c.obj
                0x0000000010001ca4                alarm_pool_init_default
 .text.alarm_pool_get_default
                0x0000000010001d10        0x8 CMakeFiles/P2.dir/Users/deemo/Desktop/workspace/pico/pico-sdk/src/common/pico_time/time.c.obj
                0x0000000010001d10                alarm_pool_get_default
 .text.alarm_pool_add_alarm_at
                0x0000000010001d18      0x178 CMakeFiles/P2.dir/Users/deemo/Desktop/workspace/pico/pico-sdk/src/common/pico_time/time.c.obj
                0x0000000010001d18                alarm_pool_add_alarm_at
 .text.alarm_pool_cancel_alarm
                0x0000000010001e90       0x78 CMakeFiles/P2.dir/Users/deemo/Desktop/workspace/pico/pico-sdk/src/common/pico_time/time.c.obj
                0x0000000010001e90                alarm_pool_cancel_alarm
 .text.alarm_pool_core_num
                0x0000000010001f08        0x4 CMakeFiles/P2.dir/Users/deemo/Desktop/workspace/pico/pico-sdk/src/common/pico_time/time.c.obj
                0x0000000010001f08                alarm_pool_core_num
 .text.sleep_until
                0x0000000010001f0c       0xc4 CMakeFiles/P2.dir/Users/deemo/Desktop/workspace/pico/pico-sdk/src/common/pico_time/time.c.obj
                0x0000000010001f0c                sleep_until
 .text.sleep_us
                0x0000000010001fd0       0x24 CMakeFiles/P2.dir/Users/deemo/Desktop/workspace/pico/pico-sdk/src/common/pico_time/time.c.obj
                0x0000000010001fd0                sleep_us
 .text.sleep_ms
                0x0000000010001ff4       0x34 CMakeFiles/P2.dir/Users/deemo/Desktop/workspace/pico/pico-sdk/src/common/pico_time/time.c.obj
                0x0000000010001ff4                sleep_ms
 .text.best_effort_wfe_or_timeout
                0x0000000010002028       0xd4 CMakeFiles/P2.dir/Users/deemo/Desktop/workspace/pico/pico-sdk/src/common/pico_time/time.c.obj
                0x0000000010002028                best_effort_wfe_or_timeout
 .text.hardware_alarm_irq_handler
                0x00000000100020fc       0xbc CMakeFiles/P2.dir/Users/deemo/Desktop/workspace/pico/pico-sdk/src/rp2_common/hardware_timer/timer.c.obj
 .text.hardware_alarm_claim
                0x00000000100021b8       0x18 CMakeFiles/P2.dir/Users/deemo/Desktop/workspace/pico/pico-sdk/src/rp2_common/hardware_timer/timer.c.obj
                0x00000000100021b8                hardware_alarm_claim
 .text.time_us_64
                0x00000000100021d0       0x14 CMakeFiles/P2.dir/Users/deemo/Desktop/workspace/pico/pico-sdk/src/rp2_common/hardware_timer/timer.c.obj
                0x00000000100021d0                time_us_64
 .text.busy_wait_us
                0x00000000100021e4       0x54 CMakeFiles/P2.dir/Users/deemo/Desktop/workspace/pico/pico-sdk/src/rp2_common/hardware_timer/timer.c.obj
                0x00000000100021e4                busy_wait_us
 .text.busy_wait_until
                0x0000000010002238       0x20 CMakeFiles/P2.dir/Users/deemo/Desktop/workspace/pico/pico-sdk/src/rp2_common/hardware_timer/timer.c.obj
                0x0000000010002238                busy_wait_until
 .text.hardware_alarm_set_callback
                0x0000000010002258       0x8c CMakeFiles/P2.dir/Users/deemo/Desktop/workspace/pico/pico-sdk/src/rp2_common/hardware_timer/timer.c.obj
                0x0000000010002258                hardware_alarm_set_callback
 .text.hardware_alarm_set_target
                0x00000000100022e4       0xd4 CMakeFiles/P2.dir/Users/deemo/Desktop/workspace/pico/pico-sdk/src/rp2_common/hardware_timer/timer.c.obj
                0x00000000100022e4                hardware_alarm_set_target
 .text.hardware_alarm_cancel
                0x00000000100023b8       0x3c CMakeFiles/P2.dir/Users/deemo/Desktop/workspace/pico/pico-sdk/src/rp2_common/hardware_timer/timer.c.obj
                0x00000000100023b8                hardware_alarm_cancel
 .text.ph_merge_nodes
                0x00000000100023f4       0x68 CMakeFiles/P2.dir/Users/deemo/Desktop/workspace/pico/pico-sdk/src/common/pico_util/pheap.c.obj
 .text.ph_post_alloc_init
                0x000000001000245c       0x3c CMakeFiles/P2.dir/Users/deemo/Desktop/workspace/pico/pico-sdk/src/common/pico_util/pheap.c.obj
                0x000000001000245c                ph_post_alloc_init
 .text.ph_merge_two_pass
                0x0000000010002498       0x90 CMakeFiles/P2.dir/Users/deemo/Desktop/workspace/pico/pico-sdk/src/common/pico_util/pheap.c.obj
                0x0000000010002498                ph_merge_two_pass
 .text.ph_remove_any_head
                0x0000000010002528      0x100 CMakeFiles/P2.dir/Users/deemo/Desktop/workspace/pico/pico-sdk/src/common/pico_util/pheap.c.obj
 .text.ph_remove_head
                0x0000000010002628      0x104 CMakeFiles/P2.dir/Users/deemo/Desktop/workspace/pico/pico-sdk/src/common/pico_util/pheap.c.obj
                0x0000000010002628                ph_remove_head
 .text.ph_remove_and_free_node
                0x000000001000272c       0x7c CMakeFiles/P2.dir/Users/deemo/Desktop/workspace/pico/pico-sdk/src/common/pico_util/pheap.c.obj
                0x000000001000272c                ph_remove_and_free_node
 .text.uart_init
                0x00000000100027a8      0x188 CMakeFiles/P2.dir/Users/deemo/Desktop/workspace/pico/pico-sdk/src/rp2_common/hardware_uart/uart.c.obj
                0x00000000100027a8                uart_init
 .text.uart_set_format
                0x0000000010002930       0x7c CMakeFiles/P2.dir/Users/deemo/Desktop/workspace/pico/pico-sdk/src/rp2_common/hardware_uart/uart.c.obj
                0x0000000010002930                uart_set_format
 .text.uart_set_fifo_enabled
                0x00000000100029ac       0x64 CMakeFiles/P2.dir/Users/deemo/Desktop/workspace/pico/pico-sdk/src/rp2_common/hardware_uart/uart.c.obj
                0x00000000100029ac                uart_set_fifo_enabled
 .text.clocks_init
                0x0000000010002a10      0x2d0 CMakeFiles/P2.dir/Users/deemo/Desktop/workspace/pico/pico-sdk/src/rp2_common/hardware_clocks/clocks.c.obj
                0x0000000010002a10                clocks_init
 .text.clock_get_hz
                0x0000000010002ce0        0xc CMakeFiles/P2.dir/Users/deemo/Desktop/workspace/pico/pico-sdk/src/rp2_common/hardware_clocks/clocks.c.obj
                0x0000000010002ce0                clock_get_hz
 .text.pll_init
                0x0000000010002cec       0xa0 CMakeFiles/P2.dir/Users/deemo/Desktop/workspace/pico/pico-sdk/src/rp2_common/hardware_pll/pll.c.obj
                0x0000000010002cec                pll_init
 .text.watchdog_start_tick
                0x0000000010002d8c       0x10 CMakeFiles/P2.dir/Users/deemo/Desktop/workspace/pico/pico-sdk/src/rp2_common/hardware_watchdog/watchdog.c.obj
                0x0000000010002d8c                watchdog_start_tick
 .text.watchdog_reboot
                0x0000000010002d9c       0x98 CMakeFiles/P2.dir/Users/deemo/Desktop/workspace/pico/pico-sdk/src/rp2_common/hardware_watchdog/watchdog.c.obj
                0x0000000010002d9c                watchdog_reboot
 .text.xosc_init
                0x0000000010002e34       0x28 CMakeFiles/P2.dir/Users/deemo/Desktop/workspace/pico/pico-sdk/src/rp2_common/hardware_xosc/xosc.c.obj
                0x0000000010002e34                xosc_init
 .text.runtime_init
                0x0000000010002e5c       0xf0 CMakeFiles/P2.dir/Users/deemo/Desktop/workspace/pico/pico-sdk/src/rp2_common/pico_runtime/runtime.c.obj
                0x0000000010002e5c                runtime_init
 .text._exit    0x0000000010002f4c        0x4 CMakeFiles/P2.dir/Users/deemo/Desktop/workspace/pico/pico-sdk/src/rp2_common/pico_runtime/runtime.c.obj
                0x0000000010002f4c                _exit
 .text.exit     0x0000000010002f50        0x8 CMakeFiles/P2.dir/Users/deemo/Desktop/workspace/pico/pico-sdk/src/rp2_common/pico_runtime/runtime.c.obj
                0x0000000010002f50                exit
 .text.panic    0x0000000010002f58       0x30 CMakeFiles/P2.dir/Users/deemo/Desktop/workspace/pico/pico-sdk/src/rp2_common/pico_runtime/runtime.c.obj
                0x0000000010002f58                panic
 .text.hard_assertion_failure
                0x0000000010002f88        0xc CMakeFiles/P2.dir/Users/deemo/Desktop/workspace/pico/pico-sdk/src/rp2_common/pico_runtime/runtime.c.obj
                0x0000000010002f88                hard_assertion_failure
 .text._out_null
                0x0000000010002f94        0x4 CMakeFiles/P2.dir/Users/deemo/Desktop/workspace/pico/pico-sdk/src/rp2_common/pico_printf/printf.c.obj
 .text._out_rev
                0x0000000010002f98       0x9c CMakeFiles/P2.dir/Users/deemo/Desktop/workspace/pico/pico-sdk/src/rp2_common/pico_printf/printf.c.obj
 .text._ntoa_format
                0x0000000010003034      0x1cc CMakeFiles/P2.dir/Users/deemo/Desktop/workspace/pico/pico-sdk/src/rp2_common/pico_printf/printf.c.obj
 .text._out_char
                0x0000000010003200       0x10 CMakeFiles/P2.dir/Users/deemo/Desktop/workspace/pico/pico-sdk/src/rp2_common/pico_printf/printf.c.obj
 .text._out_fct
                0x0000000010003210       0x10 CMakeFiles/P2.dir/Users/deemo/Desktop/workspace/pico/pico-sdk/src/rp2_common/pico_printf/printf.c.obj
 .text._etoa    0x0000000010003220      0x44c CMakeFiles/P2.dir/Users/deemo/Desktop/workspace/pico/pico-sdk/src/rp2_common/pico_printf/printf.c.obj
 .text._ftoa    0x000000001000366c      0x398 CMakeFiles/P2.dir/Users/deemo/Desktop/workspace/pico/pico-sdk/src/rp2_common/pico_printf/printf.c.obj
 .text._vsnprintf
                0x0000000010003a04      0xb04 CMakeFiles/P2.dir/Users/deemo/Desktop/workspace/pico/pico-sdk/src/rp2_common/pico_printf/printf.c.obj
 .text.vfctprintf
                0x0000000010004508       0x20 CMakeFiles/P2.dir/Users/deemo/Desktop/workspace/pico/pico-sdk/src/rp2_common/pico_printf/printf.c.obj
                0x0000000010004508                vfctprintf
 .text.weak_raw_vprintf
                0x0000000010004528       0x30 CMakeFiles/P2.dir/Users/deemo/Desktop/workspace/pico/pico-sdk/src/rp2_common/pico_printf/printf.c.obj
                0x0000000010004528                weak_raw_vprintf
 .text          0x0000000010004558       0x10 CMakeFiles/P2.dir/Users/deemo/Desktop/workspace/pico/pico-sdk/src/rp2_common/pico_bit_ops/bit_ops_aeabi.S.obj
 .text.ctzsi    0x0000000010004568        0xc CMakeFiles/P2.dir/Users/deemo/Desktop/workspace/pico/pico-sdk/src/rp2_common/pico_bit_ops/bit_ops_aeabi.S.obj
                0x0000000010004568                __wrap___ctzsi2
 .text.rom_func_lookup
                0x0000000010004574       0x10 CMakeFiles/P2.dir/Users/deemo/Desktop/workspace/pico/pico-sdk/src/rp2_common/pico_bootrom/bootrom.c.obj
                0x0000000010004574                rom_func_lookup
 .text.rom_data_lookup
                0x0000000010004584       0x10 CMakeFiles/P2.dir/Users/deemo/Desktop/workspace/pico/pico-sdk/src/rp2_common/pico_bootrom/bootrom.c.obj
                0x0000000010004584                rom_data_lookup
 .text.rom_funcs_lookup
                0x0000000010004594       0x44 CMakeFiles/P2.dir/Users/deemo/Desktop/workspace/pico/pico-sdk/src/rp2_common/pico_bootrom/bootrom.c.obj
                0x0000000010004594                rom_funcs_lookup
 .text.__wrap___aeabi_idiv
                0x00000000100045d8       0x50 CMakeFiles/P2.dir/Users/deemo/Desktop/workspace/pico/pico-sdk/src/rp2_common/pico_divider/divider.S.obj
                0x00000000100045d8                __wrap___aeabi_idivmod
                0x00000000100045d8                divmod_s32s32
                0x00000000100045d8                div_s32s32
                0x00000000100045d8                __wrap___aeabi_idiv
                0x00000000100045e0                divmod_s32s32_unsafe
                0x000000001000460c                divmod_s32s32_savestate
 .text.__wrap___aeabi_uidiv
                0x0000000010004628       0x4c CMakeFiles/P2.dir/Users/deemo/Desktop/workspace/pico/pico-sdk/src/rp2_common/pico_divider/divider.S.obj
                0x0000000010004628                __wrap___aeabi_uidiv
                0x0000000010004628                __wrap___aeabi_uidivmod
                0x0000000010004628                div_u32u32
                0x0000000010004628                divmod_u32u32
                0x0000000010004630                divmod_u32u32_unsafe
                0x0000000010004658                divmod_u32u32_savestate
 .text.__wrap___aeabi_ldiv
                0x0000000010004674      0x424 CMakeFiles/P2.dir/Users/deemo/Desktop/workspace/pico/pico-sdk/src/rp2_common/pico_divider/divider.S.obj
                0x0000000010004674                __wrap___aeabi_ldivmod
                0x0000000010004674                div_s64s64
                0x0000000010004674                divmod_s64s64
                0x00000000100046a4                divmod_u64u64
                0x00000000100046a4                div_u64u64
                0x00000000100046a4                __wrap___aeabi_uldivmod
                0x00000000100046b4                divmod_u64u64_savestate
                0x00000000100046d4                divmod_s64s64_unsafe
                0x000000001000475c                divmod_u64u64_unsafe
 .text.__wrap___aeabi_darithmetic
                0x0000000010004a98       0x60 CMakeFiles/P2.dir/Users/deemo/Desktop/workspace/pico/pico-sdk/src/rp2_common/pico_double/double_aeabi.S.obj
                0x0000000010004a98                __wrap___aeabi_drsub
                0x0000000010004a9e                __wrap___aeabi_dsub
                0x0000000010004aa8                __wrap___aeabi_dadd
                0x0000000010004ab2                __wrap___aeabi_ddiv
                0x0000000010004ae6                __wrap___aeabi_dmul
 .text.__wrap___aeabi_cdcmple
                0x0000000010004af8       0x6c CMakeFiles/P2.dir/Users/deemo/Desktop/workspace/pico/pico-sdk/src/rp2_common/pico_double/double_aeabi.S.obj
                0x0000000010004af8                __wrap___aeabi_cdrcmple
                0x0000000010004b08                __wrap___aeabi_cdcmple
                0x0000000010004b08                __wrap___aeabi_cdcmpeq
 .text.__wrap___aeabi_dcmpeq
                0x0000000010004b64       0x10 CMakeFiles/P2.dir/Users/deemo/Desktop/workspace/pico/pico-sdk/src/rp2_common/pico_double/double_aeabi.S.obj
                0x0000000010004b64                __wrap___aeabi_dcmpeq
 .text.__wrap___aeabi_dcmplt
                0x0000000010004b74        0xc CMakeFiles/P2.dir/Users/deemo/Desktop/workspace/pico/pico-sdk/src/rp2_common/pico_double/double_aeabi.S.obj
                0x0000000010004b74                __wrap___aeabi_dcmplt
 .text.__wrap___aeabi_dcmple
                0x0000000010004b80       0x10 CMakeFiles/P2.dir/Users/deemo/Desktop/workspace/pico/pico-sdk/src/rp2_common/pico_double/double_aeabi.S.obj
                0x0000000010004b80                __wrap___aeabi_dcmple
 .text.__wrap___aeabi_dcmpge
                0x0000000010004b90       0x10 CMakeFiles/P2.dir/Users/deemo/Desktop/workspace/pico/pico-sdk/src/rp2_common/pico_double/double_aeabi.S.obj
                0x0000000010004b90                __wrap___aeabi_dcmpge
 .text.__wrap___aeabi_dcmpgt
                0x0000000010004ba0        0xa CMakeFiles/P2.dir/Users/deemo/Desktop/workspace/pico/pico-sdk/src/rp2_common/pico_double/double_aeabi.S.obj
                0x0000000010004ba0                __wrap___aeabi_dcmpgt
 .text.__wrap___aeabi_dcmpun
                0x0000000010004baa       0x1c CMakeFiles/P2.dir/Users/deemo/Desktop/workspace/pico/pico-sdk/src/rp2_common/pico_double/double_aeabi.S.obj
                0x0000000010004baa                __wrap___aeabi_dcmpun
 *fill*         0x0000000010004bc6        0x2 
 .text.__wrap___aeabi_i2d
                0x0000000010004bc8       0x38 CMakeFiles/P2.dir/Users/deemo/Desktop/workspace/pico/pico-sdk/src/rp2_common/pico_double/double_aeabi.S.obj
                0x0000000010004bc8                __wrap___aeabi_ui2d
                0x0000000010004bd0                __wrap___aeabi_i2d
 .text.__wrap___aeabi_d2iz
                0x0000000010004c00       0x48 CMakeFiles/P2.dir/Users/deemo/Desktop/workspace/pico/pico-sdk/src/rp2_common/pico_double/double_aeabi.S.obj
                0x0000000010004c00                __wrap___aeabi_d2iz
                0x0000000010004c00                double2int_z
 .text.__wrap___aeabi_d2uiz
                0x0000000010004c48       0x10 CMakeFiles/P2.dir/Users/deemo/Desktop/workspace/pico/pico-sdk/src/rp2_common/pico_double/double_aeabi.S.obj
                0x0000000010004c48                double2uint
                0x0000000010004c48                __wrap___aeabi_d2uiz
 .text.missing_double_func_shim
                0x0000000010004c58        0xc CMakeFiles/P2.dir/Users/deemo/Desktop/workspace/pico/pico-sdk/src/rp2_common/pico_double/double_init_rom.c.obj
 .text.__aeabi_double_init
                0x0000000010004c64       0x98 CMakeFiles/P2.dir/Users/deemo/Desktop/workspace/pico/pico-sdk/src/rp2_common/pico_double/double_init_rom.c.obj
                0x0000000010004c64                __aeabi_double_init
 .text.double_table_shim_on_use_helper
                0x0000000010004cfc       0x2c CMakeFiles/P2.dir/Users/deemo/Desktop/workspace/pico/pico-sdk/src/rp2_common/pico_double/double_v1_rom_shim.S.obj
                0x0000000010004cfc                double_table_shim_on_use_helper
 .text.__aeabi_lmul
                0x0000000010004d28       0x32 CMakeFiles/P2.dir/Users/deemo/Desktop/workspace/pico/pico-sdk/src/rp2_common/pico_int64_ops/pico_int64_ops_aeabi.S.obj
                0x0000000010004d28                __wrap___aeabi_lmul
 *fill*         0x0000000010004d5a        0x2 
 .text.__wrap___aeabi_farithmetic
                0x0000000010004d5c       0x48 CMakeFiles/P2.dir/Users/deemo/Desktop/workspace/pico/pico-sdk/src/rp2_common/pico_float/float_aeabi.S.obj
                0x0000000010004d5c                __wrap___aeabi_frsub
                0x0000000010004d62                __wrap___aeabi_fsub
                0x0000000010004d68                __wrap___aeabi_fadd
                0x0000000010004d6e                __wrap___aeabi_fdiv
                0x0000000010004d96                __wrap___aeabi_fmul
 .text.__wrap___aeabi_ui2f
                0x0000000010004da4        0xa CMakeFiles/P2.dir/Users/deemo/Desktop/workspace/pico/pico-sdk/src/rp2_common/pico_float/float_aeabi.S.obj
                0x0000000010004da4                __wrap___aeabi_ui2f
 *fill*         0x0000000010004dae        0x2 
 .text.__wrap___aeabi_i2f
                0x0000000010004db0       0x44 CMakeFiles/P2.dir/Users/deemo/Desktop/workspace/pico/pico-sdk/src/rp2_common/pico_float/float_aeabi.S.obj
                0x0000000010004db0                __wrap___aeabi_i2f
 .text.__wrap___aeabi_f2uiz
                0x0000000010004df4        0xc CMakeFiles/P2.dir/Users/deemo/Desktop/workspace/pico/pico-sdk/src/rp2_common/pico_float/float_aeabi.S.obj
                0x0000000010004df4                __wrap___aeabi_f2uiz
 .text.missing_float_func_shim
                0x0000000010004e00        0xc CMakeFiles/P2.dir/Users/deemo/Desktop/workspace/pico/pico-sdk/src/rp2_common/pico_float/float_init_rom.c.obj
 .text.__aeabi_float_init
                0x0000000010004e0c       0x5c CMakeFiles/P2.dir/Users/deemo/Desktop/workspace/pico/pico-sdk/src/rp2_common/pico_float/float_init_rom.c.obj
                0x0000000010004e0c                __aeabi_float_init
 .text          0x0000000010004e68       0x10 CMakeFiles/P2.dir/Users/deemo/Desktop/workspace/pico/pico-sdk/src/rp2_common/pico_mem_ops/mem_ops_aeabi.S.obj
                0x0000000010004e68                __aeabi_mem_init
 .text.memset   0x0000000010004e78        0xc CMakeFiles/P2.dir/Users/deemo/Desktop/workspace/pico/pico-sdk/src/rp2_common/pico_mem_ops/mem_ops_aeabi.S.obj
                0x0000000010004e78                __wrap_memset
 .text.memcpy   0x0000000010004e84        0xc CMakeFiles/P2.dir/Users/deemo/Desktop/workspace/pico/pico-sdk/src/rp2_common/pico_mem_ops/mem_ops_aeabi.S.obj
                0x0000000010004e84                __wrap___aeabi_memcpy
                0x0000000010004e84                __wrap_memcpy
 .text.stdio_out_chars_no_crlf
                0x0000000010004e90       0x10 CMakeFiles/P2.dir/Users/deemo/Desktop/workspace/pico/pico-sdk/src/rp2_common/pico_stdio/stdio.c.obj
 .text.stdio_out_chars_crlf
                0x0000000010004ea0       0xb4 CMakeFiles/P2.dir/Users/deemo/Desktop/workspace/pico/pico-sdk/src/rp2_common/pico_stdio/stdio.c.obj
 .text.stdio_buffered_printer
                0x0000000010004f54       0x64 CMakeFiles/P2.dir/Users/deemo/Desktop/workspace/pico/pico-sdk/src/rp2_common/pico_stdio/stdio.c.obj
 .text.stdio_put_string.isra.0
                0x0000000010004fb8       0xfc CMakeFiles/P2.dir/Users/deemo/Desktop/workspace/pico/pico-sdk/src/rp2_common/pico_stdio/stdio.c.obj
 .text.__wrap_putchar
                0x00000000100050b4       0x98 CMakeFiles/P2.dir/Users/deemo/Desktop/workspace/pico/pico-sdk/src/rp2_common/pico_stdio/stdio.c.obj
                0x00000000100050b4                __wrap_putchar
 .text.__wrap_puts
                0x000000001000514c       0x3c CMakeFiles/P2.dir/Users/deemo/Desktop/workspace/pico/pico-sdk/src/rp2_common/pico_stdio/stdio.c.obj
                0x000000001000514c                __wrap_puts
 .text.stdio_set_driver_enabled
                0x0000000010005188       0x30 CMakeFiles/P2.dir/Users/deemo/Desktop/workspace/pico/pico-sdk/src/rp2_common/pico_stdio/stdio.c.obj
                0x0000000010005188                stdio_set_driver_enabled
 .text.__wrap_vprintf
                0x00000000100051b8       0xd8 CMakeFiles/P2.dir/Users/deemo/Desktop/workspace/pico/pico-sdk/src/rp2_common/pico_stdio/stdio.c.obj
                0x00000000100051b8                __wrap_vprintf
 .text.__wrap_printf
                0x0000000010005290       0x18 CMakeFiles/P2.dir/Users/deemo/Desktop/workspace/pico/pico-sdk/src/rp2_common/pico_stdio/stdio.c.obj
                0x0000000010005290                __wrap_printf
 .text.stdio_init_all
                0x00000000100052a8        0x8 CMakeFiles/P2.dir/Users/deemo/Desktop/workspace/pico/pico-sdk/src/rp2_common/pico_stdio/stdio.c.obj
                0x00000000100052a8                stdio_init_all
 .text.resetd_init
                0x00000000100052b0        0x4 CMakeFiles/P2.dir/Users/deemo/Desktop/workspace/pico/pico-sdk/src/rp2_common/pico_stdio_usb/reset_interface.c.obj
 .text.resetd_reset
                0x00000000100052b4        0xc CMakeFiles/P2.dir/Users/deemo/Desktop/workspace/pico/pico-sdk/src/rp2_common/pico_stdio_usb/reset_interface.c.obj
 .text.resetd_open
                0x00000000100052c0       0x28 CMakeFiles/P2.dir/Users/deemo/Desktop/workspace/pico/pico-sdk/src/rp2_common/pico_stdio_usb/reset_interface.c.obj
 .text.resetd_xfer_cb
                0x00000000100052e8        0x4 CMakeFiles/P2.dir/Users/deemo/Desktop/workspace/pico/pico-sdk/src/rp2_common/pico_stdio_usb/reset_interface.c.obj
 .text.resetd_control_xfer_cb
                0x00000000100052ec       0x64 CMakeFiles/P2.dir/Users/deemo/Desktop/workspace/pico/pico-sdk/src/rp2_common/pico_stdio_usb/reset_interface.c.obj
 .text.usbd_app_driver_get_cb
                0x0000000010005350        0xc CMakeFiles/P2.dir/Users/deemo/Desktop/workspace/pico/pico-sdk/src/rp2_common/pico_stdio_usb/reset_interface.c.obj
                0x0000000010005350                usbd_app_driver_get_cb
 .text.tud_cdc_line_coding_cb
                0x000000001000535c       0x34 CMakeFiles/P2.dir/Users/deemo/Desktop/workspace/pico/pico-sdk/src/rp2_common/pico_stdio_usb/reset_interface.c.obj
                0x000000001000535c                tud_cdc_line_coding_cb
 .text.stdio_usb_set_chars_available_callback
                0x0000000010005390       0x14 CMakeFiles/P2.dir/Users/deemo/Desktop/workspace/pico/pico-sdk/src/rp2_common/pico_stdio_usb/stdio_usb.c.obj
                0x0000000010005390                stdio_usb_set_chars_available_callback
 .text.usb_irq  0x00000000100053a4       0x10 CMakeFiles/P2.dir/Users/deemo/Desktop/workspace/pico/pico-sdk/src/rp2_common/pico_stdio_usb/stdio_usb.c.obj
 .text.timer_task
                0x00000000100053b4       0x54 CMakeFiles/P2.dir/Users/deemo/Desktop/workspace/pico/pico-sdk/src/rp2_common/pico_stdio_usb/stdio_usb.c.obj
 .text.stdio_usb_in_chars
                0x0000000010005408       0x90 CMakeFiles/P2.dir/Users/deemo/Desktop/workspace/pico/pico-sdk/src/rp2_common/pico_stdio_usb/stdio_usb.c.obj
                0x0000000010005408                stdio_usb_in_chars
 .text.stdio_usb_out_chars
                0x0000000010005498      0x100 CMakeFiles/P2.dir/Users/deemo/Desktop/workspace/pico/pico-sdk/src/rp2_common/pico_stdio_usb/stdio_usb.c.obj
 .text.low_priority_worker_irq
                0x0000000010005598       0xa8 CMakeFiles/P2.dir/Users/deemo/Desktop/workspace/pico/pico-sdk/src/rp2_common/pico_stdio_usb/stdio_usb.c.obj
 .text.tud_cdc_rx_cb
                0x0000000010005640       0x20 CMakeFiles/P2.dir/Users/deemo/Desktop/workspace/pico/pico-sdk/src/rp2_common/pico_stdio_usb/stdio_usb.c.obj
                0x0000000010005640                tud_cdc_rx_cb
 .text.stdio_usb_init
                0x0000000010005660       0xdc CMakeFiles/P2.dir/Users/deemo/Desktop/workspace/pico/pico-sdk/src/rp2_common/pico_stdio_usb/stdio_usb.c.obj
                0x0000000010005660                stdio_usb_init
 .text.tud_descriptor_device_cb
                0x000000001000573c        0x8 CMakeFiles/P2.dir/Users/deemo/Desktop/workspace/pico/pico-sdk/src/rp2_common/pico_stdio_usb/stdio_usb_descriptors.c.obj
                0x000000001000573c                tud_descriptor_device_cb
 .text.tud_descriptor_configuration_cb
                0x0000000010005744        0x8 CMakeFiles/P2.dir/Users/deemo/Desktop/workspace/pico/pico-sdk/src/rp2_common/pico_stdio_usb/stdio_usb_descriptors.c.obj
                0x0000000010005744                tud_descriptor_configuration_cb
 .text.tud_descriptor_string_cb
                0x000000001000574c       0x74 CMakeFiles/P2.dir/Users/deemo/Desktop/workspace/pico/pico-sdk/src/rp2_common/pico_stdio_usb/stdio_usb_descriptors.c.obj
                0x000000001000574c                tud_descriptor_string_cb
 .text.startup._retrieve_unique_id_on_boot
                0x00000000100057c0       0x10 CMakeFiles/P2.dir/Users/deemo/Desktop/workspace/pico/pico-sdk/src/rp2_common/pico_unique_id/unique_id.c.obj
 .text.pico_get_unique_board_id
                0x00000000100057d0       0x10 CMakeFiles/P2.dir/Users/deemo/Desktop/workspace/pico/pico-sdk/src/rp2_common/pico_unique_id/unique_id.c.obj
                0x00000000100057d0                pico_get_unique_board_id
 .text.pico_get_unique_board_id_string
                0x00000000100057e0      0x1a8 CMakeFiles/P2.dir/Users/deemo/Desktop/workspace/pico/pico-sdk/src/rp2_common/pico_unique_id/unique_id.c.obj
                0x00000000100057e0                pico_get_unique_board_id_string
 .text.flash_get_unique_id
                0x0000000010005988       0x40 CMakeFiles/P2.dir/Users/deemo/Desktop/workspace/pico/pico-sdk/src/rp2_common/hardware_flash/flash.c.obj
                0x0000000010005988                flash_get_unique_id
 .text.dcd_int_enable
                0x00000000100059c8        0xc CMakeFiles/P2.dir/Users/deemo/Desktop/workspace/pico/pico-sdk/lib/tinyusb/src/portable/raspberrypi/rp2040/dcd_rp2040.c.obj
                0x00000000100059c8                dcd_int_enable
 .text.dcd_set_address
                0x00000000100059d4       0x14 CMakeFiles/P2.dir/Users/deemo/Desktop/workspace/pico/pico-sdk/lib/tinyusb/src/portable/raspberrypi/rp2040/dcd_rp2040.c.obj
                0x00000000100059d4                dcd_set_address
 .text.dcd_connect
                0x00000000100059e8       0x10 CMakeFiles/P2.dir/Users/deemo/Desktop/workspace/pico/pico-sdk/lib/tinyusb/src/portable/raspberrypi/rp2040/dcd_rp2040.c.obj
                0x00000000100059e8                dcd_connect
 .text.dcd_init
                0x00000000100059f8       0x98 CMakeFiles/P2.dir/Users/deemo/Desktop/workspace/pico/pico-sdk/lib/tinyusb/src/portable/raspberrypi/rp2040/dcd_rp2040.c.obj
                0x00000000100059f8                dcd_init
 .text.dcd_edpt0_status_complete
                0x0000000010005a90       0x1c CMakeFiles/P2.dir/Users/deemo/Desktop/workspace/pico/pico-sdk/lib/tinyusb/src/portable/raspberrypi/rp2040/dcd_rp2040.c.obj
                0x0000000010005a90                dcd_edpt0_status_complete
 .text.dcd_edpt_open
                0x0000000010005aac      0x108 CMakeFiles/P2.dir/Users/deemo/Desktop/workspace/pico/pico-sdk/lib/tinyusb/src/portable/raspberrypi/rp2040/dcd_rp2040.c.obj
                0x0000000010005aac                dcd_edpt_open
 .text.dcd_edpt_close_all
                0x0000000010005bb4        0x8 CMakeFiles/P2.dir/Users/deemo/Desktop/workspace/pico/pico-sdk/lib/tinyusb/src/portable/raspberrypi/rp2040/dcd_rp2040.c.obj
                0x0000000010005bb4                dcd_edpt_close_all
 .text.dcd_edpt_xfer
                0x0000000010005bbc       0x24 CMakeFiles/P2.dir/Users/deemo/Desktop/workspace/pico/pico-sdk/lib/tinyusb/src/portable/raspberrypi/rp2040/dcd_rp2040.c.obj
                0x0000000010005bbc                dcd_edpt_xfer
 .text.dcd_edpt_stall
                0x0000000010005be0       0x38 CMakeFiles/P2.dir/Users/deemo/Desktop/workspace/pico/pico-sdk/lib/tinyusb/src/portable/raspberrypi/rp2040/dcd_rp2040.c.obj
                0x0000000010005be0                dcd_edpt_stall
 .text.dcd_edpt_clear_stall
                0x0000000010005c18       0x30 CMakeFiles/P2.dir/Users/deemo/Desktop/workspace/pico/pico-sdk/lib/tinyusb/src/portable/raspberrypi/rp2040/dcd_rp2040.c.obj
                0x0000000010005c18                dcd_edpt_clear_stall
 .text.rp2040_usb_init
                0x0000000010005c48       0x4c CMakeFiles/P2.dir/Users/deemo/Desktop/workspace/pico/pico-sdk/lib/tinyusb/src/portable/raspberrypi/rp2040/rp2040_usb.c.obj
                0x0000000010005c48                rp2040_usb_init
 .text.hw_endpoint_xfer_start
                0x0000000010005c94       0x50 CMakeFiles/P2.dir/Users/deemo/Desktop/workspace/pico/pico-sdk/lib/tinyusb/src/portable/raspberrypi/rp2040/rp2040_usb.c.obj
                0x0000000010005c94                hw_endpoint_xfer_start
 .text.tud_mounted
                0x0000000010005ce4       0x10 CMakeFiles/P2.dir/Users/deemo/Desktop/workspace/pico/pico-sdk/lib/tinyusb/src/device/usbd.c.obj
                0x0000000010005ce4                tud_mounted
 .text.tud_suspended
                0x0000000010005cf4       0x10 CMakeFiles/P2.dir/Users/deemo/Desktop/workspace/pico/pico-sdk/lib/tinyusb/src/device/usbd.c.obj
                0x0000000010005cf4                tud_suspended
 .text.tud_inited
                0x0000000010005d04       0x14 CMakeFiles/P2.dir/Users/deemo/Desktop/workspace/pico/pico-sdk/lib/tinyusb/src/device/usbd.c.obj
                0x0000000010005d04                tud_inited
 .text.tud_init
                0x0000000010005d18       0xe4 CMakeFiles/P2.dir/Users/deemo/Desktop/workspace/pico/pico-sdk/lib/tinyusb/src/device/usbd.c.obj
                0x0000000010005d18                tud_init
 .text.tud_task_ext
                0x0000000010005dfc      0x854 CMakeFiles/P2.dir/Users/deemo/Desktop/workspace/pico/pico-sdk/lib/tinyusb/src/device/usbd.c.obj
                0x0000000010005dfc                tud_task_ext
 .text.usbd_open_edpt_pair
                0x0000000010006650       0x9c CMakeFiles/P2.dir/Users/deemo/Desktop/workspace/pico/pico-sdk/lib/tinyusb/src/device/usbd.c.obj
                0x0000000010006650                usbd_open_edpt_pair
 .text.usbd_defer_func
                0x00000000100066ec       0x48 CMakeFiles/P2.dir/Users/deemo/Desktop/workspace/pico/pico-sdk/lib/tinyusb/src/device/usbd.c.obj
                0x00000000100066ec                usbd_defer_func
 .text.usbd_edpt_open
                0x0000000010006734       0x34 CMakeFiles/P2.dir/Users/deemo/Desktop/workspace/pico/pico-sdk/lib/tinyusb/src/device/usbd.c.obj
                0x0000000010006734                usbd_edpt_open
 .text.usbd_edpt_claim
                0x0000000010006768       0x28 CMakeFiles/P2.dir/Users/deemo/Desktop/workspace/pico/pico-sdk/lib/tinyusb/src/device/usbd.c.obj
                0x0000000010006768                usbd_edpt_claim
 .text.usbd_edpt_release
                0x0000000010006790       0x28 CMakeFiles/P2.dir/Users/deemo/Desktop/workspace/pico/pico-sdk/lib/tinyusb/src/device/usbd.c.obj
                0x0000000010006790                usbd_edpt_release
 .text.usbd_edpt_xfer
                0x00000000100067b8       0x4c CMakeFiles/P2.dir/Users/deemo/Desktop/workspace/pico/pico-sdk/lib/tinyusb/src/device/usbd.c.obj
                0x00000000100067b8                usbd_edpt_xfer
 .text.tud_control_status
                0x0000000010006804       0x30 CMakeFiles/P2.dir/Users/deemo/Desktop/workspace/pico/pico-sdk/lib/tinyusb/src/device/usbd_control.c.obj
                0x0000000010006804                tud_control_status
 .text.tud_control_xfer
                0x0000000010006834       0xbc CMakeFiles/P2.dir/Users/deemo/Desktop/workspace/pico/pico-sdk/lib/tinyusb/src/device/usbd_control.c.obj
                0x0000000010006834                tud_control_xfer
 .text.usbd_control_reset
                0x00000000100068f0       0x14 CMakeFiles/P2.dir/Users/deemo/Desktop/workspace/pico/pico-sdk/lib/tinyusb/src/device/usbd_control.c.obj
                0x00000000100068f0                usbd_control_reset
 .text.usbd_control_set_complete_callback
                0x0000000010006904        0xc CMakeFiles/P2.dir/Users/deemo/Desktop/workspace/pico/pico-sdk/lib/tinyusb/src/device/usbd_control.c.obj
                0x0000000010006904                usbd_control_set_complete_callback
 .text.usbd_control_set_request
                0x0000000010006910       0x1c CMakeFiles/P2.dir/Users/deemo/Desktop/workspace/pico/pico-sdk/lib/tinyusb/src/device/usbd_control.c.obj
                0x0000000010006910                usbd_control_set_request
 .text.usbd_control_xfer_cb
                0x000000001000692c       0xfc CMakeFiles/P2.dir/Users/deemo/Desktop/workspace/pico/pico-sdk/lib/tinyusb/src/device/usbd_control.c.obj
                0x000000001000692c                usbd_control_xfer_cb
 .text.tud_cdc_n_connected
                0x0000000010006a28       0x30 CMakeFiles/P2.dir/Users/deemo/Desktop/workspace/pico/pico-sdk/lib/tinyusb/src/class/cdc/cdc_device.c.obj
                0x0000000010006a28                tud_cdc_n_connected
 .text.tud_cdc_n_available
                0x0000000010006a58       0x18 CMakeFiles/P2.dir/Users/deemo/Desktop/workspace/pico/pico-sdk/lib/tinyusb/src/class/cdc/cdc_device.c.obj
                0x0000000010006a58                tud_cdc_n_available
 .text.tud_cdc_n_read
                0x0000000010006a70       0x70 CMakeFiles/P2.dir/Users/deemo/Desktop/workspace/pico/pico-sdk/lib/tinyusb/src/class/cdc/cdc_device.c.obj
                0x0000000010006a70                tud_cdc_n_read
 .text.tud_cdc_n_write_flush
                0x0000000010006ae0       0x78 CMakeFiles/P2.dir/Users/deemo/Desktop/workspace/pico/pico-sdk/lib/tinyusb/src/class/cdc/cdc_device.c.obj
                0x0000000010006ae0                tud_cdc_n_write_flush
 .text.tud_cdc_n_write
                0x0000000010006b58       0x34 CMakeFiles/P2.dir/Users/deemo/Desktop/workspace/pico/pico-sdk/lib/tinyusb/src/class/cdc/cdc_device.c.obj
                0x0000000010006b58                tud_cdc_n_write
 .text.tud_cdc_n_write_available
                0x0000000010006b8c       0x18 CMakeFiles/P2.dir/Users/deemo/Desktop/workspace/pico/pico-sdk/lib/tinyusb/src/class/cdc/cdc_device.c.obj
                0x0000000010006b8c                tud_cdc_n_write_available
 .text.cdcd_init
                0x0000000010006ba4       0x7c CMakeFiles/P2.dir/Users/deemo/Desktop/workspace/pico/pico-sdk/lib/tinyusb/src/class/cdc/cdc_device.c.obj
                0x0000000010006ba4                cdcd_init
 .text.cdcd_reset
                0x0000000010006c20       0x2c CMakeFiles/P2.dir/Users/deemo/Desktop/workspace/pico/pico-sdk/lib/tinyusb/src/class/cdc/cdc_device.c.obj
                0x0000000010006c20                cdcd_reset
 .text.cdcd_open
                0x0000000010006c4c       0xe8 CMakeFiles/P2.dir/Users/deemo/Desktop/workspace/pico/pico-sdk/lib/tinyusb/src/class/cdc/cdc_device.c.obj
                0x0000000010006c4c                cdcd_open
 .text.cdcd_control_xfer_cb
                0x0000000010006d34       0xe4 CMakeFiles/P2.dir/Users/deemo/Desktop/workspace/pico/pico-sdk/lib/tinyusb/src/class/cdc/cdc_device.c.obj
                0x0000000010006d34                cdcd_control_xfer_cb
 .text.cdcd_xfer_cb
                0x0000000010006e18      0x148 CMakeFiles/P2.dir/Users/deemo/Desktop/workspace/pico/pico-sdk/lib/tinyusb/src/class/cdc/cdc_device.c.obj
                0x0000000010006e18                cdcd_xfer_cb
 .text.tusb_init
                0x0000000010006f60        0xc CMakeFiles/P2.dir/Users/deemo/Desktop/workspace/pico/pico-sdk/lib/tinyusb/src/tusb.c.obj
                0x0000000010006f60                tusb_init
 .text.tusb_inited
                0x0000000010006f6c        0x8 CMakeFiles/P2.dir/Users/deemo/Desktop/workspace/pico/pico-sdk/lib/tinyusb/src/tusb.c.obj
                0x0000000010006f6c                tusb_inited
 .text.tu_edpt_claim
                0x0000000010006f74       0x50 CMakeFiles/P2.dir/Users/deemo/Desktop/workspace/pico/pico-sdk/lib/tinyusb/src/tusb.c.obj
                0x0000000010006f74                tu_edpt_claim
 .text.tu_edpt_release
                0x0000000010006fc4       0x38 CMakeFiles/P2.dir/Users/deemo/Desktop/workspace/pico/pico-sdk/lib/tinyusb/src/tusb.c.obj
                0x0000000010006fc4                tu_edpt_release
 .text.tu_edpt_validate
                0x0000000010006ffc       0x78 CMakeFiles/P2.dir/Users/deemo/Desktop/workspace/pico/pico-sdk/lib/tinyusb/src/tusb.c.obj
                0x0000000010006ffc                tu_edpt_validate
 .text.tu_edpt_bind_driver
                0x0000000010007074       0x34 CMakeFiles/P2.dir/Users/deemo/Desktop/workspace/pico/pico-sdk/lib/tinyusb/src/tusb.c.obj
                0x0000000010007074                tu_edpt_bind_driver
 .text.tu_fifo_config
                0x00000000100070a8       0x70 CMakeFiles/P2.dir/Users/deemo/Desktop/workspace/pico/pico-sdk/lib/tinyusb/src/common/tusb_fifo.c.obj
                0x00000000100070a8                tu_fifo_config
 .text.tu_fifo_count
                0x0000000010007118       0x2c CMakeFiles/P2.dir/Users/deemo/Desktop/workspace/pico/pico-sdk/lib/tinyusb/src/common/tusb_fifo.c.obj
                0x0000000010007118                tu_fifo_count
 .text.tu_fifo_empty
                0x0000000010007144       0x10 CMakeFiles/P2.dir/Users/deemo/Desktop/workspace/pico/pico-sdk/lib/tinyusb/src/common/tusb_fifo.c.obj
                0x0000000010007144                tu_fifo_empty
 .text.tu_fifo_remaining
                0x0000000010007154       0x2c CMakeFiles/P2.dir/Users/deemo/Desktop/workspace/pico/pico-sdk/lib/tinyusb/src/common/tusb_fifo.c.obj
                0x0000000010007154                tu_fifo_remaining
 .text.tu_fifo_read
                0x0000000010007180       0xa0 CMakeFiles/P2.dir/Users/deemo/Desktop/workspace/pico/pico-sdk/lib/tinyusb/src/common/tusb_fifo.c.obj
                0x0000000010007180                tu_fifo_read
 .text.tu_fifo_read_n
                0x0000000010007220       0xec CMakeFiles/P2.dir/Users/deemo/Desktop/workspace/pico/pico-sdk/lib/tinyusb/src/common/tusb_fifo.c.obj
                0x0000000010007220                tu_fifo_read_n
 .text.tu_fifo_write
                0x000000001000730c       0x88 CMakeFiles/P2.dir/Users/deemo/Desktop/workspace/pico/pico-sdk/lib/tinyusb/src/common/tusb_fifo.c.obj
                0x000000001000730c                tu_fifo_write
 .text.tu_fifo_write_n
                0x0000000010007394      0x168 CMakeFiles/P2.dir/Users/deemo/Desktop/workspace/pico/pico-sdk/lib/tinyusb/src/common/tusb_fifo.c.obj
                0x0000000010007394                tu_fifo_write_n
 .text.tu_fifo_clear
                0x00000000100074fc       0x40 CMakeFiles/P2.dir/Users/deemo/Desktop/workspace/pico/pico-sdk/lib/tinyusb/src/common/tusb_fifo.c.obj
                0x00000000100074fc                tu_fifo_clear
 .text.tu_fifo_set_overwritable
                0x000000001000753c       0x48 CMakeFiles/P2.dir/Users/deemo/Desktop/workspace/pico/pico-sdk/lib/tinyusb/src/common/tusb_fifo.c.obj
                0x000000001000753c                tu_fifo_set_overwritable
 .text.spi_init
                0x0000000010007584      0x138 CMakeFiles/P2.dir/Users/deemo/Desktop/workspace/pico/pico-sdk/src/rp2_common/hardware_spi/spi.c.obj
                0x0000000010007584                spi_init
 .text.cyw43_arch_set_async_context
                0x00000000100076bc        0xc CMakeFiles/P2.dir/Users/deemo/Desktop/workspace/pico/pico-sdk/src/rp2_common/pico_cyw43_arch/cyw43_arch.c.obj
                0x00000000100076bc                cyw43_arch_set_async_context
 .text.cyw43_arch_gpio_put
                0x00000000100076c8       0x14 CMakeFiles/P2.dir/Users/deemo/Desktop/workspace/pico/pico-sdk/src/rp2_common/pico_cyw43_arch/cyw43_arch.c.obj
                0x00000000100076c8                cyw43_arch_gpio_put
 .text.cyw43_arch_async_context
                0x00000000100076dc        0xc CMakeFiles/P2.dir/Users/deemo/Desktop/workspace/pico/pico-sdk/src/rp2_common/pico_cyw43_arch/cyw43_arch.c.obj
                0x00000000100076dc                cyw43_arch_async_context
 .text.cyw43_arch_init
                0x00000000100076e8       0x6c CMakeFiles/P2.dir/Users/deemo/Desktop/workspace/pico/pico-sdk/src/rp2_common/pico_cyw43_arch/cyw43_arch_threadsafe_background.c.obj
                0x00000000100076e8                cyw43_arch_init
 .text.ns_delay.constprop.0
                0x0000000010007754       0x20 CMakeFiles/P2.dir/Users/deemo/Desktop/workspace/pico/pico-sdk/src/rp2_common/pico_cyw43_driver/cyw43_bus_pio_spi.c.obj
 .text.cyw43_spi_deinit
                0x0000000010007774       0x7c CMakeFiles/P2.dir/Users/deemo/Desktop/workspace/pico/pico-sdk/src/rp2_common/pico_cyw43_driver/cyw43_bus_pio_spi.c.obj
                0x0000000010007774                cyw43_spi_deinit
 .text.cyw43_spi_init
                0x00000000100077f0      0x154 CMakeFiles/P2.dir/Users/deemo/Desktop/workspace/pico/pico-sdk/src/rp2_common/pico_cyw43_driver/cyw43_bus_pio_spi.c.obj
                0x00000000100077f0                cyw43_spi_init
 .text.cyw43_spi_transfer
                0x0000000010007944      0x430 CMakeFiles/P2.dir/Users/deemo/Desktop/workspace/pico/pico-sdk/src/rp2_common/pico_cyw43_driver/cyw43_bus_pio_spi.c.obj
                0x0000000010007944                cyw43_spi_transfer
 .text.cyw43_spi_gpio_setup
                0x0000000010007d74       0x3c CMakeFiles/P2.dir/Users/deemo/Desktop/workspace/pico/pico-sdk/src/rp2_common/pico_cyw43_driver/cyw43_bus_pio_spi.c.obj
                0x0000000010007d74                cyw43_spi_gpio_setup
 .text.cyw43_spi_reset
                0x0000000010007db0       0x28 CMakeFiles/P2.dir/Users/deemo/Desktop/workspace/pico/pico-sdk/src/rp2_common/pico_cyw43_driver/cyw43_bus_pio_spi.c.obj
                0x0000000010007db0                cyw43_spi_reset
 .text.read_reg_u32_swap
                0x0000000010007dd8       0x3c CMakeFiles/P2.dir/Users/deemo/Desktop/workspace/pico/pico-sdk/src/rp2_common/pico_cyw43_driver/cyw43_bus_pio_spi.c.obj
                0x0000000010007dd8                read_reg_u32_swap
 .text.cyw43_read_reg_u32
                0x0000000010007e14       0x6c CMakeFiles/P2.dir/Users/deemo/Desktop/workspace/pico/pico-sdk/src/rp2_common/pico_cyw43_driver/cyw43_bus_pio_spi.c.obj
                0x0000000010007e14                cyw43_read_reg_u32
 .text.cyw43_read_reg_u16
                0x0000000010007e80       0x6c CMakeFiles/P2.dir/Users/deemo/Desktop/workspace/pico/pico-sdk/src/rp2_common/pico_cyw43_driver/cyw43_bus_pio_spi.c.obj
                0x0000000010007e80                cyw43_read_reg_u16
 .text.cyw43_read_reg_u8
                0x0000000010007eec       0x6c CMakeFiles/P2.dir/Users/deemo/Desktop/workspace/pico/pico-sdk/src/rp2_common/pico_cyw43_driver/cyw43_bus_pio_spi.c.obj
                0x0000000010007eec                cyw43_read_reg_u8
 .text.write_reg_u32_swap
                0x0000000010007f58      0x1e0 CMakeFiles/P2.dir/Users/deemo/Desktop/workspace/pico/pico-sdk/src/rp2_common/pico_cyw43_driver/cyw43_bus_pio_spi.c.obj
                0x0000000010007f58                write_reg_u32_swap
 .text.cyw43_write_reg_u32
                0x0000000010008138      0x200 CMakeFiles/P2.dir/Users/deemo/Desktop/workspace/pico/pico-sdk/src/rp2_common/pico_cyw43_driver/cyw43_bus_pio_spi.c.obj
                0x0000000010008138                cyw43_write_reg_u32
 .text.cyw43_write_reg_u16
                0x0000000010008338      0x200 CMakeFiles/P2.dir/Users/deemo/Desktop/workspace/pico/pico-sdk/src/rp2_common/pico_cyw43_driver/cyw43_bus_pio_spi.c.obj
                0x0000000010008338                cyw43_write_reg_u16
 .text.cyw43_write_reg_u8
                0x0000000010008538      0x200 CMakeFiles/P2.dir/Users/deemo/Desktop/workspace/pico/pico-sdk/src/rp2_common/pico_cyw43_driver/cyw43_bus_pio_spi.c.obj
                0x0000000010008538                cyw43_write_reg_u8
 .text.cyw43_read_bytes
                0x0000000010008738       0x78 CMakeFiles/P2.dir/Users/deemo/Desktop/workspace/pico/pico-sdk/src/rp2_common/pico_cyw43_driver/cyw43_bus_pio_spi.c.obj
                0x0000000010008738                cyw43_read_bytes
 .text.cyw43_write_bytes
                0x00000000100087b0       0xec CMakeFiles/P2.dir/Users/deemo/Desktop/workspace/pico/pico-sdk/src/rp2_common/pico_cyw43_driver/cyw43_bus_pio_spi.c.obj
                0x00000000100087b0                cyw43_write_bytes
 .text.cyw43_set_backplane_window
                0x000000001000889c       0x64 CMakeFiles/P2.dir/Users/deemo/Desktop/workspace/pico/pico-sdk/lib/cyw43-driver/src/cyw43_ll.c.obj
 .text.cyw43_ll_parse_async_event
                0x0000000010008900      0x13c CMakeFiles/P2.dir/Users/deemo/Desktop/workspace/pico/pico-sdk/lib/cyw43-driver/src/cyw43_ll.c.obj
 .text.cyw43_kso_set
                0x0000000010008a3c       0xa0 CMakeFiles/P2.dir/Users/deemo/Desktop/workspace/pico/pico-sdk/lib/cyw43-driver/src/cyw43_ll.c.obj
 .text.cyw43_ll_sdpcm_poll_device
                0x0000000010008adc      0x238 CMakeFiles/P2.dir/Users/deemo/Desktop/workspace/pico/pico-sdk/lib/cyw43-driver/src/cyw43_ll.c.obj
 .text.cyw43_sdpcm_send_common
                0x0000000010008d14       0xf0 CMakeFiles/P2.dir/Users/deemo/Desktop/workspace/pico/pico-sdk/lib/cyw43-driver/src/cyw43_ll.c.obj
 .text.cyw43_do_ioctl
                0x0000000010008e04      0x110 CMakeFiles/P2.dir/Users/deemo/Desktop/workspace/pico/pico-sdk/lib/cyw43-driver/src/cyw43_ll.c.obj
 .text.cyw43_do_ioctl.constprop.0
                0x0000000010008f14      0x108 CMakeFiles/P2.dir/Users/deemo/Desktop/workspace/pico/pico-sdk/lib/cyw43-driver/src/cyw43_ll.c.obj
 .text.cyw43_read_backplane.constprop.0
                0x000000001000901c       0xdc CMakeFiles/P2.dir/Users/deemo/Desktop/workspace/pico/pico-sdk/lib/cyw43-driver/src/cyw43_ll.c.obj
 .text.reset_device_core.constprop.0
                0x00000000100090f8      0x3f0 CMakeFiles/P2.dir/Users/deemo/Desktop/workspace/pico/pico-sdk/lib/cyw43-driver/src/cyw43_ll.c.obj
 .text.cyw43_ll_init
                0x00000000100094e8       0x1c CMakeFiles/P2.dir/Users/deemo/Desktop/workspace/pico/pico-sdk/lib/cyw43-driver/src/cyw43_ll.c.obj
                0x00000000100094e8                cyw43_ll_init
 .text.cyw43_ll_deinit
                0x0000000010009504        0x8 CMakeFiles/P2.dir/Users/deemo/Desktop/workspace/pico/pico-sdk/lib/cyw43-driver/src/cyw43_ll.c.obj
                0x0000000010009504                cyw43_ll_deinit
 .text.cyw43_ll_process_packets
                0x000000001000950c       0x54 CMakeFiles/P2.dir/Users/deemo/Desktop/workspace/pico/pico-sdk/lib/cyw43-driver/src/cyw43_ll.c.obj
                0x000000001000950c                cyw43_ll_process_packets
 .text.cyw43_ll_ioctl
                0x0000000010009560       0x20 CMakeFiles/P2.dir/Users/deemo/Desktop/workspace/pico/pico-sdk/lib/cyw43-driver/src/cyw43_ll.c.obj
                0x0000000010009560                cyw43_ll_ioctl
 .text.cyw43_ll_bus_sleep
                0x0000000010009580       0x34 CMakeFiles/P2.dir/Users/deemo/Desktop/workspace/pico/pico-sdk/lib/cyw43-driver/src/cyw43_ll.c.obj
                0x0000000010009580                cyw43_ll_bus_sleep
 .text.cyw43_ll_bus_init
                0x00000000100095b4      0xbf4 CMakeFiles/P2.dir/Users/deemo/Desktop/workspace/pico/pico-sdk/lib/cyw43-driver/src/cyw43_ll.c.obj
                0x00000000100095b4                cyw43_ll_bus_init
 .text.cyw43_ll_wifi_get_mac
                0x000000001000a1a8       0x44 CMakeFiles/P2.dir/Users/deemo/Desktop/workspace/pico/pico-sdk/lib/cyw43-driver/src/cyw43_ll.c.obj
                0x000000001000a1a8                cyw43_ll_wifi_get_mac
 .text.cyw43_ll_wifi_set_wpa_auth
                0x000000001000a1ec       0x2c CMakeFiles/P2.dir/Users/deemo/Desktop/workspace/pico/pico-sdk/lib/cyw43-driver/src/cyw43_ll.c.obj
                0x000000001000a1ec                cyw43_ll_wifi_set_wpa_auth
 .text.cyw43_ll_wifi_rejoin
                0x000000001000a218       0x1c CMakeFiles/P2.dir/Users/deemo/Desktop/workspace/pico/pico-sdk/lib/cyw43-driver/src/cyw43_ll.c.obj
                0x000000001000a218                cyw43_ll_wifi_rejoin
 .text.cyw43_ll_gpio_set
                0x000000001000a234       0x6c CMakeFiles/P2.dir/Users/deemo/Desktop/workspace/pico/pico-sdk/lib/cyw43-driver/src/cyw43_ll.c.obj
                0x000000001000a234                cyw43_ll_gpio_set
 .text.cyw43_ll_has_work
                0x000000001000a2a0       0x14 CMakeFiles/P2.dir/Users/deemo/Desktop/workspace/pico/pico-sdk/lib/cyw43-driver/src/cyw43_ll.c.obj
                0x000000001000a2a0                cyw43_ll_has_work
 .text.cyw43_poll_func
                0x000000001000a2b4       0xc0 CMakeFiles/P2.dir/Users/deemo/Desktop/workspace/pico/pico-sdk/lib/cyw43-driver/src/cyw43_ctrl.c.obj
 .text.cyw43_init
                0x000000001000a374       0x6c CMakeFiles/P2.dir/Users/deemo/Desktop/workspace/pico/pico-sdk/lib/cyw43-driver/src/cyw43_ctrl.c.obj
                0x000000001000a374                cyw43_init
 .text.cyw43_deinit
                0x000000001000a3e0       0x90 CMakeFiles/P2.dir/Users/deemo/Desktop/workspace/pico/pico-sdk/lib/cyw43-driver/src/cyw43_ctrl.c.obj
                0x000000001000a3e0                cyw43_deinit
 .text.cyw43_cb_read_host_interrupt_pin
                0x000000001000a470        0xc CMakeFiles/P2.dir/Users/deemo/Desktop/workspace/pico/pico-sdk/lib/cyw43-driver/src/cyw43_ctrl.c.obj
                0x000000001000a470                cyw43_cb_read_host_interrupt_pin
 .text.cyw43_cb_ensure_awake
                0x000000001000a47c        0xc CMakeFiles/P2.dir/Users/deemo/Desktop/workspace/pico/pico-sdk/lib/cyw43-driver/src/cyw43_ctrl.c.obj
                0x000000001000a47c                cyw43_cb_ensure_awake
 .text.cyw43_cb_process_async_event
                0x000000001000a488      0x228 CMakeFiles/P2.dir/Users/deemo/Desktop/workspace/pico/pico-sdk/lib/cyw43-driver/src/cyw43_ctrl.c.obj
                0x000000001000a488                cyw43_cb_process_async_event
 .text.cyw43_gpio_set
                0x000000001000a6b0       0xa0 CMakeFiles/P2.dir/Users/deemo/Desktop/workspace/pico/pico-sdk/lib/cyw43-driver/src/cyw43_ctrl.c.obj
                0x000000001000a6b0                cyw43_gpio_set
 .text.pio_sm_unclaim
                0x000000001000a750       0x20 CMakeFiles/P2.dir/Users/deemo/Desktop/workspace/pico/pico-sdk/src/rp2_common/hardware_pio/pio.c.obj
                0x000000001000a750                pio_sm_unclaim
 .text.pio_claim_unused_sm
                0x000000001000a770       0x3c CMakeFiles/P2.dir/Users/deemo/Desktop/workspace/pico/pico-sdk/src/rp2_common/hardware_pio/pio.c.obj
                0x000000001000a770                pio_claim_unused_sm
 .text.pio_can_add_program
                0x000000001000a7ac       0x68 CMakeFiles/P2.dir/Users/deemo/Desktop/workspace/pico/pico-sdk/src/rp2_common/hardware_pio/pio.c.obj
                0x000000001000a7ac                pio_can_add_program
 .text.pio_add_program
                0x000000001000a814       0xc8 CMakeFiles/P2.dir/Users/deemo/Desktop/workspace/pico/pico-sdk/src/rp2_common/hardware_pio/pio.c.obj
                0x000000001000a814                pio_add_program
 .text.pio_remove_program
                0x000000001000a8dc       0x34 CMakeFiles/P2.dir/Users/deemo/Desktop/workspace/pico/pico-sdk/src/rp2_common/hardware_pio/pio.c.obj
                0x000000001000a8dc                pio_remove_program
 .text.pio_sm_set_pindirs_with_mask
                0x000000001000a910       0xa4 CMakeFiles/P2.dir/Users/deemo/Desktop/workspace/pico/pico-sdk/src/rp2_common/hardware_pio/pio.c.obj
                0x000000001000a910                pio_sm_set_pindirs_with_mask
 .text.pio_sm_set_consecutive_pindirs
                0x000000001000a9b4       0xb0 CMakeFiles/P2.dir/Users/deemo/Desktop/workspace/pico/pico-sdk/src/rp2_common/hardware_pio/pio.c.obj
                0x000000001000a9b4                pio_sm_set_consecutive_pindirs
 .text.dma_channel_unclaim
                0x000000001000aa64       0x10 CMakeFiles/P2.dir/Users/deemo/Desktop/workspace/pico/pico-sdk/src/rp2_common/hardware_dma/dma.c.obj
                0x000000001000aa64                dma_channel_unclaim
 .text.dma_claim_unused_channel
                0x000000001000aa74       0x20 CMakeFiles/P2.dir/Users/deemo/Desktop/workspace/pico/pico-sdk/src/rp2_common/hardware_dma/dma.c.obj
                0x000000001000aa74                dma_claim_unused_channel
 .text.dma_channel_cleanup
                0x000000001000aa94       0x60 CMakeFiles/P2.dir/Users/deemo/Desktop/workspace/pico/pico-sdk/src/rp2_common/hardware_dma/dma.c.obj
                0x000000001000aa94                dma_channel_cleanup
 .text.cyw43_sleep_timeout_reached
                0x000000001000aaf4       0x10 CMakeFiles/P2.dir/Users/deemo/Desktop/workspace/pico/pico-sdk/src/rp2_common/pico_cyw43_driver/cyw43_driver.c.obj
 .text.cyw43_irq_init
                0x000000001000ab04       0x28 CMakeFiles/P2.dir/Users/deemo/Desktop/workspace/pico/pico-sdk/src/rp2_common/pico_cyw43_driver/cyw43_driver.c.obj
                0x000000001000ab04                cyw43_irq_init
 .text.cyw43_irq_deinit
                0x000000001000ab2c       0x20 CMakeFiles/P2.dir/Users/deemo/Desktop/workspace/pico/pico-sdk/src/rp2_common/pico_cyw43_driver/cyw43_driver.c.obj
                0x000000001000ab2c                cyw43_irq_deinit
 .text.cyw43_gpio_irq_handler
                0x000000001000ab4c       0x44 CMakeFiles/P2.dir/Users/deemo/Desktop/workspace/pico/pico-sdk/src/rp2_common/pico_cyw43_driver/cyw43_driver.c.obj
 .text.cyw43_do_poll
                0x000000001000ab90       0x6c CMakeFiles/P2.dir/Users/deemo/Desktop/workspace/pico/pico-sdk/src/rp2_common/pico_cyw43_driver/cyw43_driver.c.obj
 .text.cyw43_post_poll_hook
                0x000000001000abfc       0x10 CMakeFiles/P2.dir/Users/deemo/Desktop/workspace/pico/pico-sdk/src/rp2_common/pico_cyw43_driver/cyw43_driver.c.obj
                0x000000001000abfc                cyw43_post_poll_hook
 .text.cyw43_schedule_internal_poll_dispatch
                0x000000001000ac0c       0x18 CMakeFiles/P2.dir/Users/deemo/Desktop/workspace/pico/pico-sdk/src/rp2_common/pico_cyw43_driver/cyw43_driver.c.obj
                0x000000001000ac0c                cyw43_schedule_internal_poll_dispatch
 .text.cyw43_driver_init
                0x000000001000ac24       0x38 CMakeFiles/P2.dir/Users/deemo/Desktop/workspace/pico/pico-sdk/src/rp2_common/pico_cyw43_driver/cyw43_driver.c.obj
                0x000000001000ac24                cyw43_driver_init
 .text.cyw43_driver_deinit
                0x000000001000ac5c       0x44 CMakeFiles/P2.dir/Users/deemo/Desktop/workspace/pico/pico-sdk/src/rp2_common/pico_cyw43_driver/cyw43_driver.c.obj
                0x000000001000ac5c                cyw43_driver_deinit
 .text.cyw43_hal_generate_laa_mac
                0x000000001000aca0       0x28 CMakeFiles/P2.dir/Users/deemo/Desktop/workspace/pico/pico-sdk/src/rp2_common/pico_cyw43_driver/cyw43_driver.c.obj
                0x000000001000aca0                cyw43_hal_generate_laa_mac
 .text.cyw43_thread_enter
                0x000000001000acc8       0x14 CMakeFiles/P2.dir/Users/deemo/Desktop/workspace/pico/pico-sdk/src/rp2_common/pico_cyw43_driver/cyw43_driver.c.obj
                0x000000001000acc8                cyw43_thread_enter
 .text.cyw43_thread_exit
                0x000000001000acdc       0x14 CMakeFiles/P2.dir/Users/deemo/Desktop/workspace/pico/pico-sdk/src/rp2_common/pico_cyw43_driver/cyw43_driver.c.obj
                0x000000001000acdc                cyw43_thread_exit
 .text.cyw43_await_background_or_timeout_us
                0x000000001000acf0       0x34 CMakeFiles/P2.dir/Users/deemo/Desktop/workspace/pico/pico-sdk/src/rp2_common/pico_cyw43_driver/cyw43_driver.c.obj
                0x000000001000acf0                cyw43_await_background_or_timeout_us
 .text.cyw43_delay_ms
                0x000000001000ad24       0x44 CMakeFiles/P2.dir/Users/deemo/Desktop/workspace/pico/pico-sdk/src/rp2_common/pico_cyw43_driver/cyw43_driver.c.obj
                0x000000001000ad24                cyw43_delay_ms
 .text.cyw43_cb_tcpip_deinit
                0x000000001000ad68        0x4 CMakeFiles/P2.dir/Users/deemo/Desktop/workspace/pico/pico-sdk/src/rp2_common/pico_cyw43_driver/cyw43_driver.c.obj
                0x000000001000ad68                cyw43_cb_tcpip_deinit
 .text.cyw43_cb_tcpip_set_link_up
                0x000000001000ad6c        0xc CMakeFiles/P2.dir/Users/deemo/Desktop/workspace/pico/pico-sdk/src/rp2_common/pico_cyw43_driver/cyw43_driver.c.obj
                0x000000001000ad6c                cyw43_cb_tcpip_set_link_up
 .text.cyw43_cb_tcpip_set_link_down
                0x000000001000ad78        0xc CMakeFiles/P2.dir/Users/deemo/Desktop/workspace/pico/pico-sdk/src/rp2_common/pico_cyw43_driver/cyw43_driver.c.obj
                0x000000001000ad78                cyw43_cb_tcpip_set_link_down
 .text.cyw43_cb_process_ethernet
                0x000000001000ad84        0xc CMakeFiles/P2.dir/Users/deemo/Desktop/workspace/pico/pico-sdk/src/rp2_common/pico_cyw43_driver/cyw43_driver.c.obj
                0x000000001000ad84                cyw43_cb_process_ethernet
 .text.async_context_threadsafe_background_acquire_lock_blocking
                0x000000001000ad90        0xc CMakeFiles/P2.dir/Users/deemo/Desktop/workspace/pico/pico-sdk/src/rp2_common/pico_async_context/async_context_threadsafe_background.c.obj
 .text.alarm_handler
                0x000000001000ad9c       0x20 CMakeFiles/P2.dir/Users/deemo/Desktop/workspace/pico/pico-sdk/src/rp2_common/pico_async_context/async_context_threadsafe_background.c.obj
 .text.async_context_threadsafe_background_set_work_pending
                0x000000001000adbc       0x1c CMakeFiles/P2.dir/Users/deemo/Desktop/workspace/pico/pico-sdk/src/rp2_common/pico_async_context/async_context_threadsafe_background.c.obj
 .text.process_under_lock
                0x000000001000add8       0xc8 CMakeFiles/P2.dir/Users/deemo/Desktop/workspace/pico/pico-sdk/src/rp2_common/pico_async_context/async_context_threadsafe_background.c.obj
 .text.async_context_threadsafe_background_execute_sync
                0x000000001000aea0       0x30 CMakeFiles/P2.dir/Users/deemo/Desktop/workspace/pico/pico-sdk/src/rp2_common/pico_async_context/async_context_threadsafe_background.c.obj
                0x000000001000aea0                async_context_threadsafe_background_execute_sync
 .text.async_context_threadsafe_background_deinit
                0x000000001000aed0       0x54 CMakeFiles/P2.dir/Users/deemo/Desktop/workspace/pico/pico-sdk/src/rp2_common/pico_async_context/async_context_threadsafe_background.c.obj
 .text.low_priority_irq_handler
                0x000000001000af24       0x3c CMakeFiles/P2.dir/Users/deemo/Desktop/workspace/pico/pico-sdk/src/rp2_common/pico_async_context/async_context_threadsafe_background.c.obj
 .text.async_context_threadsafe_background_wait_for_work_until
                0x000000001000af60        0xc CMakeFiles/P2.dir/Users/deemo/Desktop/workspace/pico/pico-sdk/src/rp2_common/pico_async_context/async_context_threadsafe_background.c.obj
 .text.async_context_threadsafe_background_wait_until
                0x000000001000af6c       0x1c CMakeFiles/P2.dir/Users/deemo/Desktop/workspace/pico/pico-sdk/src/rp2_common/pico_async_context/async_context_threadsafe_background.c.obj
 .text.async_context_threadsafe_background_lock_check
                0x000000001000af88       0x28 CMakeFiles/P2.dir/Users/deemo/Desktop/workspace/pico/pico-sdk/src/rp2_common/pico_async_context/async_context_threadsafe_background.c.obj
 .text.async_context_threadsafe_background_release_lock
                0x000000001000afb0       0x1c CMakeFiles/P2.dir/Users/deemo/Desktop/workspace/pico/pico-sdk/src/rp2_common/pico_async_context/async_context_threadsafe_background.c.obj
 .text.async_context_threadsafe_background_when_pending_worker
                0x000000001000afcc       0x34 CMakeFiles/P2.dir/Users/deemo/Desktop/workspace/pico/pico-sdk/src/rp2_common/pico_async_context/async_context_threadsafe_background.c.obj
 .text.async_context_threadsafe_background_remove_at_time_worker
                0x000000001000b000       0x34 CMakeFiles/P2.dir/Users/deemo/Desktop/workspace/pico/pico-sdk/src/rp2_common/pico_async_context/async_context_threadsafe_background.c.obj
 .text.async_context_threadsafe_background_add_when_pending_worker
                0x000000001000b034       0x34 CMakeFiles/P2.dir/Users/deemo/Desktop/workspace/pico/pico-sdk/src/rp2_common/pico_async_context/async_context_threadsafe_background.c.obj
 .text.async_context_threadsafe_background_add_at_time_worker
                0x000000001000b068       0x34 CMakeFiles/P2.dir/Users/deemo/Desktop/workspace/pico/pico-sdk/src/rp2_common/pico_async_context/async_context_threadsafe_background.c.obj
 .text.async_context_threadsafe_background_default_config
                0x000000001000b09c        0xc CMakeFiles/P2.dir/Users/deemo/Desktop/workspace/pico/pico-sdk/src/rp2_common/pico_async_context/async_context_threadsafe_background.c.obj
                0x000000001000b09c                async_context_threadsafe_background_default_config
 .text.async_context_threadsafe_background_init
                0x000000001000b0a8       0x8c CMakeFiles/P2.dir/Users/deemo/Desktop/workspace/pico/pico-sdk/src/rp2_common/pico_async_context/async_context_threadsafe_background.c.obj
                0x000000001000b0a8                async_context_threadsafe_background_init
 .text.async_context_base_add_at_time_worker
                0x000000001000b134       0x28 CMakeFiles/P2.dir/Users/deemo/Desktop/workspace/pico/pico-sdk/src/rp2_common/pico_async_context/async_context_base.c.obj
                0x000000001000b134                async_context_base_add_at_time_worker
 .text.async_context_base_remove_at_time_worker
                0x000000001000b15c       0x28 CMakeFiles/P2.dir/Users/deemo/Desktop/workspace/pico/pico-sdk/src/rp2_common/pico_async_context/async_context_base.c.obj
                0x000000001000b15c                async_context_base_remove_at_time_worker
 .text.async_context_base_add_when_pending_worker
                0x000000001000b184       0x24 CMakeFiles/P2.dir/Users/deemo/Desktop/workspace/pico/pico-sdk/src/rp2_common/pico_async_context/async_context_base.c.obj
                0x000000001000b184                async_context_base_add_when_pending_worker
 .text.async_context_base_remove_when_pending_worker
                0x000000001000b1a8       0x28 CMakeFiles/P2.dir/Users/deemo/Desktop/workspace/pico/pico-sdk/src/rp2_common/pico_async_context/async_context_base.c.obj
                0x000000001000b1a8                async_context_base_remove_when_pending_worker
 .text.async_context_base_execute_once
                0x000000001000b1d0       0xe8 CMakeFiles/P2.dir/Users/deemo/Desktop/workspace/pico/pico-sdk/src/rp2_common/pico_async_context/async_context_base.c.obj
                0x000000001000b1d0                async_context_base_execute_once
 .text.atoi     0x000000001000b2b8        0xc /opt/homebrew/Cellar/arm-none-eabi-gcc/10-2020-q4-major/gcc/bin/../lib/gcc/arm-none-eabi/10.2.1/../../../../arm-none-eabi/lib/thumb/v6-m/nofp/libc.a(lib_a-atoi.o)
                0x000000001000b2b8                atoi
 .text.strlen   0x000000001000b2c4       0x5c /opt/homebrew/Cellar/arm-none-eabi-gcc/10-2020-q4-major/gcc/bin/../lib/gcc/arm-none-eabi/10.2.1/../../../../arm-none-eabi/lib/thumb/v6-m/nofp/libc.a(lib_a-strlen-stub.o)
                0x000000001000b2c4                strlen
 .text.strncmp  0x000000001000b320       0x74 /opt/homebrew/Cellar/arm-none-eabi-gcc/10-2020-q4-major/gcc/bin/../lib/gcc/arm-none-eabi/10.2.1/../../../../arm-none-eabi/lib/thumb/v6-m/nofp/libc.a(lib_a-strncmp.o)
                0x000000001000b320                strncmp
 .text._strtol_l.part.0
                0x000000001000b394      0x144 /opt/homebrew/Cellar/arm-none-eabi-gcc/10-2020-q4-major/gcc/bin/../lib/gcc/arm-none-eabi/10.2.1/../../../../arm-none-eabi/lib/thumb/v6-m/nofp/libc.a(lib_a-strtol.o)
 .text.strtol   0x000000001000b4d8       0x2c /opt/homebrew/Cellar/arm-none-eabi-gcc/10-2020-q4-major/gcc/bin/../lib/gcc/arm-none-eabi/10.2.1/../../../../arm-none-eabi/lib/thumb/v6-m/nofp/libc.a(lib_a-strtol.o)
                0x000000001000b4d8                strtol
 .text.__errno  0x000000001000b504        0xc /opt/homebrew/Cellar/arm-none-eabi-gcc/10-2020-q4-major/gcc/bin/../lib/gcc/arm-none-eabi/10.2.1/../../../../arm-none-eabi/lib/thumb/v6-m/nofp/libc.a(lib_a-errno.o)
                0x000000001000b504                __errno
 *(.fini)
 .fini          0x000000001000b510        0x4 /opt/homebrew/Cellar/arm-none-eabi-gcc/10-2020-q4-major/gcc/bin/../lib/gcc/arm-none-eabi/10.2.1/thumb/v6-m/nofp/crti.o
                0x000000001000b510                _fini
 *fill*         0x000000001000b514        0x4 
 .fini.__stub   0x000000001000b518      0x150 linker stubs
 *crtbegin.o(.ctors)
 *crtbegin?.o(.ctors)
 *(EXCLUDE_FILE(*crtend.o *crtend?.o) .ctors)
 *(SORT_BY_NAME(.ctors.*))
 *(.ctors)
 *crtbegin.o(.dtors)
 *crtbegin?.o(.dtors)
 *(EXCLUDE_FILE(*crtend.o *crtend?.o) .dtors)
 *(SORT_BY_NAME(.dtors.*))
 *(.dtors)
 *(.eh_frame*)
 .eh_frame      0x000000001000b668        0x0 /opt/homebrew/Cellar/arm-none-eabi-gcc/10-2020-q4-major/gcc/bin/../lib/gcc/arm-none-eabi/10.2.1/thumb/v6-m/nofp/crtbegin.o
                0x000000001000b668                . = ALIGN (0x4)

.glue_7         0x000000001000b668        0x0
 .glue_7        0x000000001000b668        0x0 linker stubs

.glue_7t        0x000000001000b668        0x0
 .glue_7t       0x000000001000b668        0x0 linker stubs

.vfp11_veneer   0x000000001000b668        0x0
 .vfp11_veneer  0x000000001000b668        0x0 linker stubs

.v4_bx          0x000000001000b668        0x0
 .v4_bx         0x000000001000b668        0x0 linker stubs

.iplt           0x000000001000b668        0x0
 .iplt          0x000000001000b668        0x0 /opt/homebrew/Cellar/arm-none-eabi-gcc/10-2020-q4-major/gcc/bin/../lib/gcc/arm-none-eabi/10.2.1/thumb/v6-m/nofp/crtbegin.o

.rodata         0x000000001000b668    0x37fc0
 *(EXCLUDE_FILE(*libm.a: *libc.a:*lib_a-mem*.o *libgcc.a:) .rodata*)
 .rodata.main.str1.4
                0x000000001000b668      0x108 CMakeFiles/P2.dir/P2.c.obj
 .rodata        0x000000001000b770       0x10 CMakeFiles/P2.dir/P2.c.obj
 .rodata.spin_lock_claim_unused.str1.4
                0x000000001000b780       0x1b CMakeFiles/P2.dir/Users/deemo/Desktop/workspace/pico/pico-sdk/src/rp2_common/hardware_sync/sync.c.obj
 *fill*         0x000000001000b79b        0x1 
 .rodata.user_irq_claim_unused.str1.4
                0x000000001000b79c       0x1b CMakeFiles/P2.dir/Users/deemo/Desktop/workspace/pico/pico-sdk/src/rp2_common/hardware_irq/irq.c.obj
 *fill*         0x000000001000b7b7        0x1 
 .rodata.at_the_end_of_time
                0x000000001000b7b8        0x8 CMakeFiles/P2.dir/Users/deemo/Desktop/workspace/pico/pico-sdk/src/common/pico_time/time.c.obj
                0x000000001000b7b8                at_the_end_of_time
 .rodata.hardware_alarm_claim.str1.4
                0x000000001000b7c0       0x22 CMakeFiles/P2.dir/Users/deemo/Desktop/workspace/pico/pico-sdk/src/rp2_common/hardware_timer/timer.c.obj
 *fill*         0x000000001000b7e2        0x2 
 .rodata.panic.str1.4
                0x000000001000b7e4       0x10 CMakeFiles/P2.dir/Users/deemo/Desktop/workspace/pico/pico-sdk/src/rp2_common/pico_runtime/runtime.c.obj
                                         0x12 (size before relaxing)
 .rodata.hard_assertion_failure.str1.4
                0x000000001000b7f4        0xc CMakeFiles/P2.dir/Users/deemo/Desktop/workspace/pico/pico-sdk/src/rp2_common/pico_runtime/runtime.c.obj
 .rodata._ftoa.str1.4
                0x000000001000b800       0x15 CMakeFiles/P2.dir/Users/deemo/Desktop/workspace/pico/pico-sdk/src/rp2_common/pico_printf/printf.c.obj
 *fill*         0x000000001000b815        0x3 
 .rodata._vsnprintf
                0x000000001000b818      0x1e0 CMakeFiles/P2.dir/Users/deemo/Desktop/workspace/pico/pico-sdk/src/rp2_common/pico_printf/printf.c.obj
 .rodata.pow10.0
                0x000000001000b9f8       0x50 CMakeFiles/P2.dir/Users/deemo/Desktop/workspace/pico/pico-sdk/src/rp2_common/pico_printf/printf.c.obj
 .rodata.missing_double_func_shim.str1.4
                0x000000001000ba48       0x18 CMakeFiles/P2.dir/Users/deemo/Desktop/workspace/pico/pico-sdk/src/rp2_common/pico_double/double_init_rom.c.obj
 .rodata.missing_float_func_shim.str1.4
                0x000000001000ba60       0x18 CMakeFiles/P2.dir/Users/deemo/Desktop/workspace/pico/pico-sdk/src/rp2_common/pico_float/float_init_rom.c.obj
                                          0x1 (size before relaxing)
 .rodata.str1.4
                0x000000001000ba60       0x38 CMakeFiles/P2.dir/Users/deemo/Desktop/workspace/pico/pico-sdk/src/rp2_common/pico_standard_link/binary_info.c.obj
 .rodata.__bi_44
                0x000000001000ba98        0xc CMakeFiles/P2.dir/Users/deemo/Desktop/workspace/pico/pico-sdk/src/rp2_common/pico_standard_link/binary_info.c.obj
 .rodata.__bi_75
                0x000000001000baa4        0xc CMakeFiles/P2.dir/Users/deemo/Desktop/workspace/pico/pico-sdk/src/rp2_common/pico_standard_link/binary_info.c.obj
 .rodata.__bi_81
                0x000000001000bab0        0xc CMakeFiles/P2.dir/Users/deemo/Desktop/workspace/pico/pico-sdk/src/rp2_common/pico_standard_link/binary_info.c.obj
 .rodata.crlf_str.0
                0x000000001000babc        0x2 CMakeFiles/P2.dir/Users/deemo/Desktop/workspace/pico/pico-sdk/src/rp2_common/pico_stdio/stdio.c.obj
 *fill*         0x000000001000babe        0x2 
 .rodata._resetd_driver
                0x000000001000bac0       0x18 CMakeFiles/P2.dir/Users/deemo/Desktop/workspace/pico/pico-sdk/src/rp2_common/pico_stdio_usb/reset_interface.c.obj
 .rodata.str1.4
                0x000000001000bad8       0x13 CMakeFiles/P2.dir/Users/deemo/Desktop/workspace/pico/pico-sdk/src/rp2_common/pico_stdio_usb/stdio_usb.c.obj
 *fill*         0x000000001000baeb        0x1 
 .rodata.__bi_182.0
                0x000000001000baec        0xc CMakeFiles/P2.dir/Users/deemo/Desktop/workspace/pico/pico-sdk/src/rp2_common/pico_stdio_usb/stdio_usb.c.obj
 .rodata.str1.4
                0x000000001000baf8       0x2a CMakeFiles/P2.dir/Users/deemo/Desktop/workspace/pico/pico-sdk/src/rp2_common/pico_stdio_usb/stdio_usb_descriptors.c.obj
 *fill*         0x000000001000bb22        0x2 
 .rodata.usbd_desc_cfg
                0x000000001000bb24       0x54 CMakeFiles/P2.dir/Users/deemo/Desktop/workspace/pico/pico-sdk/src/rp2_common/pico_stdio_usb/stdio_usb_descriptors.c.obj
 .rodata.usbd_desc_device
                0x000000001000bb78       0x12 CMakeFiles/P2.dir/Users/deemo/Desktop/workspace/pico/pico-sdk/src/rp2_common/pico_stdio_usb/stdio_usb_descriptors.c.obj
 *fill*         0x000000001000bb8a        0x2 
 .rodata.usbd_desc_str
                0x000000001000bb8c       0x18 CMakeFiles/P2.dir/Users/deemo/Desktop/workspace/pico/pico-sdk/src/rp2_common/pico_stdio_usb/stdio_usb_descriptors.c.obj
 .rodata.str1.4
                0x000000001000bba4       0x14 CMakeFiles/P2.dir/Users/deemo/Desktop/workspace/pico/pico-sdk/lib/tinyusb/src/portable/raspberrypi/rp2040/dcd_rp2040.c.obj
 .rodata.str1.4
                0x000000001000bbb8       0x4f CMakeFiles/P2.dir/Users/deemo/Desktop/workspace/pico/pico-sdk/lib/tinyusb/src/portable/raspberrypi/rp2040/rp2040_usb.c.obj
                                         0x53 (size before relaxing)
 *fill*         0x000000001000bc07        0x1 
 .rodata.tud_task_ext
                0x000000001000bc08       0x8c CMakeFiles/P2.dir/Users/deemo/Desktop/workspace/pico/pico-sdk/lib/tinyusb/src/device/usbd.c.obj
 .rodata._usbd_driver
                0x000000001000bc94       0x18 CMakeFiles/P2.dir/Users/deemo/Desktop/workspace/pico/pico-sdk/lib/tinyusb/src/device/usbd.c.obj
 .rodata.cyw43_read_bytes.str1.4
                0x000000001000bcac       0x1a CMakeFiles/P2.dir/Users/deemo/Desktop/workspace/pico/pico-sdk/src/rp2_common/pico_cyw43_driver/cyw43_bus_pio_spi.c.obj
 .rodata.cyw43_write_bytes.str1.4
                0x000000001000bcc6       0x1a CMakeFiles/P2.dir/Users/deemo/Desktop/workspace/pico/pico-sdk/src/rp2_common/pico_cyw43_driver/cyw43_bus_pio_spi.c.obj
                                          0xd (size before relaxing)
 *fill*         0x000000001000bcc6        0x2 
 .rodata.spi_gap01_sample0_program
                0x000000001000bcc8        0x6 CMakeFiles/P2.dir/Users/deemo/Desktop/workspace/pico/pico-sdk/src/rp2_common/pico_cyw43_driver/cyw43_bus_pio_spi.c.obj
 *fill*         0x000000001000bcce        0x2 
 .rodata.spi_gap01_sample0_program_instructions
                0x000000001000bcd0        0xc CMakeFiles/P2.dir/Users/deemo/Desktop/workspace/pico/pico-sdk/src/rp2_common/pico_cyw43_driver/cyw43_bus_pio_spi.c.obj
 .rodata.cyw43_kso_set.str1.4
                0x000000001000bcdc       0x23 CMakeFiles/P2.dir/Users/deemo/Desktop/workspace/pico/pico-sdk/lib/cyw43-driver/src/cyw43_ll.c.obj
 *fill*         0x000000001000bcff        0x1 
 .rodata.cyw43_ll_sdpcm_poll_device.str1.4
                0x000000001000bd00       0x55 CMakeFiles/P2.dir/Users/deemo/Desktop/workspace/pico/pico-sdk/lib/cyw43-driver/src/cyw43_ll.c.obj
 *fill*         0x000000001000bd55        0x3 
 .rodata.cyw43_sdpcm_send_common.str1.4
                0x000000001000bd58       0x22 CMakeFiles/P2.dir/Users/deemo/Desktop/workspace/pico/pico-sdk/lib/cyw43-driver/src/cyw43_ll.c.obj
 *fill*         0x000000001000bd7a        0x2 
 .rodata.cyw43_do_ioctl.str1.4
                0x000000001000bd7c       0x53 CMakeFiles/P2.dir/Users/deemo/Desktop/workspace/pico/pico-sdk/lib/cyw43-driver/src/cyw43_ll.c.obj
 *fill*         0x000000001000bdcf        0x1 
 .rodata.reset_device_core.constprop.0.str1.4
                0x000000001000bdd0       0x1a CMakeFiles/P2.dir/Users/deemo/Desktop/workspace/pico/pico-sdk/lib/cyw43-driver/src/cyw43_ll.c.obj
 *fill*         0x000000001000bdea        0x2 
 .rodata.cyw43_ll_bus_init.str1.4
                0x000000001000bdec       0xfe CMakeFiles/P2.dir/Users/deemo/Desktop/workspace/pico/pico-sdk/lib/cyw43-driver/src/cyw43_ll.c.obj
 *fill*         0x000000001000beea        0x2 
 .rodata.cyw43_ll_gpio_set.str1.4
                0x000000001000beec        0x8 CMakeFiles/P2.dir/Users/deemo/Desktop/workspace/pico/pico-sdk/lib/cyw43-driver/src/cyw43_ll.c.obj
 .rodata        0x000000001000bef4       0x72 CMakeFiles/P2.dir/Users/deemo/Desktop/workspace/pico/pico-sdk/lib/cyw43-driver/src/cyw43_ll.c.obj
 *fill*         0x000000001000bf66        0x2 
 .rodata.w43439A0_7_95_49_00_combined
                0x000000001000bf68    0x36fd8 CMakeFiles/P2.dir/Users/deemo/Desktop/workspace/pico/pico-sdk/lib/cyw43-driver/src/cyw43_ll.c.obj
 .rodata.wifi_nvram_4343
                0x0000000010042f40      0x2e7 CMakeFiles/P2.dir/Users/deemo/Desktop/workspace/pico/pico-sdk/lib/cyw43-driver/src/cyw43_ll.c.obj
 *fill*         0x0000000010043227        0x1 
 .rodata.cyw43_cb_process_async_event.str1.4
                0x0000000010043228       0x28 CMakeFiles/P2.dir/Users/deemo/Desktop/workspace/pico/pico-sdk/lib/cyw43-driver/src/cyw43_ctrl.c.obj
 .rodata.str1.4
                0x0000000010043250       0x9e CMakeFiles/P2.dir/Users/deemo/Desktop/workspace/pico/pico-sdk/lib/cyw43-driver/src/cyw43_ctrl.c.obj
 *fill*         0x00000000100432ee        0x2 
 .rodata.cyw43_async_event_name_table
                0x00000000100432f0      0x164 CMakeFiles/P2.dir/Users/deemo/Desktop/workspace/pico/pico-sdk/lib/cyw43-driver/src/cyw43_ctrl.c.obj
 .rodata.pio_claim_unused_sm.str1.4
                0x0000000010043454       0x24 CMakeFiles/P2.dir/Users/deemo/Desktop/workspace/pico/pico-sdk/src/rp2_common/hardware_pio/pio.c.obj
 .rodata.pio_add_program.str1.4
                0x0000000010043478       0x11 CMakeFiles/P2.dir/Users/deemo/Desktop/workspace/pico/pico-sdk/src/rp2_common/hardware_pio/pio.c.obj
 *fill*         0x0000000010043489        0x3 
 .rodata.dma_claim_unused_channel.str1.4